npm warn Unknown project config "strict-peer-dependencies". This will stop working in the next major version of npm. See `npm help npmrc` for supported config options.

  GitNexus Analyzer (1.6.12)

  GitNexus Analyzer (1.6.12)
[2K  Skipped 8 large files (>512KB, likely generated/vendored)
[2K  - diagnostics/phase5/runtime-impacts.json
[2K  - diagnostics/phase6/real-smoke-python-3.12.12/operation-2.log
[2K  - diagnostics/phase6/real-smoke/operation-2.log
[2K  - diagnostics/phase7/managed-runtime/operation-2.log
[2K  - diagnostics/phase7/real-operation-logs/runtime-operation-2.log
[2K  ...and 3 more (set GITNEXUS_VERBOSE=1 to list them all)
[2K  Set GITNEXUS_MAX_FILE_SIZE=<KB> to include files above the default cap.
{"level":40,"time":1789500115068,"name":"gitnexus","msg":"[scope-resolution] 1586 property read/write site(s) name a field that IS defined in this workspace, but only in another language, so per-language inference declined to link them. Queries for these fields return an empty result that does NOT mean \"unused\" — it means the definition anchor is in a different language. Affected: BACK_PORT (javascript), BIND_HOST (javascript), BIND_HOST_GRPC (javascript), GRPC_PORT (javascript), JSON (javascript), JWT_SECRET (javascript), NODE_ENV (javascript), QL_CONTAINER (javascript), QL_DATA_DIR (javascript), QL_DIR (javascript), …"}
{"level":40,"time":1789500115313,"name":"gitnexus","truncation":{"truncated":true,"entryPointCandidatesDropped":1009,"entryPointsUnexplored":0,"walksCutByBudget":40,"tracesDepthCapped":0,"calleesDropped":1398,"processesDropped":0},"msg":"[processes] 440 flows reported, but whole flows are MISSING: 1009 of 1209 candidate entry point(s) never ranked in, 0 ranked entry point(s) never traced, 0 deduplicated flow(s) dropped at maxProcesses, 0 trace(s) cut at maxTraceDepth, 1398 callee(s) skipped at maxBranching, 40 walk(s) cut by the per-entry trace budget. An absent flow does NOT mean the code path does not exist."}
[2KIncremental: changed=84, added=94, deleted=0 (skipping wipe + 1298 unchanged file rows preserved)
[2KIncremental: +72 importer(s) added to writable set (BFS depth ≤ 4)
{"level":30,"time":1789500124017,"name":"gitnexus","msg":"name-fallback resolution: 152 call sites (79 distinct caller-file/name pairs), 15 refused as impossible (guessed/refused by language: javascript 152/15)"}
[2KParse cache: pruned 87 stale chunk entries

  Repository indexed successfully (26.4s)

  11,965 nodes | 30,845 edges | 443 clusters | 440 flows
  /Users/jonhy/PersonalDatas/Codes/github/anysoft/qinglong

