npm warn Unknown project config "strict-peer-dependencies". This will stop working in the next major version of npm. See `npm help npmrc` for supported config options.
TAP version 13
# Subtest: OFFLINE managed CPython: real venv/pip, immutable builds, leases, rollback, failure, cancel, crash, isolation and safe deletion
ok 1 - OFFLINE managed CPython: real venv/pip, immutable builds, leases, rollback, failure, cancel, crash, isolation and safe deletion
  ---
  duration_ms: 32188.460333
  type: 'test'
  ...
# Subtest: Node leases: parallel environments, shared provider independence, cancel/timeout/crash with complete process-group recovery
ok 2 - Node leases: parallel environments, shared provider independence, cancel/timeout/crash with complete process-group recovery
  ---
  duration_ms: 28255.744833
  type: 'test'
  ...
# Subtest: real managed Node + pnpm/npm, local registry, immutable snapshots, frozen rebuild, refs, leases and scripts
ok 3 - real managed Node + pnpm/npm, local registry, immutable snapshots, frozen rebuild, refs, leases and scripts
  ---
  duration_ms: 49941.000583
  type: 'test'
  ...
1..3
# tests 3
# suites 0
# pass 3
# fail 0
# cancelled 0
# skipped 0
# todo 0
# duration_ms 110973.244583
