[[32minfo[39m 2026-09-16 07:39:57]:	[boot] DB loaded
[[32minfo[39m 2026-09-16 07:39:58]:	[boot] grpc worker started (PID: 5382)
[[32minfo[39m 2026-09-16 07:39:58]:	[boot] Generating gRPC mTLS certificates...
[[32minfo[39m 2026-09-16 07:39:58]:	[boot] gRPC mTLS certificates generated successfully
[[32minfo[39m 2026-09-16 07:39:58]:	[boot] gRPC mTLS certificates saved to /var/folders/zw/3r78x0_95dl5_cj7tpslfdq40000gn/T/platform-full-Z3ESiy/data/config/grpc
[[34mdebug[39m 2026-09-16 07:39:58]:	[boot] gRPC service started successfully on 127.0.0.1:52001
[[32minfo[39m 2026-09-16 07:39:58]:	[boot] gRPC worker is ready, starting HTTP worker
[[32minfo[39m 2026-09-16 07:39:58]:	[boot] http worker started (PID: 5399)
[[32minfo[39m 2026-09-16 07:39:58]:	[boot] Loaded existing gRPC mTLS certificates from disk
[[32minfo[39m 2026-09-16 07:39:59]:	[boot] Dependency loaded
[[32minfo[39m 2026-09-16 07:39:59]:	[boot] Link deps loaded
[[32minfo[39m 2026-09-16 07:39:59]:	[boot] Init file down
[[32minfo[39m 2026-09-16 07:39:59]:	[boot] Init file loaded
[[32minfo[39m 2026-09-16 07:39:59]:	[boot] Init data loaded
[[32minfo[39m 2026-09-16 07:39:59]:	[boot] Init task loaded
[[32minfo[39m 2026-09-16 07:39:59]:	[panel][取消interval任务] 任务ID: NaN, 任务名: Generate token
[[32minfo[39m 2026-09-16 07:39:59]:	[panel][创建interval任务] 任务ID: NaN, 任务名: Generate token, 执行命令: node /var/folders/zw/3r78x0_95dl5_cj7tpslfdq40000gn/T/platform-full-Z3ESiy/static/build/token.js
[[32minfo[39m 2026-09-16 07:39:59]:	[panel][开始执行任务] 任务ID: NaN
[[32minfo[39m 2026-09-16 07:39:59]:	[boot] Express loaded
[[34mdebug[39m 2026-09-16 07:39:59]:	[boot] HTTP service started successfully on 127.0.0.1:52000
[[32minfo[39m 2026-09-16 07:39:59]:	[boot] Sock loaded
[[32minfo[39m 2026-09-16 07:39:59]:	[panel][执行任务结束] 任务ID: NaN, 退出码: 0
[[32minfo[39m 2026-09-16 07:40:04]:	Git workspace operation=diagnostics repository=1 result=OK
[[32minfo[39m 2026-09-16 07:40:05]:	Git workspace operation=initialize repository=1 result=OK
[[32minfo[39m 2026-09-16 07:40:05]:	Git workspace operation=diagnostics repository=1 result=OK
[[32minfo[39m 2026-09-16 07:40:06]:	Git workspace operation=refs repository=1 result=OK
[[32minfo[39m 2026-09-16 07:40:07]:	Git workspace operation=fetch repository=1 result=OK
[[32minfo[39m 2026-09-16 07:40:07]:	Git workspace operation=diagnostics repository=1 result=OK
[[32minfo[39m 2026-09-16 07:40:07]:	Git workspace operation=refs repository=1 result=OK
[[32minfo[39m 2026-09-16 07:40:09]:	[panel][取消定时任务] 任务名: E2E Subscription
[[32minfo[39m 2026-09-16 07:40:09]:	Git workspace operation=refs repository=1 result=OK
[[32minfo[39m 2026-09-16 07:40:10]:	Git workspace operation=refs repository=1 result=OK
[[32minfo[39m 2026-09-16 07:40:10]:	Git workspace operation=fetch repository=1 result=OK
[[32minfo[39m 2026-09-16 07:40:10]:	Git workspace operation=create-worktree repository=1 result=OK
[[32minfo[39m 2026-09-16 07:40:11]:	Git workspace operation=SUBSCRIPTION_BIND repository=1 result=OK
[[33mwarn[39m 2026-09-16 07:40:11]:	Slow request detected: POST /1/prepare took 1556.08ms
[[32minfo[39m 2026-09-16 07:40:11]:	[panel][开始执行任务] 任务ID: 1
[[32minfo[39m 2026-09-16 07:40:14]:	[schedule][创建定时任务] 任务ID: 3, 名称: E2E sh, cron: 0 0 1 1 *, 执行命令: real_time=false no_tee=true ID=3 log_name=subscription-1_job_3 task subscription-1/job.sh
[[32minfo[39m 2026-09-16 07:40:14]:	[panel][执行任务结束] 任务ID: 1, 退出码: 0
[[32minfo[39m 2026-09-16 07:40:15]:	Git workspace operation=diagnostics repository=1 result=OK
[[32minfo[39m 2026-09-16 07:40:15]:	Git workspace operation=refs repository=1 result=OK
[[32minfo[39m 2026-09-16 07:40:15]:	[environment] variables changed scope=global owner=0 count=1 secret_replacements=0
[[32minfo[39m 2026-09-16 07:40:16]:	[environment] variables changed scope=global owner=0 count=1 secret_replacements=0
[[32minfo[39m 2026-09-16 07:40:17]:	[environment] profile saved id=1
[[32minfo[39m 2026-09-16 07:40:17]:	[environment] profile saved id=1
[[32minfo[39m 2026-09-16 07:40:17]:	[environment] variables changed scope=repository owner=1 count=1 secret_replacements=0
[[33mwarn[39m 2026-09-16 07:40:26]:	Slow request detected: POST /runtime/python/environments took 2674.42ms
[[32minfo[39m 2026-09-16 07:40:50]:	Git workspace operation=TASK_SOURCE_BROWSE repository=1 result=OK
[[32minfo[39m 2026-09-16 07:40:51]:	[schedule][取消定时任务] 任务ID: 3
[[32minfo[39m 2026-09-16 07:40:51]:	[schedule][创建定时任务] 任务ID: 3, 名称: E2E sh, cron: 0 0 1 1 *, 执行命令: real_time=false no_tee=true ID=3 log_name=subscription-1_job_3 task subscription-1/job.sh
[[32minfo[39m 2026-09-16 07:40:53]:	Git workspace operation=TASK_SOURCE_BROWSE repository=1 result=OK
[[32minfo[39m 2026-09-16 07:40:54]:	[schedule][取消定时任务] 任务ID: 3
[[32minfo[39m 2026-09-16 07:40:54]:	[schedule][创建定时任务] 任务ID: 3, 名称: E2E sh, cron: 0 0 1 1 *, 执行命令: real_time=false no_tee=true ID=3 log_name=subscription-1_job_3 task subscription-1/job.sh
[[32minfo[39m 2026-09-16 07:40:55]:	Git workspace operation=TASK_SOURCE_BROWSE repository=1 result=OK
[[32minfo[39m 2026-09-16 07:40:57]:	[schedule][取消定时任务] 任务ID: 3
[[32minfo[39m 2026-09-16 07:40:57]:	[schedule][创建定时任务] 任务ID: 3, 名称: E2E sh, cron: 0 0 1 1 *, 执行命令: real_time=false no_tee=true ID=3 log_name=subscription-1_job_3 task subscription-1/job.sh
[[32minfo[39m 2026-09-16 07:40:59]:	Git workspace operation=TASK_SOURCE_BROWSE repository=1 result=OK
[[32minfo[39m 2026-09-16 07:41:00]:	[schedule][取消定时任务] 任务ID: 3
[[32minfo[39m 2026-09-16 07:41:00]:	[schedule][创建定时任务] 任务ID: 3, 名称: E2E sh, cron: 0 0 1 1 *, 执行命令: real_time=false no_tee=true ID=3 log_name=subscription-1_job_3 task subscription-1/job.sh
[[32minfo[39m 2026-09-16 07:41:02]:	Git workspace operation=TASK_SOURCE_BROWSE repository=1 result=OK
[[32minfo[39m 2026-09-16 07:41:04]:	[schedule][取消定时任务] 任务ID: 3
[[32minfo[39m 2026-09-16 07:41:04]:	[schedule][创建定时任务] 任务ID: 3, 名称: E2E sh, cron: 0 0 1 1 *, 执行命令: real_time=false no_tee=true ID=3 log_name=subscription-1_job_3 task subscription-1/job.sh
[[32minfo[39m 2026-09-16 07:41:04]:	[schedule][取消定时任务] 任务ID: 3
[[32minfo[39m 2026-09-16 07:41:04]:	[schedule][创建定时任务] 任务ID: 3, 名称: E2E sh, cron: 0 0 1 1 *, 执行命令: real_time=false no_tee=true ID=3 log_name=subscription-1_job_3 task subscription-1/job.sh
[[32minfo[39m 2026-09-16 07:41:05]:	[schedule][取消定时任务] 任务ID: 3
[[32minfo[39m 2026-09-16 07:41:05]:	[schedule][创建定时任务] 任务ID: 3, 名称: E2E sh, cron: 0 0 1 1 *, 执行命令: real_time=false no_tee=true ID=3 log_name=subscription-1_job_3 task subscription-1/job.sh
[[32minfo[39m 2026-09-16 07:41:05]:	[schedule][取消定时任务] 任务ID: 3
[[32minfo[39m 2026-09-16 07:41:05]:	[schedule][创建定时任务] 任务ID: 3, 名称: E2E sh, cron: 0 0 1 1 *, 执行命令: real_time=false no_tee=true ID=3 log_name=subscription-1_job_3 task subscription-1/job.sh
[[32minfo[39m 2026-09-16 07:41:06]:	[environment] variables changed scope=task owner=3 count=1 secret_replacements=0
[[32minfo[39m 2026-09-16 07:41:07]:	[environment] variables changed scope=task owner=2 count=1 secret_replacements=0
[[32minfo[39m 2026-09-16 07:41:08]:	[environment] variables changed scope=task owner=1 count=1 secret_replacements=0
[[32minfo[39m 2026-09-16 07:41:09]:	Git workspace operation=TASK_SOURCE_BROWSE repository=1 result=OK
[[32minfo[39m 2026-09-16 07:41:12]:	Git workspace operation=TASK_SOURCE_BROWSE repository=1 result=OK
[[32minfo[39m 2026-09-16 07:41:14]:	Git workspace operation=TASK_SOURCE_BROWSE repository=1 result=OK
[[32minfo[39m 2026-09-16 07:41:17]:	Git workspace operation=TASK_SOURCE_BROWSE repository=1 result=OK
[[32minfo[39m 2026-09-16 07:41:18]:	[schedule][取消定时任务] 任务ID: 3
[[32minfo[39m 2026-09-16 07:41:18]:	[schedule][创建定时任务] 任务ID: 3, 名称: E2E sh, cron: 0 0 1 1 *, 执行命令: real_time=false no_tee=true ID=3 log_name=subscription-1_job_3 task subscription-1/job.sh
[[32minfo[39m 2026-09-16 07:41:18]:	[schedule][取消定时任务] 任务ID: 3
[[32minfo[39m 2026-09-16 07:41:18]:	[schedule][创建定时任务] 任务ID: 3, 名称: E2E sh, cron: 0 0 1 1 *, 执行命令: real_time=false no_tee=true ID=3 log_name=subscription-1_job_3 task subscription-1/job.sh
[[32minfo[39m 2026-09-16 07:41:19]:	[schedule][取消定时任务] 任务ID: 3
[[32minfo[39m 2026-09-16 07:41:19]:	[schedule][创建定时任务] 任务ID: 3, 名称: E2E sh, cron: 0 0 1 1 *, 执行命令: real_time=false no_tee=true ID=3 log_name=subscription-1_job_3 task subscription-1/job.sh
[[32minfo[39m 2026-09-16 07:41:20]:	[schedule][取消定时任务] 任务ID: 3
[[32minfo[39m 2026-09-16 07:41:20]:	[schedule][创建定时任务] 任务ID: 3, 名称: E2E sh, cron: 0 0 1 1 *, 执行命令: real_time=false no_tee=true ID=3 log_name=subscription-1_job_3 task subscription-1/job.sh
[[32minfo[39m 2026-09-16 07:41:21]:	Git workspace operation=TASK_SOURCE_BROWSE repository=1 result=OK
[[32minfo[39m 2026-09-16 07:41:21]:	[schedule][取消定时任务] 任务ID: 3
[[32minfo[39m 2026-09-16 07:41:21]:	[schedule][创建定时任务] 任务ID: 3, 名称: E2E sh, cron: 0 0 1 1 *, 执行命令: real_time=false no_tee=true ID=3 log_name=subscription-1_job_3 task subscription-1/job.sh
[[32minfo[39m 2026-09-16 07:41:21]:	[schedule][创建定时任务] 任务ID: 5, 名称: E2E py copy, cron: 0 0 1 1 *, 执行命令: real_time=false no_tee=true ID=5 log_name=task-5 task subscription-1/job.py
[[32minfo[39m 2026-09-16 07:41:21]:	[schedule][取消定时任务] 任务ID: 3
[[32minfo[39m 2026-09-16 07:41:21]:	[schedule][取消定时任务] 任务ID: 5
[[32minfo[39m 2026-09-16 07:41:21]:	[schedule][创建定时任务] 任务ID: 3, 名称: E2E sh, cron: 0 0 1 1 *, 执行命令: real_time=false no_tee=true ID=3 log_name=subscription-1_job_3 task subscription-1/job.sh
[[32minfo[39m 2026-09-16 07:41:25]:	[panel][执行任务结束] 任务ID: 3, 退出码: 0
[[32minfo[39m 2026-09-16 07:41:27]:	[panel][执行任务结束] 任务ID: 2, 退出码: 1
[[32minfo[39m 2026-09-16 07:41:29]:	[panel][执行任务结束] 任务ID: 1, 退出码: 0
[[34mdebug[39m 2026-09-16 07:41:29]:	gRPC service stopped
[[32minfo[39m 2026-09-16 07:41:29]:	Worker 5382 exited
[[32minfo[39m 2026-09-16 07:41:34]:	[boot] DB loaded
[[32minfo[39m 2026-09-16 07:41:34]:	[boot] grpc worker started (PID: 9931)
[[32minfo[39m 2026-09-16 07:41:34]:	[boot] Loaded existing gRPC mTLS certificates from disk
[[34mdebug[39m 2026-09-16 07:41:34]:	[boot] gRPC service started successfully on 127.0.0.1:52001
[[32minfo[39m 2026-09-16 07:41:34]:	[boot] gRPC worker is ready, starting HTTP worker
[[32minfo[39m 2026-09-16 07:41:34]:	[boot] http worker started (PID: 9932)
[[32minfo[39m 2026-09-16 07:41:34]:	[boot] Loaded existing gRPC mTLS certificates from disk
[[32minfo[39m 2026-09-16 07:41:34]:	[boot] Dependency loaded
[[32minfo[39m 2026-09-16 07:41:34]:	[boot] Link deps loaded
[[32minfo[39m 2026-09-16 07:41:34]:	[boot] Init file down
[[32minfo[39m 2026-09-16 07:41:34]:	[boot] Init file loaded
[[32minfo[39m 2026-09-16 07:41:34]:	[schedule][创建定时任务] 任务ID: 3, 名称: E2E sh, cron: 0 0 1 1 *, 执行命令: real_time=false no_tee=true ID=3 log_name=subscription-1_job_3 task subscription-1/job.sh
[[32minfo[39m 2026-09-16 07:41:34]:	[boot] Init data loaded
[[32minfo[39m 2026-09-16 07:41:34]:	[boot] Init task loaded
[[32minfo[39m 2026-09-16 07:41:34]:	[panel][取消interval任务] 任务ID: NaN, 任务名: 生成token
[[32minfo[39m 2026-09-16 07:41:34]:	[panel][创建interval任务] 任务ID: NaN, 任务名: 生成token, 执行命令: node /var/folders/zw/3r78x0_95dl5_cj7tpslfdq40000gn/T/platform-full-Z3ESiy/static/build/token.js
[[32minfo[39m 2026-09-16 07:41:34]:	[panel][开始执行任务] 任务ID: NaN
[[32minfo[39m 2026-09-16 07:41:34]:	[boot] Express loaded
[[34mdebug[39m 2026-09-16 07:41:34]:	[boot] HTTP service started successfully on 127.0.0.1:52000
[[32minfo[39m 2026-09-16 07:41:34]:	[boot] Sock loaded
[[32minfo[39m 2026-09-16 07:41:34]:	[panel][取消定时任务] 任务名: E2E Subscription
[[32minfo[39m 2026-09-16 07:41:35]:	[panel][执行任务结束] 任务ID: NaN, 退出码: 0
[[34mdebug[39m 2026-09-16 07:41:36]:	HTTP service stopped
[[32minfo[39m 2026-09-16 07:41:36]:	Worker 9932 exited
[[34mdebug[39m 2026-09-16 07:41:36]:	gRPC service stopped
[[32minfo[39m 2026-09-16 07:41:36]:	Worker 9931 exited
