npm warn Unknown project config "strict-peer-dependencies". This will stop working in the next major version of npm. See `npm help npmrc` for supported config options.
TAP version 13
# Subtest: immutable revisions, optimistic edits, private storage, Secret response and downgrade protection
ok 1 - immutable revisions, optimistic edits, private storage, Secret response and downgrade protection
  ---
  duration_ms: 1275.796
  type: 'test'
  ...
# Subtest: Repository inheritance, Task override/MASK, normalized uniqueness, disabled and manual bindings, references and cascades
ok 2 - Repository inheritance, Task override/MASK, normalized uniqueness, disabled and manual bindings, references and cascades
  ---
  duration_ms: 720.737
  type: 'test'
  ...
# Subtest: Hook CRUD, stable order, transactional reorder conflict rollback and Task cascade
ok 3 - Hook CRUD, stable order, transactional reorder conflict rollback and Task cascade
  ---
  duration_ms: 202.801291
  type: 'test'
  ...
# Subtest: uncommitted revision directory is retained and next edit allocates a fresh immutable path
ok 4 - uncommitted revision directory is retained and next edit allocates a fresh immutable path
  ---
  duration_ms: 240.543667
  type: 'test'
  ...
# Subtest: failed publication retains Task Hooks, Config bindings and ENV; successful deletion cascades once
ok 5 - failed publication retains Task Hooks, Config bindings and ENV; successful deletion cascades once
  ---
  duration_ms: 1677.347709
  type: 'test'
  ...
# Subtest: frozen platform v1 upgrades transactionally to identical fresh latest schema and preserves data/hooks
not ok 6 - frozen platform v1 upgrades transactionally to identical fresh latest schema and preserves data/hooks
  ---
  duration_ms: 1280.197125
  type: 'test'
  location: '/Users/jonhy/PersonalDatas/Codes/github/anysoft/qinglong/tests/phase5/schema.test.cjs:4:1'
  failureType: 'testCodeFailure'
  error: 'No description found for "Crontabs" table. Check the table name and schema; remember, they _are_ case sensitive.'
  code: 'ERR_TEST_FAILURE'
  stack: |-
    SQLiteQueryInterface.describeTable (/Users/jonhy/PersonalDatas/Codes/github/anysoft/qinglong/node_modules/.pnpm/sequelize@6.37.5_@whyour+sqlite3@1.1.2/node_modules/sequelize/lib/dialects/sqlite/query-interface.js:145:15)
    async TestContext.<anonymous> (/Users/jonhy/PersonalDatas/Codes/github/anysoft/qinglong/tests/phase5/schema.test.cjs:17:16)
    async Test.run (node:internal/test_runner/test:1054:7)
    async startSubtestAfterBootstrap (node:internal/test_runner/harness:296:3)
  ...
# Subtest: migration failure rolls back DDL, data, hooks and version then permits retry
ok 7 - migration failure rolls back DDL, data, hooks and version then permits retry
  ---
  duration_ms: 415.527458
  type: 'test'
  ...
# Subtest: unknown and tampered v1 databases fail closed without touching user rows
ok 8 - unknown and tampered v1 databases fail closed without touching user rows
  ---
  duration_ms: 198.872125
  type: 'test'
  ...
# Subtest: late migration failure after old columns drop restores all v1 data and hook fields
ok 9 - late migration failure after old columns drop restores all v1 data and hook fields
  ---
  duration_ms: 278.199083
  type: 'test'
  ...
# Subtest: frozen v2 migrates to identical fresh latest schema, preserves ENV/Config/Hooks and enforces runtime CHECK/FK constraints
ok 10 - frozen v2 migrates to identical fresh latest schema, preserves ENV/Config/Hooks and enforces runtime CHECK/FK constraints
  ---
  duration_ms: 1311.358709
  type: 'test'
  ...
# Subtest: v2 late migration failure rolls back runtime tables, metadata and data, then retries
ok 11 - v2 late migration failure rolls back runtime tables, metadata and data, then retries
  ---
  duration_ms: 392.902667
  type: 'test'
  ...
# Subtest: tampered v2 signature and unknown version fail closed
ok 12 - tampered v2 signature and unknown version fail closed
  ---
  duration_ms: 395.757167
  type: 'test'
  ...
# Subtest: frozen v3 to v4 is transactional, preserves runtime/history and equals fresh signature
ok 13 - frozen v3 to v4 is transactional, preserves runtime/history and equals fresh signature
  ---
  duration_ms: 1390.267709
  type: 'test'
  ...
# Subtest: v3 tampering fails closed before any schema or user-data changes
ok 14 - v3 tampering fails closed before any schema or user-data changes
  ---
  duration_ms: 530.374875
  type: 'test'
  ...
# Subtest: actual SQLite constraints protect immutable revisions, build identity, current ownership and runtime FKs
ok 15 - actual SQLite constraints protect immutable revisions, build identity, current ownership and runtime FKs
  ---
  duration_ms: 201.70725
  type: 'test'
  ...
# Subtest: v4 → v5 preserves real Python environment references; fresh matches migration and late failure rolls back
ok 16 - v4 → v5 preserves real Python environment references; fresh matches migration and late failure rolls back
  ---
  duration_ms: 1456.150709
  type: 'test'
  ...
# Subtest: v4 tampering is rejected without mutation
ok 17 - v4 tampering is rejected without mutation
  ---
  duration_ms: 304.2
  type: 'test'
  ...
# Subtest: Node actual SQLite constraints protect language/toolchain and immutable revision/build ownership
ok 18 - Node actual SQLite constraints protect language/toolchain and immutable revision/build ownership
  ---
  duration_ms: 305.224792
  type: 'test'
  ...
# Subtest: DB projection controls identity, nested filters, metadata updates, user edits and removal policy
ok 19 - DB projection controls identity, nested filters, metadata updates, user edits and removal policy
  ---
  duration_ms: 1460.363959
  type: 'test'
  ...
# Subtest: symlinks fail closed and no cron metadata never invents a schedule
ok 20 - symlinks fail closed and no cron metadata never invents a schedule
  ---
  duration_ms: 541.309542
  type: 'test'
  ...
# Subtest: definition DB failure and scheduler failure compensate updates without changing task identity or overrides
ok 21 - definition DB failure and scheduler failure compensate updates without changing task identity or overrides
  ---
  duration_ms: 591.267916
  type: 'test'
  ...
# Subtest: real HTTP APIs mask secrets and validation errors, enforce scope and block open access
ok 22 - real HTTP APIs mask secrets and validation errors, enforce scope and block open access
  ---
  duration_ms: 1152.051417
  type: 'test'
  ...
# Subtest: profile CRUD, uniqueness, default, clone secrets, and reference protection
ok 23 - profile CRUD, uniqueness, default, clone secrets, and reference protection
  ---
  duration_ms: 1032.770584
  type: 'test'
  ...
# Subtest: secret keep/replace/clear, metadata edits, atomic batch rollback and safe errors
ok 24 - secret keep/replace/clear, metadata edits, atomic batch rollback and safe errors
  ---
  duration_ms: 482.904458
  type: 'test'
  ...
# Subtest: profile precedence, manual task, disabled and wrong repository fail closed
ok 25 - profile precedence, manual task, disabled and wrong repository fail closed
  ---
  duration_ms: 411.918125
  type: 'test'
  ...
# Subtest: SET/UNSET/disabled/empty precedence, immutable snapshot and parent isolation
ok 26 - SET/UNSET/disabled/empty precedence, immutable snapshot and parent isolation
  ---
  duration_ms: 242.149708
  type: 'test'
  ...
# Subtest: Global unique contract masks secrets across SDK responses and rejects inherited backend secrets
ok 27 - Global unique contract masks secrets across SDK responses and rejects inherited backend secrets
  ---
  duration_ms: 141.220917
  type: 'test'
  ...
# Subtest: empty data root creates v4, all bridge/core tables, and restarts without schema writes
ok 28 - empty data root creates v4, all bridge/core tables, and restarts without schema writes
  ---
  duration_ms: 426.603833
  type: 'test'
  ...
# Subtest: unknown nonempty database fails closed and preserves rows and schema
ok 29 - unknown nonempty database fails closed and preserves rows and schema
  ---
  duration_ms: 96.644417
  type: 'test'
  ...
# Subtest: partial DDL failure rolls back all objects and allows a clean retry
ok 30 - partial DDL failure rolls back all objects and allows a clean retry
  ---
  duration_ms: 103.397542
  type: 'test'
  ...
# Subtest: unexpected schema objects are rejected on restart
ok 31 - unexpected schema objects are rejected on restart
  ---
  duration_ms: 103.840417
  type: 'test'
  ...
# Subtest: fresh directory bootstrap refuses symlinked database directory
ok 32 - fresh directory bootstrap refuses symlinked database directory
  ---
  duration_ms: 6.828208
  type: 'test'
  ...
1..32
# tests 32
# suites 0
# pass 31
# fail 1
# cancelled 0
# skipped 0
# todo 0
# duration_ms 2898.474584
