npm warn Unknown project config "strict-peer-dependencies". This will stop working in the next major version of npm. See `npm help npmrc` for supported config options.
TAP version 13
# Subtest: profile references block repository filesystem deletion before mutation
ok 1 - profile references block repository filesystem deletion before mutation
  ---
  duration_ms: 1024.219
  type: 'test'
  ...
# Subtest: A/B/D/H/I: stable identity, reusable credentials, secret replacement and deletion protection
ok 2 - A/B/D/H/I: stable identity, reusable credentials, secret replacement and deletion protection
  ---
  duration_ms: 367.57575
  type: 'test'
  ...
# Subtest: C: encrypted SSH key validation derives public key, preserves secret privacy and supports reuse
ok 3 - C: encrypted SSH key validation derives public key, preserves secret privacy and supports reuse
  ---
  duration_ms: 1731.5285
  type: 'test'
  ...
# Subtest: access tests use only ls-remote, update status, hide remote errors and clean contexts
ok 4 - access tests use only ls-remote, update status, hide remote errors and clean contexts
  ---
  duration_ms: 155.89475
  type: 'test'
  ...
# Subtest: credential update does not mutate the snapshot of a running invocation
ok 5 - credential update does not mutate the snapshot of a running invocation
  ---
  duration_ms: 128.07975
  type: 'test'
  ...
# Subtest: actual ORM tables, automatic and manual tasks, and execution exit code in isolated SQLite
not ok 6 - actual ORM tables, automatic and manual tasks, and execution exit code in isolated SQLite
  ---
  duration_ms: 351.594083
  type: 'test'
  location: '/Users/jonhy/PersonalDatas/Codes/github/anysoft/qinglong/tests/platform/task-model-bridge.test.cjs:9:1'
  failureType: 'testCodeFailure'
  error: "⚠️  Couldn't find .env file  ⚠️"
  code: 'ERR_TEST_FAILURE'
  stack: |-
    Object.<anonymous> (/Users/jonhy/PersonalDatas/Codes/github/anysoft/qinglong/back/config/index.ts:120:9)
    Module._compile (node:internal/modules/cjs/loader:1781:14)
    Module.m._compile (/Users/jonhy/PersonalDatas/Codes/github/anysoft/qinglong/node_modules/.pnpm/ts-node@10.9.2_@types+node@17.0.45_typescript@5.2.2/node_modules/ts-node/src/index.ts:1618:23)
    node:internal/modules/cjs/loader:1913:10
    Object.require.extensions.<computed> [as .ts] (/Users/jonhy/PersonalDatas/Codes/github/anysoft/qinglong/node_modules/.pnpm/ts-node@10.9.2_@types+node@17.0.45_typescript@5.2.2/node_modules/ts-node/src/index.ts:1621:12)
    Module.load (node:internal/modules/cjs/loader:1505:32)
    Function._load (node:internal/modules/cjs/loader:1309:12)
    wrapModuleLoad (node:internal/modules/cjs/loader:254:19)
    Module.require (node:internal/modules/cjs/loader:1527:12)
    require (node:internal/modules/helpers:147:16)
  ...
1..6
# tests 6
# suites 0
# pass 5
# fail 1
# cancelled 0
# skipped 0
# todo 0
# duration_ms 2644.65275
