npm warn Unknown project config "strict-peer-dependencies". This will stop working in the next major version of npm. See `npm help npmrc` for supported config options.
empty-root-bootstrap
browser-fresh-initialize-login
browser-credential-create
browser-repository-create
browser-initialize-fetch
browser-subscription-create-branch
browser-prepare-sync-discovery
browser-worktree-view
browser-global-create
browser-profile-create-default
browser-task-overrides-preview
browser-text-secret-assets-create
browser-revision-increment-secret-keep
browser-repository-config-bindings
browser-task-override-mask-preview-four-phase-hooks
browser-three-language-run-logs
browser-disable-enable
runtime-browser-provider-setup-fixture
runtime-browser-exact-install-live-log
runtime-browser-verify-metadata-references
runtime-browser-repair
runtime-browser-cancel-partial
restart-relogin
runtime-browser-restart-remove
environment-real-prebuilt-managed-cpython
environment-create-real-venv-local-wheel-live-log
environment-desired-resolved-separation
environment-new-revision-generation
environment-build-diff
environment-promote-old-build
environment-delete-unused-build
environment-runtime-delete-protected
environment-restart-health-resolver
environment-delete-preserves-runtime-cache
restart-repeat-execution
browser-secret-response-audit
fresh-v4-fk-layout
