npm warn Unknown project config "strict-peer-dependencies". This will stop working in the next major version of npm. See `npm help npmrc` for supported config options.
TAP version 13
# Subtest: exact catalog filters implementations, prereleases and injection
ok 1 - exact catalog filters implementations, prereleases and injection
  ---
  duration_ms: 426.209167
  type: 'test'
  ...
# Subtest: provider setup, two runtimes, explicit verify/repair/remove preserve sibling and snapshots
ok 2 - provider setup, two runtimes, explicit verify/repair/remove preserve sibling and snapshots
  ---
  duration_ms: 3217.478416
  type: 'test'
  ...
# Subtest: cross-service lock, cancel and timeout keep operation ownership and descendants bounded
ok 3 - cross-service lock, cancel and timeout keep operation ownership and descendants bounded
  ---
  duration_ms: 1818.797584
  type: 'test'
  ...
# Subtest: paths reject unknown roots, version symlink, parent symlink and executable escape
ok 4 - paths reject unknown roots, version symlink, parent symlink and executable escape
  ---
  duration_ms: 293.786042
  type: 'test'
  ...
# Subtest: recovery never kills stored PID or adopts unknown versions; reference checks block removal
ok 5 - recovery never kills stored PID or adopts unknown versions; reference checks block removal
  ---
  duration_ms: 1432.958709
  type: 'test'
  ...
# Subtest: build environment excludes backend/user secrets and logs redact split UTF-8 secrets
ok 6 - build environment excludes backend/user secrets and logs redact split UTF-8 secrets
  ---
  duration_ms: 278.766083
  type: 'test'
  ...
1..6
# tests 6
# suites 0
# pass 6
# fail 0
# cancelled 0
# skipped 0
# todo 0
# duration_ms 7660.580417
