npm warn Unknown project config "strict-peer-dependencies". This will stop working in the next major version of npm. See `npm help npmrc` for supported config options.
TAP version 13
# Subtest: frozen platform v1 upgrades transactionally to identical fresh latest schema and preserves data/hooks
ok 1 - frozen platform v1 upgrades transactionally to identical fresh latest schema and preserves data/hooks
  ---
  duration_ms: 493.726625
  type: 'test'
  ...
# Subtest: migration failure rolls back DDL, data, hooks and version then permits retry
ok 2 - migration failure rolls back DDL, data, hooks and version then permits retry
  ---
  duration_ms: 123.466917
  type: 'test'
  ...
# Subtest: unknown and tampered v1 databases fail closed without touching user rows
ok 3 - unknown and tampered v1 databases fail closed without touching user rows
  ---
  duration_ms: 102.488584
  type: 'test'
  ...
# Subtest: late migration failure after old columns drop restores all v1 data and hook fields
ok 4 - late migration failure after old columns drop restores all v1 data and hook fields
  ---
  duration_ms: 106.587917
  type: 'test'
  ...
# Subtest: exact catalog filters implementations, prereleases and injection
ok 5 - exact catalog filters implementations, prereleases and injection
  ---
  duration_ms: 568.164167
  type: 'test'
  ...
# Subtest: provider setup, two runtimes, explicit verify/repair/remove preserve sibling and snapshots
not ok 6 - provider setup, two runtimes, explicit verify/repair/remove preserve sibling and snapshots
  ---
  duration_ms: 434.301458
  type: 'test'
  location: '/Users/jonhy/PersonalDatas/Codes/github/anysoft/qinglong/tests/phase6/runtime.test.cjs:8:1'
  failureType: 'testCodeFailure'
  error: "Cannot access 'operation' before initialization"
  code: 'ERR_TEST_FAILURE'
  name: 'ReferenceError'
  stack: |-
    eval (eval at loadSecurityModule (/Users/jonhy/PersonalDatas/Codes/github/anysoft/qinglong/test/helpers/load-security-module.cjs:35:3), <anonymous>:214:21)
    /Users/jonhy/PersonalDatas/Codes/github/anysoft/qinglong/node_modules/.pnpm/sequelize@6.37.5_@whyour+sqlite3@1.1.2/node_modules/sequelize/lib/sequelize.js:507:24
    async RuntimeOperationService.request (eval at loadSecurityModule (/Users/jonhy/PersonalDatas/Codes/github/anysoft/qinglong/test/helpers/load-security-module.cjs:35:3), <anonymous>:212:31)
    async Object.run (/Users/jonhy/PersonalDatas/Codes/github/anysoft/qinglong/tests/phase6/helpers.cjs:19:41)
    async TestContext.<anonymous> (/Users/jonhy/PersonalDatas/Codes/github/anysoft/qinglong/tests/phase6/runtime.test.cjs:12:59)
    async Test.run (node:internal/test_runner/test:1054:7)
    async Test.processPendingSubtests (node:internal/test_runner/test:744:7)
  ...
# Subtest: cross-service lock, cancel and timeout keep operation ownership and descendants bounded
not ok 7 - cross-service lock, cancel and timeout keep operation ownership and descendants bounded
  ---
  duration_ms: 300.598917
  type: 'test'
  location: '/Users/jonhy/PersonalDatas/Codes/github/anysoft/qinglong/tests/phase6/runtime.test.cjs:24:1'
  failureType: 'testCodeFailure'
  error: "Cannot access 'operation' before initialization"
  code: 'ERR_TEST_FAILURE'
  name: 'ReferenceError'
  stack: |-
    eval (eval at loadSecurityModule (/Users/jonhy/PersonalDatas/Codes/github/anysoft/qinglong/test/helpers/load-security-module.cjs:35:3), <anonymous>:214:21)
    /Users/jonhy/PersonalDatas/Codes/github/anysoft/qinglong/node_modules/.pnpm/sequelize@6.37.5_@whyour+sqlite3@1.1.2/node_modules/sequelize/lib/sequelize.js:507:24
    async RuntimeOperationService.request (eval at loadSecurityModule (/Users/jonhy/PersonalDatas/Codes/github/anysoft/qinglong/test/helpers/load-security-module.cjs:35:3), <anonymous>:212:31)
    async TestContext.<anonymous> (/Users/jonhy/PersonalDatas/Codes/github/anysoft/qinglong/tests/phase6/runtime.test.cjs:27:11)
    async Test.run (node:internal/test_runner/test:1054:7)
    async Test.processPendingSubtests (node:internal/test_runner/test:744:7)
  ...
# Subtest: paths reject unknown roots, version symlink, parent symlink and executable escape
ok 8 - paths reject unknown roots, version symlink, parent symlink and executable escape
  ---
  duration_ms: 279.580459
  type: 'test'
  ...
# Subtest: recovery never kills stored PID or adopts unknown versions; reference checks block removal
not ok 9 - recovery never kills stored PID or adopts unknown versions; reference checks block removal
  ---
  duration_ms: 275.828167
  type: 'test'
  location: '/Users/jonhy/PersonalDatas/Codes/github/anysoft/qinglong/tests/phase6/runtime.test.cjs:40:1'
  failureType: 'testCodeFailure'
  error: "Cannot access 'operation' before initialization"
  code: 'ERR_TEST_FAILURE'
  name: 'ReferenceError'
  stack: |-
    eval (eval at loadSecurityModule (/Users/jonhy/PersonalDatas/Codes/github/anysoft/qinglong/test/helpers/load-security-module.cjs:35:3), <anonymous>:214:21)
    /Users/jonhy/PersonalDatas/Codes/github/anysoft/qinglong/node_modules/.pnpm/sequelize@6.37.5_@whyour+sqlite3@1.1.2/node_modules/sequelize/lib/sequelize.js:507:24
    async RuntimeOperationService.request (eval at loadSecurityModule (/Users/jonhy/PersonalDatas/Codes/github/anysoft/qinglong/test/helpers/load-security-module.cjs:35:3), <anonymous>:212:31)
    async Object.run (/Users/jonhy/PersonalDatas/Codes/github/anysoft/qinglong/tests/phase6/helpers.cjs:19:41)
    async TestContext.<anonymous> (/Users/jonhy/PersonalDatas/Codes/github/anysoft/qinglong/tests/phase6/runtime.test.cjs:41:66)
    async Test.run (node:internal/test_runner/test:1054:7)
    async Test.processPendingSubtests (node:internal/test_runner/test:744:7)
  ...
# Subtest: build environment excludes backend/user secrets and logs redact split UTF-8 secrets
ok 10 - build environment excludes backend/user secrets and logs redact split UTF-8 secrets
  ---
  duration_ms: 241.084959
  type: 'test'
  ...
# Subtest: frozen v2 migrates to identical fresh v4, preserves ENV/Config/Hooks and enforces runtime CHECK/FK constraints
ok 11 - frozen v2 migrates to identical fresh v4, preserves ENV/Config/Hooks and enforces runtime CHECK/FK constraints
  ---
  duration_ms: 486.285291
  type: 'test'
  ...
# Subtest: v2 late migration failure rolls back runtime tables, metadata and data, then retries
ok 12 - v2 late migration failure rolls back runtime tables, metadata and data, then retries
  ---
  duration_ms: 133.601417
  type: 'test'
  ...
# Subtest: tampered v2 signature and unknown version fail closed
ok 13 - tampered v2 signature and unknown version fail closed
  ---
  duration_ms: 192.160125
  type: 'test'
  ...
# Subtest: empty data root creates v4, all bridge/core tables, and restarts without schema writes
ok 14 - empty data root creates v4, all bridge/core tables, and restarts without schema writes
  ---
  duration_ms: 243.201208
  type: 'test'
  ...
# Subtest: unknown nonempty database fails closed and preserves rows and schema
ok 15 - unknown nonempty database fails closed and preserves rows and schema
  ---
  duration_ms: 93.072917
  type: 'test'
  ...
# Subtest: partial DDL failure rolls back all objects and allows a clean retry
ok 16 - partial DDL failure rolls back all objects and allows a clean retry
  ---
  duration_ms: 141.191208
  type: 'test'
  ...
# Subtest: unexpected schema objects are rejected on restart
ok 17 - unexpected schema objects are rejected on restart
  ---
  duration_ms: 112.262959
  type: 'test'
  ...
# Subtest: fresh directory bootstrap refuses symlinked database directory
ok 18 - fresh directory bootstrap refuses symlinked database directory
  ---
  duration_ms: 3.615125
  type: 'test'
  ...
1..18
# tests 18
# suites 0
# pass 15
# fail 3
# cancelled 0
# skipped 0
# todo 0
# duration_ms 2315.126417
