npm warn Unknown project config "strict-peer-dependencies". This will stop working in the next major version of npm. See `npm help npmrc` for supported config options.
TAP version 13
# Subtest: frozen platform v1 upgrades transactionally to identical fresh latest schema and preserves data/hooks
ok 1 - frozen platform v1 upgrades transactionally to identical fresh latest schema and preserves data/hooks
  ---
  duration_ms: 417.382917
  type: 'test'
  ...
# Subtest: migration failure rolls back DDL, data, hooks and version then permits retry
ok 2 - migration failure rolls back DDL, data, hooks and version then permits retry
  ---
  duration_ms: 103.978833
  type: 'test'
  ...
# Subtest: unknown and tampered v1 databases fail closed without touching user rows
ok 3 - unknown and tampered v1 databases fail closed without touching user rows
  ---
  duration_ms: 86.089708
  type: 'test'
  ...
# Subtest: late migration failure after old columns drop restores all v1 data and hook fields
ok 4 - late migration failure after old columns drop restores all v1 data and hook fields
  ---
  duration_ms: 101.727375
  type: 'test'
  ...
# Subtest: frozen v2 migrates to identical fresh v4, preserves ENV/Config/Hooks and enforces runtime CHECK/FK constraints
ok 5 - frozen v2 migrates to identical fresh v4, preserves ENV/Config/Hooks and enforces runtime CHECK/FK constraints
  ---
  duration_ms: 415.924208
  type: 'test'
  ...
# Subtest: v2 late migration failure rolls back runtime tables, metadata and data, then retries
ok 6 - v2 late migration failure rolls back runtime tables, metadata and data, then retries
  ---
  duration_ms: 104.719917
  type: 'test'
  ...
# Subtest: tampered v2 signature and unknown version fail closed
ok 7 - tampered v2 signature and unknown version fail closed
  ---
  duration_ms: 182.212208
  type: 'test'
  ...
# node:internal/modules/cjs/loader:1433
#   throw err;
#   ^
# Error: Cannot find module '.'
# Require stack:
# - /Users/jonhy/PersonalDatas/Codes/github/anysoft/qinglong/back/data/pythonEnvironment.ts
#     at Function._resolveFilename (node:internal/modules/cjs/loader:1430:15)
#     at defaultResolveImpl (node:internal/modules/cjs/loader:1040:19)
#     at resolveForCJSWithHooks (node:internal/modules/cjs/loader:1045:22)
#     at Function._load (node:internal/modules/cjs/loader:1216:25)
#     at wrapModuleLoad (node:internal/modules/cjs/loader:254:19)
#     at Module.require (node:internal/modules/cjs/loader:1527:12)
#     at require (node:internal/modules/helpers:147:16)
#     at requireModule (/Users/jonhy/PersonalDatas/Codes/github/anysoft/qinglong/test/helpers/load-security-module.cjs:24:12)
#     at eval (eval at loadSecurityModule (/Users/jonhy/PersonalDatas/Codes/github/anysoft/qinglong/test/helpers/load-security-module.cjs:35:3), <anonymous>:7:12)
#     at loadSecurityModule (/Users/jonhy/PersonalDatas/Codes/github/anysoft/qinglong/test/helpers/load-security-module.cjs:35:72) {
#   code: 'MODULE_NOT_FOUND',
#   requireStack: [
#     '/Users/jonhy/PersonalDatas/Codes/github/anysoft/qinglong/back/data/pythonEnvironment.ts'
#   ]
# }
# Node.js v22.23.2
# Subtest: tests/platform/fresh-schema.test.cjs
not ok 3 - tests/platform/fresh-schema.test.cjs
  ---
  duration_ms: 295.402291
  type: 'test'
  location: '/Users/jonhy/PersonalDatas/Codes/github/anysoft/qinglong/tests/platform/fresh-schema.test.cjs:1:1'
  failureType: 'testCodeFailure'
  exitCode: 1
  signal: ~
  error: 'test failed'
  code: 'ERR_TEST_FAILURE'
  ...
1..8
# tests 8
# suites 0
# pass 7
# fail 1
# cancelled 0
# skipped 0
# todo 0
# duration_ms 918.060583
