npm warn Unknown project config "strict-peer-dependencies". This will stop working in the next major version of npm. See `npm help npmrc` for supported config options.
TAP version 13
# Subtest: valid legacy and platform sessions retain compatibility
ok 1 - valid legacy and platform sessions retain compatibility
  ---
  duration_ms: 4.036334
  type: 'test'
  ...
# Subtest: session membership never bypasses JWT signature, expiry, algorithm or nbf
ok 2 - session membership never bypasses JWT signature, expiry, algorithm or nbf
  ---
  duration_ms: 1.377291
  type: 'test'
  ...
# Subtest: platform token metadata can shorten but cannot extend JWT expiration
ok 3 - platform token metadata can shorten but cannot extend JWT expiration
  ---
  duration_ms: 0.619875
  type: 'test'
  ...
# Subtest: passwords are salted and plaintext credentials are rejected
ok 4 - passwords are salted and plaintext credentials are rejected
  ---
  duration_ms: 213.829084
  type: 'test'
  ...
# Subtest: build verification accepts matching source and rejects stale or dirty artifacts
ok 5 - build verification accepts matching source and rejects stale or dirty artifacts
  ---
  duration_ms: 1140.196084
  type: 'test'
  ...
# Subtest: release images receive the same-run artifact and verify it before use
ok 6 - release images receive the same-run artifact and verify it before use
  ---
  duration_ms: 15.209125
  type: 'test'
  ...
# Subtest: complete artifact manifests reject changed, missing, extra files and untracked build inputs
ok 7 - complete artifact manifests reject changed, missing, extra files and untracked build inputs
  ---
  duration_ms: 2461.22425
  type: 'test'
  ...
# Subtest: form and API accept Chinese log names and existing supported names
ok 8 - form and API accept Chinese log names and existing supported names
  ---
  duration_ms: 2.418042
  type: 'test'
  ...
# Subtest: form and API still reject unsafe relative names and excessive length
ok 9 - form and API still reject unsafe relative names and excessive length
  ---
  duration_ms: 1.135208
  type: 'test'
  ...
# Subtest: API restricts absolute log paths to the configured directory or /dev/null
ok 10 - API restricts absolute log paths to the configured directory or /dev/null
  ---
  duration_ms: 0.10925
  type: 'test'
  ...
# Subtest: cron validation accepts leading-zero schedules and legacy null labels
ok 11 - cron validation accepts leading-zero schedules and legacy null labels
  ---
  duration_ms: 67.772209
  type: 'test'
  ...
# Subtest: cron validation identifies invalid fields
ok 12 - cron validation identifies invalid fields
  ---
  duration_ms: 1.984041
  type: 'test'
  ...
# Subtest: today failures includes recovered and deleted tasks, excluding previous days and successes
ok 13 - today failures includes recovered and deleted tasks, excluding previous days and successes
  ---
  duration_ms: 572.208084
  type: 'test'
  ...
# Subtest: dependency listing marks cache entries missing from disk for reinstall
ok 14 - dependency listing marks cache entries missing from disk for reinstall
  ---
  duration_ms: 409.505458
  type: 'test'
  ...
# Subtest: config filename route points callers to its detail API
not ok 15 - config filename route points callers to its detail API
  ---
  duration_ms: 263.117125
  type: 'test'
  location: '/Users/jonhy/PersonalDatas/Codes/github/anysoft/qinglong/test/back/deprecated-file-routes.test.cjs:61:5'
  failureType: 'testCodeFailure'
  error: "Cannot read properties of undefined (reading 'route')"
  code: 'ERR_TEST_FAILURE'
  name: 'TypeError'
  stack: |-
    TestContext.<anonymous> (/Users/jonhy/PersonalDatas/Codes/github/anysoft/qinglong/test/back/deprecated-file-routes.test.cjs:69:37)
    Test.runInAsyncScope (node:async_hooks:214:14)
    Test.run (node:internal/test_runner/test:1047:25)
    Test.start (node:internal/test_runner/test:944:17)
    startSubtestAfterBootstrap (node:internal/test_runner/harness:296:17)
  ...
# Subtest: script filename route points callers to its detail API
not ok 16 - script filename route points callers to its detail API
  ---
  duration_ms: 137.906458
  type: 'test'
  location: '/Users/jonhy/PersonalDatas/Codes/github/anysoft/qinglong/test/back/deprecated-file-routes.test.cjs:61:5'
  failureType: 'testCodeFailure'
  error: "Cannot read properties of undefined (reading 'route')"
  code: 'ERR_TEST_FAILURE'
  name: 'TypeError'
  stack: |-
    TestContext.<anonymous> (/Users/jonhy/PersonalDatas/Codes/github/anysoft/qinglong/test/back/deprecated-file-routes.test.cjs:69:37)
    Test.runInAsyncScope (node:async_hooks:214:14)
    Test.run (node:internal/test_runner/test:1047:25)
    Test.processPendingSubtests (node:internal/test_runner/test:744:18)
    Test.postRun (node:internal/test_runner/test:1173:19)
    Test.run (node:internal/test_runner/test:1101:12)
    async startSubtestAfterBootstrap (node:internal/test_runner/harness:296:3)
  ...
# Subtest: log filename route points callers to its detail API
not ok 17 - log filename route points callers to its detail API
  ---
  duration_ms: 85.383333
  type: 'test'
  location: '/Users/jonhy/PersonalDatas/Codes/github/anysoft/qinglong/test/back/deprecated-file-routes.test.cjs:61:5'
  failureType: 'testCodeFailure'
  error: "Cannot read properties of undefined (reading 'route')"
  code: 'ERR_TEST_FAILURE'
  name: 'TypeError'
  stack: |-
    TestContext.<anonymous> (/Users/jonhy/PersonalDatas/Codes/github/anysoft/qinglong/test/back/deprecated-file-routes.test.cjs:69:37)
    Test.runInAsyncScope (node:async_hooks:214:14)
    Test.run (node:internal/test_runner/test:1047:25)
    Test.processPendingSubtests (node:internal/test_runner/test:744:18)
    Test.postRun (node:internal/test_runner/test:1173:19)
    Test.run (node:internal/test_runner/test:1101:12)
    async Test.processPendingSubtests (node:internal/test_runner/test:744:7)
  ...
# Subtest: container logging discards stdout and forwards startup errors without persistent copies
ok 18 - container logging discards stdout and forwards startup errors without persistent copies
  ---
  duration_ms: 12.41225
  type: 'test'
  ...
# Subtest: non-container installs keep the PM2 logging defaults
ok 19 - non-container installs keep the PM2 logging defaults
  ---
  duration_ms: 14.204625
  type: 'test'
  ...
# Subtest: matches legacy pipeline for whitespace, malformed lines, CRLF and final unterminated line
ok 20 - matches legacy pipeline for whitespace, malformed lines, CRLF and final unterminated line
  ---
  duration_ms: 63.033125
  type: 'test'
  ...
# Subtest: resets prior names for an empty file
ok 21 - resets prior names for an empty file
  ---
  duration_ms: 21.839833
  type: 'test'
  ...
# Subtest: extracting names never evaluates command substitutions or shell syntax in values
ok 22 - extracting names never evaluates command substitutions or shell syntax in values
  ---
  duration_ms: 50.371416
  type: 'test'
  ...
# Subtest: clear_env removes listed exports and preserves unrelated values
ok 23 - clear_env removes listed exports and preserves unrelated values
  ---
  duration_ms: 25.031875
  type: 'test'
  ...
# Subtest: large configuration preserves order and duplicate names
ok 24 - large configuration preserves order and duplicate names
  ---
  duration_ms: 236.006334
  type: 'test'
  ...
# Subtest: spawn failure settles without exit, and the next scheduled run can proceed
ok 25 - spawn failure settles without exit, and the next scheduled run can proceed
  ---
  duration_ms: 166.129583
  type: 'test'
  ...
# Subtest: completion waits for slow log consumers and preserves the final output
ok 26 - completion waits for slow log consumers and preserves the final output
  ---
  duration_ms: 94.135916
  type: 'test'
  ...
# Subtest: exit is not completion, and UTF-8 split across writes remains intact
ok 27 - exit is not completion, and UTF-8 split across writes remains intact
  ---
  duration_ms: 35.018833
  type: 'test'
  ...
# Subtest: failed log sink drains large output instead of blocking the child
ok 28 - failed log sink drains large output instead of blocking the child
  ---
  duration_ms: 63.94625
  type: 'test'
  ...
# Subtest: PID response keeps queue capacity occupied until cleanup completes
ok 29 - PID response keeps queue capacity occupied until cleanup completes
  ---
  duration_ms: 290.01
  type: 'test'
  ...
# Subtest: before/error/end callback failures settle and release capacity
ok 30 - before/error/end callback failures settle and release capacity
  ---
  duration_ms: 24.456
  type: 'test'
  ...
# Subtest: concurrent writes and closes preserve all bytes, and failed files can be closed
ok 31 - concurrent writes and closes preserve all bytes, and failed files can be closed
  ---
  duration_ms: 150.892125
  type: 'test'
  ...
# Subtest: file access enforces directory boundaries, blacklist descendants and symlinks
ok 32 - file access enforces directory boundaries, blacklist descendants and symlinks
  ---
  duration_ms: 4.769917
  type: 'test'
  ...
# Subtest: readDirs preserves the recursive tree contract and ignores blocked entries
ok 33 - readDirs preserves the recursive tree contract and ignores blocked entries
  ---
  duration_ms: 21.940458
  type: 'test'
  ...
# Subtest: gRPC cron response preserves Sequelize model fields through protobuf serialization
ok 34 - gRPC cron response preserves Sequelize model fields through protobuf serialization
  ---
  duration_ms: 73.288208
  type: 'test'
  ...
# Subtest: legacy plain cron rows normalize absent repeated fields
ok 35 - legacy plain cron rows normalize absent repeated fields
  ---
  duration_ms: 0.235583
  type: 'test'
  ...
# Subtest: HTTP listener preserves private binding and releases its port after shutdown
ok 36 - HTTP listener preserves private binding and releases its port after shutdown
  ---
  duration_ms: 115.651958
  type: 'test'
  ...
# Subtest: custom cluster deployments can restore shared listening
ok 37 - custom cluster deployments can restore shared listening
  ---
  duration_ms: 1.201625
  type: 'test'
  ...
# Subtest: HTTP authentication protects init, scopes, expired sessions and config secrets
ok 38 - HTTP authentication protects init, scopes, expired sessions and config secrets
  ---
  duration_ms: 946.151333
  type: 'test'
  ...
# Subtest: HTTP binding 127.0.0.1 never broadens an explicit private address
ok 39 - HTTP binding 127.0.0.1 never broadens an explicit private address
  ---
  duration_ms: 122.748125
  type: 'test'
  ...
# Subtest: gRPC binding 127.0.0.1 never broadens an explicit private address
ok 40 - gRPC binding 127.0.0.1 never broadens an explicit private address
  ---
  duration_ms: 19.736792
  type: 'test'
  ...
# Subtest: HTTP binding ::1 never broadens an explicit private address
ok 41 - HTTP binding ::1 never broadens an explicit private address
  ---
  duration_ms: 30.614042
  type: 'test'
  ...
# Subtest: gRPC binding ::1 never broadens an explicit private address
ok 42 - gRPC binding ::1 never broadens an explicit private address
  ---
  duration_ms: 50.254542
  type: 'test'
  ...
# Subtest: HTTP binding 192.0.2.1 never broadens an explicit private address
ok 43 - HTTP binding 192.0.2.1 never broadens an explicit private address
  ---
  duration_ms: 39.060416
  type: 'test'
  ...
# Subtest: gRPC binding 192.0.2.1 never broadens an explicit private address
ok 44 - gRPC binding 192.0.2.1 never broadens an explicit private address
  ---
  duration_ms: 18.301625
  type: 'test'
  ...
# Subtest: HTTP binding :: never broadens an explicit private address
ok 45 - HTTP binding :: never broadens an explicit private address
  ---
  duration_ms: 22.968583
  type: 'test'
  ...
# Subtest: gRPC binding :: never broadens an explicit private address
ok 46 - gRPC binding :: never broadens an explicit private address
  ---
  duration_ms: 12.541666
  type: 'test'
  ...
# Subtest: log streams reject traversal, sibling prefixes and escaping symlinks before writing
ok 47 - log streams reject traversal, sibling prefixes and escaping symlinks before writing
  ---
  duration_ms: 68.224792
  type: 'test'
  ...
# Subtest: log initialization rejects unsafe paths before mkdir or file writes
ok 48 - log initialization rejects unsafe paths before mkdir or file writes
  ---
  duration_ms: 450.952583
  type: 'test'
  ...
# Subtest: manual execution rejects escaping log names before creating directories or spawning
ok 49 - manual execution rejects escaping log names before creating directories or spawning
  ---
  duration_ms: 512.079916
  type: 'test'
  ...
# Subtest: log reader defaults to a bounded tail and supports incremental reads
ok 50 - log reader defaults to a bounded tail and supports incremental reads
  ---
  duration_ms: 7.666209
  type: 'test'
  ...
# Subtest: log reader enforces the maximum chunk size
ok 51 - log reader enforces the maximum chunk size
  ---
  duration_ms: 3.820917
  type: 'test'
  ...
# Subtest: log reader preserves UTF-8 characters across byte boundaries
ok 52 - log reader preserves UTF-8 characters across byte boundaries
  ---
  duration_ms: 2.949625
  type: 'test'
  ...
# Subtest: missing logs return an empty chunk
ok 53 - missing logs return an empty chunk
  ---
  duration_ms: 0.922958
  type: 'test'
  ...
# Subtest: manual execution captures a short child before slow status storage and flushes before release
ok 54 - manual execution captures a short child before slow status storage and flushes before release
  ---
  duration_ms: 791.022416
  type: 'test'
  ...
# Subtest: manual startup loses its conditional claim after stop and terminates the late child
ok 55 - manual startup loses its conditional claim after stop and terminates the late child
  ---
  duration_ms: 499.136084
  type: 'test'
  ...
# Subtest: manual startup loses its conditional claim after newer-queue and terminates the late child
ok 56 - manual startup loses its conditional claim after newer-queue and terminates the late child
  ---
  duration_ms: 322.117291
  type: 'test'
  ...
# Subtest: manual startup loses its conditional claim after stop-requeue and terminates the late child
ok 57 - manual startup loses its conditional claim after stop-requeue and terminates the late child
  ---
  duration_ms: 214.37875
  type: 'test'
  ...
# Subtest: verified termination waits for a SIGTERM-resistant target to exit
ok 58 - verified termination waits for a SIGTERM-resistant target to exit
  ---
  duration_ms: 1133.5445
  type: 'test'
  ...
# Subtest: a runner waiting for a concurrency slot cannot adopt a newer queued generation
ok 59 - a runner waiting for a concurrency slot cannot adopt a newer queued generation
  ---
  duration_ms: 118.515084
  type: 'test'
  ...
# Subtest: metrics keep only the newest bounded samples
ok 60 - metrics keep only the newest bounded samples
  ---
  duration_ms: 8.846958
  type: 'test'
  ...
# Subtest: empty metric queries return finite aggregates
ok 61 - empty metric queries return finite aggregates
  ---
  duration_ms: 0.539458
  type: 'test'
  ...
# Subtest: health probes bypass request metric retention with or without base URL
ok 62 - health probes bypass request metric retention with or without base URL
  ---
  duration_ms: 0.5815
  type: 'test'
  ...
# Subtest: non-health requests keep bounded service metrics
ok 63 - non-health requests keep bounded service metrics
  ---
  duration_ms: 0.631042
  type: 'test'
  ...
# Subtest: ordinary request metrics are sampled instead of retained per request
ok 64 - ordinary request metrics are sampled instead of retained per request
  ---
  duration_ms: 0.295875
  type: 'test'
  ...
# Subtest: warm cache avoids pnpm, preserves spaces, and never evaluates cached text
ok 65 - warm cache avoids pnpm, preserves spaces, and never evaluates cached text
  ---
  duration_ms: 575.72025
  type: 'test'
  ...
# Subtest: config, environment, cwd, and executable changes invalidate discovery
ok 66 - config, environment, cwd, and executable changes invalidate discovery
  ---
  duration_ms: 805.508208
  type: 'test'
  ...
# Subtest: expired or malformed records refresh and failed lookups are not cached
ok 67 - expired or malformed records refresh and failed lookups are not cached
  ---
  duration_ms: 671.193833
  type: 'test'
  ...
# Subtest: disabled or unavailable cache falls back without changing discovery output
ok 68 - disabled or unavailable cache falls back without changing discovery output
  ---
  duration_ms: 458.67775
  type: 'test'
  ...
# Subtest: concurrent refreshes publish complete records and do not overwrite symlink targets
ok 69 - concurrent refreshes publish complete records and do not overwrite symlink targets
  ---
  duration_ms: 414.975875
  type: 'test'
  ...
# Subtest: task entry tolerates discovery failure with errexit enabled
ok 70 - task entry tolerates discovery failure with errexit enabled
  ---
  duration_ms: 640.721666
  type: 'test'
  ...
# Subtest: simultaneous cold and expired lookups share one successful refresh
ok 71 - simultaneous cold and expired lookups share one successful refresh # SKIP
  ---
  duration_ms: 0.397458
  type: 'test'
  ...
# Subtest: waiters with different configuration do not reuse another key
ok 72 - waiters with different configuration do not reuse another key # SKIP
  ---
  duration_ms: 0.059834
  type: 'test'
  ...
# Subtest: lock timeout falls back while a holder is still alive
ok 73 - lock timeout falls back while a holder is still alive # SKIP
  ---
  duration_ms: 0.0885
  type: 'test'
  ...
# Subtest: absent or unsupported flock and unsafe lock paths preserve discovery
ok 74 - absent or unsupported flock and unsafe lock paths preserve discovery
  ---
  duration_ms: 1581.280958
  type: 'test'
  ...
# Subtest: failed refresh releases lock and does not publish a success
ok 75 - failed refresh releases lock and does not publish a success
  ---
  duration_ms: 853.309667
  type: 'test'
  ...
# Subtest: refresh leaves the caller file descriptor and umask unchanged
ok 76 - refresh leaves the caller file descriptor and umask unchanged
  ---
  duration_ms: 800.414708
  type: 'test'
  ...
# Subtest: container APM policy keeps worker isolation and can restore all inherited probes
ok 77 - container APM policy keeps worker isolation and can restore all inherited probes
  ---
  duration_ms: 4.604125
  type: 'test'
  ...
# Subtest: standalone PM2 monitoring stays enabled
ok 78 - standalone PM2 monitoring stays enabled
  ---
  duration_ms: 0.77625
  type: 'test'
  ...
# Subtest: termination accepts Linux exited state Z before PID reaping
ok 79 - termination accepts Linux exited state Z before PID reaping
  ---
  duration_ms: 18.793125
  type: 'test'
  ...
# Subtest: termination accepts Linux exited state X before PID reaping
ok 80 - termination accepts Linux exited state X before PID reaping
  ---
  duration_ms: 20.855375
  type: 'test'
  ...
# Subtest: termination accepts Linux exited state x before PID reaping
ok 81 - termination accepts Linux exited state x before PID reaping
  ---
  duration_ms: 19.78
  type: 'test'
  ...
# Subtest: termination keeps waiting while the process is running
ok 82 - termination keeps waiting while the process is running
  ---
  duration_ms: 35.941417
  type: 'test'
  ...
# Subtest: a process disappearing during the procfs read is accepted
ok 83 - a process disappearing during the procfs read is accepted
  ---
  duration_ms: 6.934292
  type: 'test'
  ...
# Subtest: permission failures are not reported as successful termination
ok 84 - permission failures are not reported as successful termination
  ---
  duration_ms: 9.537541
  type: 'test'
  ...
# Subtest: rejects case variations under protected API namespaces
ok 85 - rejects case variations under protected API namespaces
  ---
  duration_ms: 4.057791
  type: 'test'
  ...
# Subtest: allows normalized protected paths and unrelated paths
ok 86 - allows normalized protected paths and unrelated paths
  ---
  duration_ms: 0.213208
  type: 'test'
  ...
# Subtest: ql log reads the requested system log history without PM2
not ok 87 - ql log reads the requested system log history without PM2
  ---
  duration_ms: 51.520417
  type: 'test'
  location: '/Users/jonhy/PersonalDatas/Codes/github/anysoft/qinglong/test/back/qlServiceLogCommand.test.cjs:33:1'
  failureType: 'testCodeFailure'
  error: |-
    Expected values to be strictly equal:
    + actual - expected
    
    + ''
    - 'system-two\nsystem-three\n'
    
  code: 'ERR_ASSERTION'
  name: 'AssertionError'
  expected: |-
    system-two
    system-three
    
  actual: ''
  operator: 'strictEqual'
  stack: |-
    TestContext.<anonymous> (/Users/jonhy/PersonalDatas/Codes/github/anysoft/qinglong/test/back/qlServiceLogCommand.test.cjs:73:10)
    Test.runInAsyncScope (node:async_hooks:214:14)
    Test.run (node:internal/test_runner/test:1047:25)
    Test.start (node:internal/test_runner/test:944:17)
    startSubtestAfterBootstrap (node:internal/test_runner/harness:296:17)
  ...
# Subtest: ql log follows the current Winston system log without PM2
not ok 88 - ql log follows the current Winston system log without PM2
  ---
  duration_ms: 426.146959
  type: 'test'
  location: '/Users/jonhy/PersonalDatas/Codes/github/anysoft/qinglong/test/back/qlServiceLogCommand.test.cjs:46:1'
  failureType: 'testCodeFailure'
  error: |-
    Expected values to be strictly equal:
    + actual - expected
    
    + 'tail <-n> <0> <--retry> <-F> </var/folders/zw/3r78x0_95dl5_cj7tpslfdq40000gn/T/ql-core-baseline-tV0JBt/data/syslog/2026-09-15.log>\n'
    - 'tail <-n> <0> <--retry> <-F> </var/folders/zw/3r78x0_95dl5_cj7tpslfdq40000gn/T/ql-log-command-PtLfMe/container/data/syslog/2026-09-15.log>\n'
    
  code: 'ERR_ASSERTION'
  name: 'AssertionError'
  expected: |-
    tail <-n> <0> <--retry> <-F> </var/folders/zw/3r78x0_95dl5_cj7tpslfdq40000gn/T/ql-log-command-PtLfMe/container/data/syslog/2026-09-15.log>
    
  actual: |-
    tail <-n> <0> <--retry> <-F> </var/folders/zw/3r78x0_95dl5_cj7tpslfdq40000gn/T/ql-core-baseline-tV0JBt/data/syslog/2026-09-15.log>
    
  operator: 'strictEqual'
  stack: |-
    TestContext.<anonymous> (/Users/jonhy/PersonalDatas/Codes/github/anysoft/qinglong/test/back/qlServiceLogCommand.test.cjs:104:10)
    Test.runInAsyncScope (node:async_hooks:214:14)
    Test.run (node:internal/test_runner/test:1047:25)
    Test.processPendingSubtests (node:internal/test_runner/test:744:18)
    Test.postRun (node:internal/test_runner/test:1173:19)
    Test.run (node:internal/test_runner/test:1101:12)
    async startSubtestAfterBootstrap (node:internal/test_runner/harness:296:3)
  ...
# Subtest: ql log reports when no persisted system log exists
not ok 89 - ql log reports when no persisted system log exists
  ---
  duration_ms: 59.886625
  type: 'test'
  location: '/Users/jonhy/PersonalDatas/Codes/github/anysoft/qinglong/test/back/qlServiceLogCommand.test.cjs:62:1'
  failureType: 'testCodeFailure'
  error: |-
    The input did not match the regular expression /no system log found/. Input:
    
    ''
    
  code: 'ERR_ASSERTION'
  name: 'AssertionError'
  expected:
  actual: ''
  operator: 'match'
  stack: |-
    TestContext.<anonymous> (/Users/jonhy/PersonalDatas/Codes/github/anysoft/qinglong/test/back/qlServiceLogCommand.test.cjs:127:10)
    Test.runInAsyncScope (node:async_hooks:214:14)
    Test.run (node:internal/test_runner/test:1047:25)
    Test.processPendingSubtests (node:internal/test_runner/test:744:18)
    Test.postRun (node:internal/test_runner/test:1173:19)
    Test.run (node:internal/test_runner/test:1101:12)
    async Test.processPendingSubtests (node:internal/test_runner/test:744:7)
  ...
# Subtest: retention policy defaults to disabled and clamps invalid values
ok 90 - retention policy defaults to disabled and clamps invalid values
  ---
  duration_ms: 1.187375
  type: 'test'
  ...
# Subtest: directory preview counts files recursively and ignores symlinks
ok 91 - directory preview counts files recursively and ignores symlinks
  ---
  duration_ms: 37.288541
  type: 'test'
  ...
# Subtest: cleanup previews first, protects running instances, and uses explicit options
ok 92 - cleanup previews first, protects running instances, and uses explicit options
  ---
  duration_ms: 115.916833
  type: 'test'
  ...
# Subtest: schedule health check uses the HTTP health endpoint and system logs
    # Subtest: returns serving for a healthy prefixed HTTP service
    ok 1 - returns serving for a healthy prefixed HTTP service
      ---
      duration_ms: 30.349958
      type: 'test'
      ...
    # Subtest: reports recent system logs when HTTP startup fails
    ok 2 - reports recent system logs when HTTP startup fails
      ---
      duration_ms: 26.569875
      type: 'test'
      ...
    1..2
ok 93 - schedule health check uses the HTTP health endpoint and system logs
  ---
  duration_ms: 66.007667
  type: 'test'
  ...
# Subtest: scheduler lock survives nested file writes and releases after success
ok 94 - scheduler lock survives nested file writes and releases after success
  ---
  duration_ms: 139.904167
  type: 'test'
  ...
# Subtest: scheduler lock survives nested file writes and releases after failure
ok 95 - scheduler lock survives nested file writes and releases after failure
  ---
  duration_ms: 82.740416
  type: 'test'
  ...
# Subtest: recovery snapshot cannot overwrite concurrent create
ok 96 - recovery snapshot cannot overwrite concurrent create
  ---
  duration_ms: 673.514209
  type: 'test'
  ...
# Subtest: recovery snapshot cannot overwrite concurrent update
ok 97 - recovery snapshot cannot overwrite concurrent update
  ---
  duration_ms: 321.148625
  type: 'test'
  ...
# Subtest: recovery snapshot cannot overwrite concurrent remove
ok 98 - recovery snapshot cannot overwrite concurrent remove
  ---
  duration_ms: 205.648125
  type: 'test'
  ...
# Subtest: recovery snapshot cannot overwrite concurrent disabled
ok 99 - recovery snapshot cannot overwrite concurrent disabled
  ---
  duration_ms: 415.457125
  type: 'test'
  ...
# Subtest: recovery snapshot cannot overwrite concurrent enabled
ok 100 - recovery snapshot cannot overwrite concurrent enabled
  ---
  duration_ms: 264.611333
  type: 'test'
  ...
# Subtest: recovery waits for an admitted mutation to finish registration before reading the DB
ok 101 - recovery waits for an admitted mutation to finish registration before reading the DB
  ---
  duration_ms: 259.127291
  type: 'test'
  ...
# Subtest: create preserves scheduler 503 after rollback and releases its lock
ok 102 - create preserves scheduler 503 after rollback and releases its lock
  ---
  duration_ms: 167.199625
  type: 'test'
  ...
# Subtest: update preserves scheduler 503 after rollback and releases its lock
ok 103 - update preserves scheduler 503 after rollback and releases its lock
  ---
  duration_ms: 270.53
  type: 'test'
  ...
# Subtest: enabled preserves scheduler 503 after rollback and releases its lock
ok 104 - enabled preserves scheduler 503 after rollback and releases its lock
  ---
  duration_ms: 246.979209
  type: 'test'
  ...
# Subtest: scheduler lock excludes a second OS process and leaves no lock after completion
ok 105 - scheduler lock excludes a second OS process and leaves no lock after completion
  ---
  duration_ms: 459.091292
  type: 'test'
  ...
# Subtest: update aborts on RPC 4 with deletion applied=false and reconciles the original DB
ok 106 - update aborts on RPC 4 with deletion applied=false and reconciles the original DB
  ---
  duration_ms: 89.954958
  type: 'test'
  ...
# Subtest: update aborts on RPC 4 with deletion applied=true and reconciles the original DB
ok 107 - update aborts on RPC 4 with deletion applied=true and reconciles the original DB
  ---
  duration_ms: 79.3145
  type: 'test'
  ...
# Subtest: update aborts on RPC 14 with deletion applied=false and reconciles the original DB
ok 108 - update aborts on RPC 14 with deletion applied=false and reconciles the original DB
  ---
  duration_ms: 81.033542
  type: 'test'
  ...
# Subtest: update aborts on RPC 14 with deletion applied=true and reconciles the original DB
ok 109 - update aborts on RPC 14 with deletion applied=true and reconciles the original DB
  ---
  duration_ms: 62.553417
  type: 'test'
  ...
# Subtest: remove aborts on RPC 4 with deletion applied=false and reconciles the original DB
ok 110 - remove aborts on RPC 4 with deletion applied=false and reconciles the original DB
  ---
  duration_ms: 54.033917
  type: 'test'
  ...
# Subtest: remove aborts on RPC 4 with deletion applied=true and reconciles the original DB
ok 111 - remove aborts on RPC 4 with deletion applied=true and reconciles the original DB
  ---
  duration_ms: 56.203
  type: 'test'
  ...
# Subtest: remove aborts on RPC 14 with deletion applied=false and reconciles the original DB
ok 112 - remove aborts on RPC 14 with deletion applied=false and reconciles the original DB
  ---
  duration_ms: 53.561833
  type: 'test'
  ...
# Subtest: remove aborts on RPC 14 with deletion applied=true and reconciles the original DB
ok 113 - remove aborts on RPC 14 with deletion applied=true and reconciles the original DB
  ---
  duration_ms: 56.739166
  type: 'test'
  ...
# Subtest: disabled aborts on RPC 4 with deletion applied=false and reconciles the original DB
ok 114 - disabled aborts on RPC 4 with deletion applied=false and reconciles the original DB
  ---
  duration_ms: 54.00025
  type: 'test'
  ...
# Subtest: disabled aborts on RPC 4 with deletion applied=true and reconciles the original DB
ok 115 - disabled aborts on RPC 4 with deletion applied=true and reconciles the original DB
  ---
  duration_ms: 51.252834
  type: 'test'
  ...
# Subtest: disabled aborts on RPC 14 with deletion applied=false and reconciles the original DB
ok 116 - disabled aborts on RPC 14 with deletion applied=false and reconciles the original DB
  ---
  duration_ms: 44.109125
  type: 'test'
  ...
# Subtest: disabled aborts on RPC 14 with deletion applied=true and reconciles the original DB
ok 117 - disabled aborts on RPC 14 with deletion applied=true and reconciles the original DB
  ---
  duration_ms: 46.960041
  type: 'test'
  ...
# Subtest: configuration rollback cannot restore an obsolete manual queue token
ok 118 - configuration rollback cannot restore an obsolete manual queue token
  ---
  duration_ms: 56.204833
  type: 'test'
  ...
# Subtest: readiness stays false through failed restoration and retries without idle polling
ok 119 - readiness stays false through failed restoration and retries without idle polling
  ---
  duration_ms: 99.726792
  type: 'test'
  ...
# Subtest: single-flight recovery cannot mark an invalidated generation ready
ok 120 - single-flight recovery cannot mark an invalidated generation ready
  ---
  duration_ms: 32.584083
  type: 'test'
  ...
# Subtest: mutation waiting is bounded, a later recovery can succeed
ok 121 - mutation waiting is bounded, a later recovery can succeed
  ---
  duration_ms: 25.460334
  type: 'test'
  ...
# Subtest: probe failure immediately invalidates a previously ready scheduler
ok 122 - probe failure immediately invalidates a previously ready scheduler
  ---
  duration_ms: 41.356167
  type: 'test'
  ...
# Subtest: health uses actual readiness and returns HTTP 503 until recovery
ok 123 - health uses actual readiness and returns HTTP 503 until recovery
  ---
  duration_ms: 163.191292
  type: 'test'
  ...
# Subtest: recovery registration errors propagate while ordinary autosave retains file synchronization
ok 124 - recovery registration errors propagate while ordinary autosave retains file synchronization
  ---
  duration_ms: 6.576166
  type: 'test'
  ...
# Subtest: scheduler probe uses the cron channel and failed writes are not replayed
ok 125 - scheduler probe uses the cron channel and failed writes are not replayed
  ---
  duration_ms: 179.328291
  type: 'test'
  ...
# Subtest: scheduler health probe never calls back into HTTP health
ok 126 - scheduler health probe never calls back into HTTP health
  ---
  duration_ms: 13.230625
  type: 'test'
  ...
# Subtest: recovery reconciles a surviving scheduler after missed deletes and disables, including an empty DB
ok 127 - recovery reconciles a surviving scheduler after missed deletes and disables, including an empty DB
  ---
  duration_ms: 31.677958
  type: 'test'
  ...
# Subtest: invalid replacement leaves the previous schedule intact
ok 128 - invalid replacement leaves the previous schedule intact
  ---
  duration_ms: 42.037958
  type: 'test'
  ...
# Subtest: pre-RPC channel failures invalidate readiness and return 503 without executing or replaying writes
ok 129 - pre-RPC channel failures invalidate readiness and return 503 without executing or replaying writes
  ---
  duration_ms: 149.9135
  type: 'test'
  ...
# Subtest: addCron invalidates an uncertain timed-out write without replaying it
ok 130 - addCron invalidates an uncertain timed-out write without replaying it
  ---
  duration_ms: 157.75775
  type: 'test'
  ...
# Subtest: delCron invalidates an uncertain timed-out write without replaying it
ok 131 - delCron invalidates an uncertain timed-out write without replaying it
  ---
  duration_ms: 93.992125
  type: 'test'
  ...
# Error: Cannot find module '../../back/shared/schemaMigrations'
# Require stack:
# - /Users/jonhy/PersonalDatas/Codes/github/anysoft/qinglong/test/back/schema-migrations.test.cjs
#     at Function.<anonymous> (node:internal/modules/cjs/loader:1430:15)
#     at Function.Module._resolveFilename.sharedData.moduleResolveFilenameHook.installedValue [as _resolveFilename] (/Users/jonhy/PersonalDatas/Codes/github/anysoft/qinglong/node_modules/.pnpm/@cspotcode+source-map-support@0.8.1/node_modules/@cspotcode/source-map-support/source-map-support.js:811:30)
#     at defaultResolveImpl (node:internal/modules/cjs/loader:1040:19)
#     at resolveForCJSWithHooks (node:internal/modules/cjs/loader:1045:22)
#     at Function._load (node:internal/modules/cjs/loader:1216:25)
#     at wrapModuleLoad (node:internal/modules/cjs/loader:254:19)
#     at Module.require (node:internal/modules/cjs/loader:1527:12)
#     at require (node:internal/modules/helpers:147:16)
#     at Object.<anonymous> (/Users/jonhy/PersonalDatas/Codes/github/anysoft/qinglong/test/back/schema-migrations.test.cjs:7:27)
#     at Module._compile (node:internal/modules/cjs/loader:1781:14) {
#   code: 'MODULE_NOT_FOUND',
#   requireStack: [
#     '/Users/jonhy/PersonalDatas/Codes/github/anysoft/qinglong/test/back/schema-migrations.test.cjs'
#   ]
# }
# Subtest: test/back/schema-migrations.test.cjs
not ok 36 - test/back/schema-migrations.test.cjs
  ---
  duration_ms: 538.980542
  type: 'test'
  location: '/Users/jonhy/PersonalDatas/Codes/github/anysoft/qinglong/test/back/schema-migrations.test.cjs:1:1'
  failureType: 'testCodeFailure'
  exitCode: 1
  signal: ~
  error: 'test failed'
  code: 'ERR_TEST_FAILURE'
  ...
# Subtest: valid token cache is read with one jq and reused without generation
ok 133 - valid token cache is read with one jq and reused without generation
  ---
  duration_ms: 258.480875
  type: 'test'
  ...
# Subtest: expired, corrupt, missing or header-unsafe token cache refreshes under errexit
ok 134 - expired, corrupt, missing or header-unsafe token cache refreshes under errexit
  ---
  duration_ms: 772.7785
  type: 'test'
  ...
# Subtest: success with a message still parses once and stays silent
ok 135 - success with a message still parses once and stays silent
  ---
  duration_ms: 397.861041
  type: 'test'
  ...
# Subtest: status and statistics errors preserve multiline Unicode messages
ok 136 - status and statistics errors preserve multiline Unicode messages
  ---
  duration_ms: 712.5925
  type: 'test'
  ...
# Subtest: non-JSON errors fall back to raw text and absent messages retain legacy null
ok 137 - non-JSON errors fall back to raw text and absent messages retain legacy null
  ---
  duration_ms: 370.948666
  type: 'test'
  ...
# Subtest: statistics without a task id perform no JSON parsing
ok 138 - statistics without a task id perform no JSON parsing
  ---
  duration_ms: 5.620292
  type: 'test'
  ...
# Subtest: canonical success resets prior errors and matches jq missing-message semantics
ok 139 - canonical success resets prior errors and matches jq missing-message semantics
  ---
  duration_ms: 16.130375
  type: 'test'
  ...
# Subtest: noncanonical JSON always uses jq, including whitespace, duplicate keys and embedded success text
ok 140 - noncanonical JSON always uses jq, including whitespace, duplicate keys and embedded success text
  ---
  duration_ms: 362.296375
  type: 'test'
  ...
# Subtest: success-shaped invalid documents retain the raw-response error fallback
ok 141 - success-shaped invalid documents retain the raw-response error fallback
  ---
  duration_ms: 253.517291
  type: 'test'
  ...
# Subtest: WebSocket connections reject expired tokens and close when sessions are revoked
ok 142 - WebSocket connections reject expired tokens and close when sessions are revoked
  ---
  duration_ms: 1047.2555
  type: 'test'
  ...
# Subtest: stop wins when shell exit writes error or success during termination, preserving exit codes
ok 143 - stop wins when shell exit writes error or success during termination, preserving exit codes
  ---
  duration_ms: 653.288084
  type: 'test'
  ...
# Subtest: late shell completion cannot overwrite stopped instances
ok 144 - late shell completion cannot overwrite stopped instances
  ---
  duration_ms: 266.282167
  type: 'test'
  ...
# Subtest: rows created after the stop snapshot are not relabelled
ok 145 - rows created after the stop snapshot are not relabelled
  ---
  duration_ms: 262.236625
  type: 'test'
  ...
# Subtest: repeated stop does not rewrite historical rows or their finished timestamps
ok 146 - repeated stop does not rewrite historical rows or their finished timestamps
  ---
  duration_ms: 238.180292
  type: 'test'
  ...
# Subtest: batch stop captures running instances from every requested cron
ok 147 - batch stop captures running instances from every requested cron
  ---
  duration_ms: 282.554833
  type: 'test'
  ...
# Subtest: stop signals every snapshotted PID exactly once and preserves a later running instance
ok 148 - stop signals every snapshotted PID exactly once and preserves a later running instance
  ---
  duration_ms: 154.759292
  type: 'test'
  ...
# Subtest: failed termination is not finalized as stopped
ok 149 - failed termination is not finalized as stopped
  ---
  duration_ms: 102.850667
  type: 'test'
  ...
# Subtest: subscription becomes idle and closes its log even when completion logging fails
ok 150 - subscription becomes idle and closes its log even when completion logging fails
  ---
  duration_ms: 922.768542
  type: 'test'
  ...
# Subtest: clearing a dependency cache marks installed entries for reinstall
ok 151 - clearing a dependency cache marks installed entries for reinstall
  ---
  duration_ms: 363.056625
  type: 'test'
  ...
# Subtest: Linux task timestamps share a snapshot and retain millisecond log names across midnight
ok 152 - Linux task timestamps share a snapshot and retain millisecond log names across midnight
  ---
  duration_ms: 22.068667
  type: 'test'
  ...
# Subtest: explicit log paths and output mode remain intact
ok 153 - explicit log paths and output mode remain intact
  ---
  duration_ms: 5.698125
  type: 'test'
  ...
# Subtest: task failure keeps exit code and minimum one-second runtime
ok 154 - task failure keeps exit code and minimum one-second runtime
  ---
  duration_ms: 10.728958
  type: 'test'
  ...
# Subtest: manual stop retains stopped message and exit status reporting
ok 155 - manual stop retains stopped message and exit status reporting
  ---
  duration_ms: 11.278916
  type: 'test'
  ...
# Subtest: macos keeps legacy time conversion helpers
ok 156 - macos keeps legacy time conversion helpers
  ---
  duration_ms: 20.054209
  type: 'test'
  ...
# Subtest: custom keeps legacy time conversion helpers
ok 157 - custom keeps legacy time conversion helpers
  ---
  duration_ms: 16.242583
  type: 'test'
  ...
# Subtest: initialization returns the username and password validation result
ok 158 - initialization returns the username and password validation result
  ---
  duration_ms: 243.800834
  type: 'test'
  ...
# Subtest: initialization checks state inside a serialized mutation
ok 159 - initialization checks state inside a serialized mutation
  ---
  duration_ms: 395.731042
  type: 'test'
  ...
# Subtest: password change revokes sessions and closes connected clients
ok 160 - password change revokes sessions and closes connected clients
  ---
  duration_ms: 256.431333
  type: 'test'
  ...
# Subtest: a concurrent old-password login cannot restore a session after reset
ok 161 - a concurrent old-password login cannot restore a session after reset
  ---
  duration_ms: 201.025833
  type: 'test'
  ...
# Subtest: plaintext passwords are rejected without conversion
ok 162 - plaintext passwords are rejected without conversion
  ---
  duration_ms: 83.572125
  type: 'test'
  ...
# Subtest: TOTP failures are counted serially and further attempts are throttled
ok 163 - TOTP failures are counted serially and further attempts are throttled
  ---
  duration_ms: 217.752167
  type: 'test'
  ...
# Subtest: TOTP challenge expires and valid codes cannot be reused in the same step
ok 164 - TOTP challenge expires and valid codes cannot be reused in the same step
  ---
  duration_ms: 271.709583
  type: 'test'
  ...
# Subtest: active two-factor secret cannot be silently replaced and disabling revokes sessions
ok 165 - active two-factor secret cannot be silently replaced and disabling revokes sessions
  ---
  duration_ms: 67.91675
  type: 'test'
  ...
# Subtest: unknown default credentials do not grant fresh initialization
ok 166 - unknown default credentials do not grant fresh initialization
  ---
  duration_ms: 32.221792
  type: 'test'
  ...
# Subtest: PM2-managed primary disables only inherited worker APM and keeps worker metadata
ok 167 - PM2-managed primary disables only inherited worker APM and keeps worker metadata
  ---
  duration_ms: 12.534084
  type: 'test'
  ...
# Subtest: worker APM opt-in restores inherited PM2 settings, including explicit disable
ok 168 - worker APM opt-in restores inherited PM2 settings, including explicit disable
  ---
  duration_ms: 5.410125
  type: 'test'
  ...
# Subtest: standalone startup does not introduce a PM2-specific override
ok 169 - standalone startup does not introduce a PM2-specific override
  ---
  duration_ms: 5.299875
  type: 'test'
  ...
# Subtest: replacement workers receive the same monitoring policy
ok 170 - replacement workers receive the same monitoring policy
  ---
  duration_ms: 1.803875
  type: 'test'
  ...
# Subtest: WPUSH survives protobuf and JSON round trips without changing existing modes
ok 171 - WPUSH survives protobuf and JSON round trips without changing existing modes
  ---
  duration_ms: 2.508083
  type: 'test'
  ...
# Subtest: decoded SystemNotify requests reach WPUSH with explicit or saved configuration
ok 172 - decoded SystemNotify requests reach WPUSH with explicit or saved configuration
  ---
  duration_ms: 188.969583
  type: 'test'
  ...
# Subtest: validation errors include the failing field names
ok 173 - validation errors include the failing field names
  ---
  duration_ms: 3.151292
  type: 'test'
  ...
# Subtest: existing API error details remain visible
ok 174 - existing API error details remain visible
  ---
  duration_ms: 0.160125
  type: 'test'
  ...
1..174
# tests 176
# suites 0
# pass 166
# fail 7
# cancelled 0
# skipped 3
# todo 0
# duration_ms 8101.057916
