[[32minfo[39m 2026-09-15 19:50:19]:	[boot] DB loaded
[[32minfo[39m 2026-09-15 19:50:19]:	[boot] grpc worker started (PID: 76809)
[[32minfo[39m 2026-09-15 19:50:19]:	[boot] Generating gRPC mTLS certificates...
[[32minfo[39m 2026-09-15 19:50:20]:	[boot] gRPC mTLS certificates generated successfully
[[32minfo[39m 2026-09-15 19:50:20]:	[boot] gRPC mTLS certificates saved to /var/folders/zw/3r78x0_95dl5_cj7tpslfdq40000gn/T/platform-full-qbNUMU/data/config/grpc
[[34mdebug[39m 2026-09-15 19:50:20]:	[boot] gRPC service started successfully on 127.0.0.1:55190
[[32minfo[39m 2026-09-15 19:50:20]:	[boot] gRPC worker is ready, starting HTTP worker
[[32minfo[39m 2026-09-15 19:50:20]:	[boot] http worker started (PID: 76826)
[[32minfo[39m 2026-09-15 19:50:20]:	[boot] Loaded existing gRPC mTLS certificates from disk
[[32minfo[39m 2026-09-15 19:50:20]:	[boot] Dependency loaded
[[32minfo[39m 2026-09-15 19:50:20]:	[boot] Link deps loaded
[[32minfo[39m 2026-09-15 19:50:20]:	[boot] Init file down
[[32minfo[39m 2026-09-15 19:50:20]:	[boot] Init file loaded
[[32minfo[39m 2026-09-15 19:50:20]:	[boot] Init data loaded
[[32minfo[39m 2026-09-15 19:50:20]:	[boot] Init task loaded
[[32minfo[39m 2026-09-15 19:50:20]:	[panel][取消interval任务] 任务ID: NaN, 任务名: Generate token
[[32minfo[39m 2026-09-15 19:50:20]:	[panel][创建interval任务] 任务ID: NaN, 任务名: Generate token, 执行命令: node /var/folders/zw/3r78x0_95dl5_cj7tpslfdq40000gn/T/platform-full-qbNUMU/static/build/token.js
[[32minfo[39m 2026-09-15 19:50:20]:	[panel][开始执行任务] 任务ID: NaN
[[32minfo[39m 2026-09-15 19:50:20]:	[boot] Express loaded
[[34mdebug[39m 2026-09-15 19:50:20]:	[boot] HTTP service started successfully on 127.0.0.1:55189
[[32minfo[39m 2026-09-15 19:50:20]:	[boot] Sock loaded
[[32minfo[39m 2026-09-15 19:50:20]:	[panel][执行任务结束] 任务ID: NaN, 退出码: 0
[[32minfo[39m 2026-09-15 19:50:25]:	Git workspace operation=diagnostics repository=1 result=OK
[[32minfo[39m 2026-09-15 19:50:26]:	Git workspace operation=initialize repository=1 result=OK
[[32minfo[39m 2026-09-15 19:50:26]:	Git workspace operation=diagnostics repository=1 result=OK
[[32minfo[39m 2026-09-15 19:50:26]:	Git workspace operation=refs repository=1 result=OK
[[32minfo[39m 2026-09-15 19:50:28]:	Git workspace operation=fetch repository=1 result=OK
[[32minfo[39m 2026-09-15 19:50:28]:	Git workspace operation=diagnostics repository=1 result=OK
[[32minfo[39m 2026-09-15 19:50:28]:	Git workspace operation=refs repository=1 result=OK
[[32minfo[39m 2026-09-15 19:50:30]:	[panel][取消定时任务] 任务名: E2E Subscription
[[32minfo[39m 2026-09-15 19:50:30]:	Git workspace operation=refs repository=1 result=OK
[[32minfo[39m 2026-09-15 19:50:30]:	Git workspace operation=refs repository=1 result=OK
[[32minfo[39m 2026-09-15 19:50:31]:	Git workspace operation=fetch repository=1 result=OK
[[32minfo[39m 2026-09-15 19:50:31]:	Git workspace operation=create-worktree repository=1 result=OK
[[32minfo[39m 2026-09-15 19:50:31]:	Git workspace operation=SUBSCRIPTION_BIND repository=1 result=OK
[[33mwarn[39m 2026-09-15 19:50:31]:	Slow request detected: POST /1/prepare took 1146.70ms
[[32minfo[39m 2026-09-15 19:50:32]:	[panel][开始执行任务] 任务ID: 1
[[32minfo[39m 2026-09-15 19:50:34]:	[schedule][创建定时任务] 任务ID: 1, 名称: E2E js, cron: 0 0 1 1 *, 执行命令: real_time=false no_tee=true ID=1 log_name=subscription-1_job task subscription-1/job.js
[[32minfo[39m 2026-09-15 19:50:34]:	[schedule][创建定时任务] 任务ID: 2, 名称: E2E py, cron: 0 0 1 1 *, 执行命令: real_time=false no_tee=true ID=2 log_name=subscription-1_job task subscription-1/job.py
[[32minfo[39m 2026-09-15 19:50:34]:	[schedule][创建定时任务] 任务ID: 3, 名称: E2E sh, cron: 0 0 1 1 *, 执行命令: real_time=false no_tee=true ID=3 log_name=subscription-1_job task subscription-1/job.sh
[[32minfo[39m 2026-09-15 19:50:34]:	Git workspace operation=diagnostics repository=1 result=OK
[[32minfo[39m 2026-09-15 19:50:35]:	Git workspace operation=refs repository=1 result=OK
[[32minfo[39m 2026-09-15 19:50:35]:	[environment] variables changed scope=global owner=0 count=1 secret_replacements=0
[[32minfo[39m 2026-09-15 19:50:36]:	[environment] profile saved id=1
[[32minfo[39m 2026-09-15 19:50:36]:	[environment] profile saved id=1
[[32minfo[39m 2026-09-15 19:50:36]:	[environment] variables changed scope=repository owner=1 count=1 secret_replacements=0
[[32minfo[39m 2026-09-15 19:50:37]:	[panel][执行任务结束] 任务ID: 1, 退出码: 0
[[32minfo[39m 2026-09-15 19:50:37]:	[environment] variables changed scope=task owner=3 count=1 secret_replacements=0
[[32minfo[39m 2026-09-15 19:50:38]:	[environment] variables changed scope=task owner=2 count=1 secret_replacements=0
[[32minfo[39m 2026-09-15 19:50:38]:	[environment] variables changed scope=task owner=1 count=1 secret_replacements=0
[[32minfo[39m 2026-09-15 19:50:40]:	[panel][执行任务结束] 任务ID: 3, 退出码: 0
[[32minfo[39m 2026-09-15 19:50:42]:	[panel][执行任务结束] 任务ID: 2, 退出码: 0
[[32minfo[39m 2026-09-15 19:50:43]:	[panel][执行任务结束] 任务ID: 1, 退出码: 0
[[32minfo[39m 2026-09-15 19:50:44]:	Git workspace operation=refs repository=1 result=OK
[[32minfo[39m 2026-09-15 19:50:45]:	[panel][取消定时任务] 任务名: E2E Subscription
[[32minfo[39m 2026-09-15 19:50:46]:	[panel][取消定时任务] 任务名: E2E Subscription
[[32minfo[39m 2026-09-15 19:50:46]:	Git workspace operation=refs repository=1 result=OK
[[34mdebug[39m 2026-09-15 19:50:46]:	gRPC service stopped
[[32minfo[39m 2026-09-15 19:50:46]:	Worker 76809 exited
[[32minfo[39m 2026-09-15 19:50:50]:	[boot] DB loaded
[[32minfo[39m 2026-09-15 19:50:50]:	[boot] grpc worker started (PID: 79170)
[[32minfo[39m 2026-09-15 19:50:50]:	[boot] Loaded existing gRPC mTLS certificates from disk
[[34mdebug[39m 2026-09-15 19:50:50]:	[boot] gRPC service started successfully on 127.0.0.1:55190
[[32minfo[39m 2026-09-15 19:50:50]:	[boot] gRPC worker is ready, starting HTTP worker
[[32minfo[39m 2026-09-15 19:50:51]:	[boot] http worker started (PID: 79171)
[[32minfo[39m 2026-09-15 19:50:51]:	[boot] Loaded existing gRPC mTLS certificates from disk
[[32minfo[39m 2026-09-15 19:50:51]:	[boot] Dependency loaded
[[32minfo[39m 2026-09-15 19:50:51]:	[boot] Link deps loaded
[[32minfo[39m 2026-09-15 19:50:51]:	[boot] Init file down
[[32minfo[39m 2026-09-15 19:50:51]:	[boot] Init file loaded
[[32minfo[39m 2026-09-15 19:50:51]:	[schedule][创建定时任务] 任务ID: 3, 名称: E2E sh, cron: 0 0 1 1 *, 执行命令: real_time=false no_tee=true ID=3 log_name=subscription-1_job task subscription-1/job.sh
[[32minfo[39m 2026-09-15 19:50:51]:	[schedule][创建定时任务] 任务ID: 2, 名称: E2E py, cron: 0 0 1 1 *, 执行命令: real_time=false no_tee=true ID=2 log_name=subscription-1_job task subscription-1/job.py
[[32minfo[39m 2026-09-15 19:50:51]:	[schedule][创建定时任务] 任务ID: 1, 名称: E2E js, cron: 0 0 1 1 *, 执行命令: real_time=false no_tee=true ID=1 log_name=subscription-1_job task subscription-1/job.js
[[32minfo[39m 2026-09-15 19:50:51]:	[boot] Init data loaded
[[32minfo[39m 2026-09-15 19:50:51]:	[boot] Init task loaded
[[32minfo[39m 2026-09-15 19:50:51]:	[panel][取消interval任务] 任务ID: NaN, 任务名: 生成token
[[32minfo[39m 2026-09-15 19:50:51]:	[panel][创建interval任务] 任务ID: NaN, 任务名: 生成token, 执行命令: node /var/folders/zw/3r78x0_95dl5_cj7tpslfdq40000gn/T/platform-full-qbNUMU/static/build/token.js
[[32minfo[39m 2026-09-15 19:50:51]:	[panel][开始执行任务] 任务ID: NaN
[[32minfo[39m 2026-09-15 19:50:51]:	[boot] Express loaded
[[34mdebug[39m 2026-09-15 19:50:51]:	[boot] HTTP service started successfully on 127.0.0.1:55189
[[32minfo[39m 2026-09-15 19:50:51]:	[boot] Sock loaded
[[32minfo[39m 2026-09-15 19:50:51]:	[panel][取消定时任务] 任务名: E2E Subscription
[[32minfo[39m 2026-09-15 19:50:51]:	[panel][执行任务结束] 任务ID: NaN, 退出码: 0
[[32minfo[39m 2026-09-15 19:50:52]:	[panel][执行任务结束] 任务ID: 3, 退出码: 0
[[34mdebug[39m 2026-09-15 19:51:06]:	HTTP service stopped
[[32minfo[39m 2026-09-15 19:51:06]:	Worker 79171 exited
[[34mdebug[39m 2026-09-15 19:51:06]:	gRPC service stopped
[[32minfo[39m 2026-09-15 19:51:06]:	Worker 79170 exited
