npm warn Unknown project config "strict-peer-dependencies". This will stop working in the next major version of npm. See `npm help npmrc` for supported config options.
npm warn Unknown project config "strict-peer-dependencies". This will stop working in the next major version of npm. See `npm help npmrc` for supported config options.

> @whyour/qinglong@2.21.0-16 test:platform:e2e
> node diagnostics/phase4.5b/platform-e2e.cjs

empty-root-bootstrap
browser-fresh-initialize-login
browser-credential-create
browser-repository-create
browser-initialize-fetch
browser-subscription-create-branch
browser-prepare-sync-discovery
browser-worktree-view
browser-global-create
browser-profile-create-default
browser-task-overrides-preview
browser-three-language-run-logs
browser-disable-enable
restart-relogin
restart-repeat-execution
fresh-v1-fk-layout
