npm warn Unknown project config "strict-peer-dependencies". This will stop working in the next major version of npm. See `npm help npmrc` for supported config options.
TAP version 13
# Subtest: fresh seed is local, idempotent and creates no usable password or legacy startup task
ok 1 - fresh seed is local, idempotent and creates no usable password or legacy startup task
  ---
  duration_ms: 65.514208
  type: 'test'
  ...
# Subtest: empty data root creates v1, all bridge/core tables, and restarts without schema writes
ok 2 - empty data root creates v1, all bridge/core tables, and restarts without schema writes
  ---
  duration_ms: 191.65075
  type: 'test'
  ...
# Subtest: unknown nonempty database fails closed and preserves rows and schema
ok 3 - unknown nonempty database fails closed and preserves rows and schema
  ---
  duration_ms: 68.842667
  type: 'test'
  ...
# Subtest: partial DDL failure rolls back all objects and allows a clean retry
ok 4 - partial DDL failure rolls back all objects and allows a clean retry
  ---
  duration_ms: 93.462791
  type: 'test'
  ...
# Subtest: unexpected schema objects are rejected on restart
ok 5 - unexpected schema objects are rejected on restart
  ---
  duration_ms: 80.761667
  type: 'test'
  ...
# Subtest: fresh directory bootstrap refuses symlinked database directory
ok 6 - fresh directory bootstrap refuses symlinked database directory
  ---
  duration_ms: 1.984791
  type: 'test'
  ...
# Subtest: repository required at domain and DB boundaries; obsolete API fields cannot become persisted columns
ok 7 - repository required at domain and DB boundaries; obsolete API fields cannot become persisted columns
  ---
  duration_ms: 867.994417
  type: 'test'
  ...
# Subtest: CRUD, cron/interval registration, manual dispatch, stop and ID log identity use one pipeline
ok 8 - CRUD, cron/interval registration, manual dispatch, stop and ID log identity use one pipeline
  ---
  duration_ms: 702.496042
  type: 'test'
  ...
# Subtest: only repository credential is resolved; disabled credential fails instead of anonymous fallback
ok 9 - only repository credential is resolved; disabled credential fails instead of anonymous fallback
  ---
  duration_ms: 382.3375
  type: 'test'
  ...
# [Managed] REPOSITORY_FETCH subscription=1
# [Managed] WORKTREE_ENSURE subscription=1
# [Managed] WORKTREE_UPDATE subscription=1
# [Managed] worktree=1 commit=b85547ee8ff1d169318ad0f6cb6908e92375bf42 -> b85547ee8ff1d169318ad0f6cb6908e92375bf42
# [Managed] DISCOVERY subscription=1
# [Managed] discovery add=1 drop=0
# [Managed] COPY_AND_CRON subscription=1
# [Managed] REPOSITORY_FETCH subscription=1
# [Managed] WORKTREE_ENSURE subscription=1
# [Managed] WORKTREE_UPDATE subscription=1
# [Managed] worktree=1 commit=b85547ee8ff1d169318ad0f6cb6908e92375bf42 -> b85547ee8ff1d169318ad0f6cb6908e92375bf42
# [Managed] DISCOVERY subscription=1
# [Managed] discovery add=0 drop=0
# [Managed] COPY_AND_CRON subscription=1
# [Managed] REPOSITORY_FETCH subscription=1
# [Managed] WORKTREE_ENSURE subscription=1
# [Managed] WORKTREE_UPDATE subscription=1
# [Managed] worktree=1 commit=b85547ee8ff1d169318ad0f6cb6908e92375bf42 -> 52d8a4d81aa46f3426db73031dc2acb404176f52
# [Managed] DISCOVERY subscription=1
# [Managed] discovery add=0 drop=0
# [Managed] COPY_AND_CRON subscription=1
# Subtest: repository-only prepare, first sync, no-change retry and FF update retain stable namespace
ok 10 - repository-only prepare, first sync, no-change retry and FF update retain stable namespace
  ---
  duration_ms: 7391.104666
  type: 'test'
  ...
# [Managed] REPOSITORY_FETCH subscription=1
# [Managed] WORKTREE_ENSURE subscription=1
# [Managed] WORKTREE_UPDATE subscription=1
# [Managed] worktree=1 commit=f04ba945df702da071791fbe42e2bbdfbcebdd9a -> f04ba945df702da071791fbe42e2bbdfbcebdd9a
# [Managed] DISCOVERY subscription=1
# [Managed] discovery add=1 drop=0
# [Managed] COPY_AND_CRON subscription=1
# [Managed] REPOSITORY_FETCH subscription=1
# [Managed] WORKTREE_ENSURE subscription=1
# [Managed] WORKTREE_ENSURE: WORKTREE_DIRTY
# Subtest: dirty Worktree preserves last scripts and Tasks
ok 11 - dirty Worktree preserves last scripts and Tasks
  ---
  duration_ms: 4332.008042
  type: 'test'
  ...
# [Managed] REPOSITORY_FETCH subscription=1
# [Managed] WORKTREE_ENSURE subscription=1
# [Managed] WORKTREE_UPDATE subscription=1
# [Managed] worktree=1 commit=d3d903a2425396801dd73232b5b0973246307408 -> d3d903a2425396801dd73232b5b0973246307408
# [Managed] DISCOVERY subscription=1
# [Managed] discovery add=1 drop=0
# [Managed] COPY_AND_CRON subscription=1
# [Managed] REPOSITORY_FETCH subscription=1
# [Managed] WORKTREE_ENSURE subscription=1
# [Managed] WORKTREE_ENSURE: WORKTREE_DIRTY
# Subtest: untracked Worktree preserves last scripts and Tasks
ok 12 - untracked Worktree preserves last scripts and Tasks
  ---
  duration_ms: 4239.073833
  type: 'test'
  ...
# [Managed] REPOSITORY_FETCH subscription=1
# [Managed] WORKTREE_ENSURE subscription=1
# [Managed] WORKTREE_UPDATE subscription=1
# [Managed] worktree=1 commit=6fda4b84f2e7c689858758bf7f7e08d89e19dfb6 -> 6fda4b84f2e7c689858758bf7f7e08d89e19dfb6
# [Managed] DISCOVERY subscription=1
# [Managed] discovery add=1 drop=0
# [Managed] COPY_AND_CRON subscription=1
# [Managed] REPOSITORY_FETCH subscription=1
# [Managed] WORKTREE_ENSURE subscription=1
# [Managed] WORKTREE_ENSURE: WORKTREE_LOCAL_COMMITS
# Subtest: ahead Worktree preserves last scripts and Tasks
ok 13 - ahead Worktree preserves last scripts and Tasks
  ---
  duration_ms: 4115.322333
  type: 'test'
  ...
# [Managed] REPOSITORY_FETCH subscription=1
# [Managed] WORKTREE_ENSURE subscription=1
# [Managed] WORKTREE_UPDATE subscription=1
# [Managed] worktree=1 commit=89ed97a242695918692500999dde9c33c9bae989 -> 89ed97a242695918692500999dde9c33c9bae989
# [Managed] DISCOVERY subscription=1
# [Managed] discovery add=1 drop=0
# [Managed] COPY_AND_CRON subscription=1
# [Managed] REPOSITORY_FETCH subscription=1
# [Managed] WORKTREE_ENSURE subscription=1
# [Managed] WORKTREE_ENSURE: WORKTREE_MISSING
# Subtest: missing Worktree preserves last scripts and Tasks
ok 14 - missing Worktree preserves last scripts and Tasks
  ---
  duration_ms: 3834.963625
  type: 'test'
  ...
# [Managed] REPOSITORY_FETCH subscription=1
# [Managed] WORKTREE_ENSURE subscription=1
# [Managed] WORKTREE_UPDATE subscription=1
# [Managed] worktree=1 commit=3a6d06e90785bd7e85b59cc4fcb9d6fd94408b8c -> 3a6d06e90785bd7e85b59cc4fcb9d6fd94408b8c
# [Managed] DISCOVERY subscription=1
# [Managed] discovery add=1 drop=0
# [Managed] COPY_AND_CRON subscription=1
# [Managed] REPOSITORY_FETCH subscription=1
# [Managed] WORKTREE_ENSURE subscription=1
# [Managed] WORKTREE_ENSURE: WORKTREE_STALE
# Subtest: detached Worktree preserves last scripts and Tasks
ok 15 - detached Worktree preserves last scripts and Tasks
  ---
  duration_ms: 3981.433083
  type: 'test'
  ...
# [Managed] REPOSITORY_FETCH subscription=1
# [Managed] WORKTREE_ENSURE subscription=1
# [Managed] WORKTREE_UPDATE subscription=1
# [Managed] worktree=1 commit=beed70c5ec4bf186a994e4d67dccbfc301f0618a -> beed70c5ec4bf186a994e4d67dccbfc301f0618a
# [Managed] DISCOVERY subscription=1
# [Managed] discovery add=1 drop=0
# [Managed] COPY_AND_CRON subscription=1
# [Managed] REPOSITORY_FETCH subscription=1
# [Managed] WORKTREE_ENSURE subscription=1
# [Managed] WORKTREE_UPDATE subscription=1
# [Managed] worktree=1 commit=beed70c5ec4bf186a994e4d67dccbfc301f0618a -> beed70c5ec4bf186a994e4d67dccbfc301f0618a
# [Managed] DISCOVERY subscription=1
# [Managed] DISCOVERY: INVALID_DISCOVERY_FILTER
# [Managed] REPOSITORY_FETCH subscription=1
# [Managed] WORKTREE_ENSURE subscription=1
# [Managed] WORKTREE_UPDATE subscription=1
# [Managed] worktree=1 commit=beed70c5ec4bf186a994e4d67dccbfc301f0618a -> beed70c5ec4bf186a994e4d67dccbfc301f0618a
# [Managed] DISCOVERY subscription=1
# [Managed] discovery add=0 drop=0
# [Managed] COPY_AND_CRON subscription=1
# Subtest: discovery failure preserves last good state and retry at same commit succeeds
ok 16 - discovery failure preserves last good state and retry at same commit succeeds
  ---
  duration_ms: 5918.928292
  type: 'test'
  ...
# Subtest: shared repository/branch binding is retained and blocks worktree deletion
ok 17 - shared repository/branch binding is retained and blocks worktree deletion
  ---
  duration_ms: 3119.154208
  type: 'test'
  ...
# [Managed] REPOSITORY_FETCH subscription=1
# [Managed] WORKTREE_ENSURE subscription=1
# [Managed] WORKTREE_UPDATE subscription=1
# [Managed] worktree=1 commit=abe0f28bddf8b29e2ab09677591f12fa71772d52 -> abe0f28bddf8b29e2ab09677591f12fa71772d52
# [Managed] DISCOVERY subscription=1
# [Managed] discovery add=1 drop=0
# [Managed] COPY_AND_CRON subscription=1
# [Managed] REPOSITORY_FETCH subscription=1
# [Managed] REPOSITORY_FETCH: GIT_COMMAND_FAILED
# Subtest: fetch, scanner, copy and Cron failures preserve Tasks; every failure can retry
    # Subtest: network failure never reaches discovery
    ok 1 - network failure never reaches discovery
      ---
      duration_ms: 119.253709
      type: 'test'
      ...
# [Managed] REPOSITORY_FETCH subscription=1
# [Managed] WORKTREE_ENSURE subscription=1
# [Managed] WORKTREE_UPDATE subscription=1
# [Managed] worktree=1 commit=abe0f28bddf8b29e2ab09677591f12fa71772d52 -> 8e234aefff7f3e421a7ffde1db94d9d665540f83
# [Managed] DISCOVERY subscription=1
# [Managed] discovery add=1 drop=1
# [Managed] COPY_AND_CRON subscription=1
# [Managed] COPY_AND_CRON: MANAGED_SYNC_FAILED
    # Subtest: partial Cron registration failure restores original ID and scripts
    ok 2 - partial Cron registration failure restores original ID and scripts
      ---
      duration_ms: 1900.128791
      type: 'test'
      ...
# [Managed] REPOSITORY_FETCH subscription=1
# [Managed] WORKTREE_ENSURE subscription=1
# [Managed] WORKTREE_UPDATE subscription=1
# [Managed] worktree=1 commit=8e234aefff7f3e421a7ffde1db94d9d665540f83 -> 8e234aefff7f3e421a7ffde1db94d9d665540f83
# [Managed] DISCOVERY subscription=1
# [Managed] discovery add=1 drop=1
# [Managed] COPY_AND_CRON subscription=1
    # Subtest: retry at already updated commit applies old scanner add/drop
    ok 3 - retry at already updated commit applies old scanner add/drop
      ---
      duration_ms: 2104.463417
      type: 'test'
      ...
# [Managed] REPOSITORY_FETCH subscription=1
# [Managed] WORKTREE_ENSURE subscription=1
# [Managed] WORKTREE_UPDATE subscription=1
# [Managed] worktree=1 commit=8e234aefff7f3e421a7ffde1db94d9d665540f83 -> 8e234aefff7f3e421a7ffde1db94d9d665540f83
# [Managed] DISCOVERY subscription=1
# [Managed] discovery add=0 drop=0
# [Managed] COPY_AND_CRON subscription=1
    # Subtest: copy failure leaves current scripts intact
    not ok 4 - copy failure leaves current scripts intact
      ---
      duration_ms: 1926.115
      type: 'test'
      location: '/Users/jonhy/PersonalDatas/Codes/github/anysoft/qinglong/tests/platform/subscription-pipeline.test.cjs:192:11'
      failureType: 'testCodeFailure'
      error: 'Missing expected rejection.'
      code: 'ERR_ASSERTION'
      name: 'AssertionError'
      operator: 'rejects'
      stack: |-
        async TestContext.<anonymous> (/Users/jonhy/PersonalDatas/Codes/github/anysoft/qinglong/tests/platform/subscription-pipeline.test.cjs:198:5)
        async Test.run (node:internal/test_runner/test:1054:7)
        async TestContext.<anonymous> (/Users/jonhy/PersonalDatas/Codes/github/anysoft/qinglong/tests/platform/subscription-pipeline.test.cjs:192:3)
        async Test.run (node:internal/test_runner/test:1054:7)
        async Test.processPendingSubtests (node:internal/test_runner/test:744:7)
      ...
    1..4
not ok 18 - fetch, scanner, copy and Cron failures preserve Tasks; every failure can retry
  ---
  duration_ms: 9721.023167
  type: 'test'
  location: '/Users/jonhy/PersonalDatas/Codes/github/anysoft/qinglong/tests/platform/subscription-pipeline.test.cjs:136:1'
  failureType: 'subtestsFailed'
  error: '1 subtest failed'
  code: 'ERR_TEST_FAILURE'
  ...
# [Managed] REPOSITORY_FETCH subscription=1
# [Managed] WORKTREE_ENSURE subscription=1
# [Managed] WORKTREE_UPDATE subscription=1
# [Managed] worktree=1 commit=c0bc29a7b375e8ff9f096acde06ba1a01c1e9f2d -> c0bc29a7b375e8ff9f096acde06ba1a01c1e9f2d
# [Managed] DISCOVERY subscription=1
# [Managed] discovery add=1 drop=0
# [Managed] COPY_AND_CRON subscription=1
# Subtest: Managed leases block overlapping sync, update and binding changes
ok 19 - Managed leases block overlapping sync, update and binding changes
  ---
  duration_ms: 4263.972875
  type: 'test'
  ...
# [Managed] REPOSITORY_FETCH subscription=1
# [Managed] WORKTREE_ENSURE subscription=1
# [Managed] WORKTREE_UPDATE subscription=1
# [Managed] worktree=1 commit=a3295f7453d5e58a7cd2f0fa845f7d635aa9212f -> a3295f7453d5e58a7cd2f0fa845f7d635aa9212f
# [Managed] DISCOVERY subscription=1
# [Managed] discovery add=1 drop=0
# [Managed] COPY_AND_CRON subscription=1
# [Managed] REPOSITORY_FETCH subscription=1
# [Managed] WORKTREE_ENSURE subscription=1
# [Managed] WORKTREE_UPDATE subscription=1
# [Managed] worktree=1 commit=a3295f7453d5e58a7cd2f0fa845f7d635aa9212f -> 4d5b5ad7ce2822999a4daa4cb3d4267b2acefaae
# [Managed] DISCOVERY subscription=1
# [Managed] DISCOVERY: PATH_CONFLICT
# Subtest: symlink source is refused without reading or copying outside data root
ok 20 - symlink source is refused without reading or copying outside data root
  ---
  duration_ms: 4632.337
  type: 'test'
  ...
# [Managed] REPOSITORY_FETCH subscription=1
# [Managed] WORKTREE_ENSURE subscription=1
# [Managed] WORKTREE_UPDATE subscription=1
# [Managed] worktree=1 commit=9bff9aef6b0b447e083de3ab78d848585887952f -> 9bff9aef6b0b447e083de3ab78d848585887952f
# [Managed] DISCOVERY subscription=1
# [Managed] discovery add=1 drop=0
# [Managed] COPY_AND_CRON subscription=1
# [Managed] REPOSITORY_FETCH subscription=1
# [Managed] WORKTREE_ENSURE subscription=1
# [Managed] WORKTREE_UPDATE subscription=1
# [Managed] worktree=2 commit=9bff9aef6b0b447e083de3ab78d848585887952f -> 9bff9aef6b0b447e083de3ab78d848585887952f
# [Managed] DISCOVERY subscription=1
# [Managed] discovery add=0 drop=0
# [Managed] COPY_AND_CRON subscription=1
# Subtest: branch selection creates a new binding and preserves the old Worktree
ok 21 - branch selection creates a new binding and preserves the old Worktree
  ---
  duration_ms: 5883.503084
  type: 'test'
  ...
# [Managed] REPOSITORY_FETCH subscription=1
# [Managed] WORKTREE_ENSURE subscription=1
# [Managed] WORKTREE_UPDATE subscription=1
# [Managed] worktree=1 commit=34ed52bcc9a33e36510d9e7d08868906e163dfaa -> 34ed52bcc9a33e36510d9e7d08868906e163dfaa
# [Managed] DISCOVERY subscription=1
# [Managed] discovery add=1 drop=0
# [Managed] COPY_AND_CRON subscription=1
# [Managed] REPOSITORY_FETCH subscription=1
# [Managed] WORKTREE_ENSURE subscription=1
# [Managed] WORKTREE_ENSURE: REF_NOT_FOUND
# Subtest: branch deleted stops before scripts and Task diff
ok 22 - branch deleted stops before scripts and Task diff
  ---
  duration_ms: 3950.398875
  type: 'test'
  ...
# [Managed] REPOSITORY_FETCH subscription=1
# [Managed] WORKTREE_ENSURE subscription=1
# [Managed] WORKTREE_UPDATE subscription=1
# [Managed] worktree=1 commit=01598a1f17c9a2cb9c9d99c38a189cf850190107 -> 01598a1f17c9a2cb9c9d99c38a189cf850190107
# [Managed] DISCOVERY subscription=1
# [Managed] discovery add=1 drop=0
# [Managed] COPY_AND_CRON subscription=1
# [Managed] REPOSITORY_FETCH subscription=1
# [Managed] WORKTREE_ENSURE subscription=1
# [Managed] WORKTREE_ENSURE: WORKTREE_DIVERGED
# Subtest: force push stops before scripts and Task diff
ok 23 - force push stops before scripts and Task diff
  ---
  duration_ms: 4004.105042
  type: 'test'
  ...
# [Managed] REPOSITORY_FETCH subscription=1
# [Managed] WORKTREE_ENSURE subscription=1
# [Managed] WORKTREE_UPDATE subscription=1
# [Managed] worktree=1 commit=338f3c6beb9ad3fb7af0f1823ac2431a9f48eabb -> 338f3c6beb9ad3fb7af0f1823ac2431a9f48eabb
# [Managed] DISCOVERY subscription=1
# [Managed] discovery add=1 drop=0
# [Managed] COPY_AND_CRON subscription=1
# [Managed] REPOSITORY_FETCH subscription=1
# [Managed] REPOSITORY_FETCH: REPOSITORY_NOT_INITIALIZED
# Subtest: storage missing stops before scripts and Task diff
ok 24 - storage missing stops before scripts and Task diff
  ---
  duration_ms: 3457.318209
  type: 'test'
  ...
# [Managed] REPOSITORY_FETCH subscription=1
# [Managed] WORKTREE_ENSURE subscription=1
# [Managed] WORKTREE_UPDATE subscription=1
# [Managed] worktree=1 commit=d7d22b77a7b01df767f4f0cde46d109685defca2 -> d7d22b77a7b01df767f4f0cde46d109685defca2
# [Managed] DISCOVERY subscription=1
# [Managed] discovery add=1 drop=0
# [Managed] COPY_AND_CRON subscription=1
# [Managed] REPOSITORY_FETCH subscription=1
# [Managed] REPOSITORY_FETCH: MANAGED_SYNC_FAILED
# Subtest: disabled credential stops before scripts and Task diff
ok 25 - disabled credential stops before scripts and Task diff
  ---
  duration_ms: 3426.215833
  type: 'test'
  ...
1..25
# tests 29
# suites 0
# pass 27
# fail 2
# cancelled 0
# skipped 0
# todo 0
# duration_ms 76619.054708
