npm warn Unknown project config "strict-peer-dependencies". This will stop working in the next major version of npm. See `npm help npmrc` for supported config options.
TAP version 13
# Subtest: scoped sh account concurrency keeps split secrets in private temporary logs
ok 1 - scoped sh account concurrency keeps split secrets in private temporary logs
  ---
  duration_ms: 1215.714583
  type: 'test'
  ...
# Subtest: scoped js account concurrency keeps split secrets in private temporary logs
ok 2 - scoped js account concurrency keeps split secrets in private temporary logs
  ---
  duration_ms: 1026.986834
  type: 'test'
  ...
# Subtest: scoped py account concurrency keeps split secrets in private temporary logs
ok 3 - scoped py account concurrency keeps split secrets in private temporary logs
  ---
  duration_ms: 1391.666916
  type: 'test'
  ...
# Subtest: real HTTP APIs mask secrets and validation errors, enforce scope and block open access
ok 4 - real HTTP APIs mask secrets and validation errors, enforce scope and block open access
  ---
  duration_ms: 548.169542
  type: 'test'
  ...
# Subtest: profile CRUD, uniqueness, default, clone secrets, and reference protection
ok 5 - profile CRUD, uniqueness, default, clone secrets, and reference protection
  ---
  duration_ms: 425.935791
  type: 'test'
  ...
# Subtest: secret keep/replace/clear, metadata edits, atomic batch rollback and safe errors
ok 6 - secret keep/replace/clear, metadata edits, atomic batch rollback and safe errors
  ---
  duration_ms: 154.37625
  type: 'test'
  ...
# Subtest: profile precedence, manual task, disabled and wrong repository fail closed
not ok 7 - profile precedence, manual task, disabled and wrong repository fail closed
  ---
  duration_ms: 123.998542
  type: 'test'
  location: '/Users/jonhy/PersonalDatas/Codes/github/anysoft/qinglong/tests/platform/environment-domain.test.cjs:47:1'
  failureType: 'testCodeFailure'
  error: |-
    Expected values to be strictly equal:
    
    true !== false
    
  code: 'ERR_ASSERTION'
  name: 'AssertionError'
  expected: false
  actual: true
  operator: 'strictEqual'
  stack: |-
    TestContext.<anonymous> (/Users/jonhy/PersonalDatas/Codes/github/anysoft/qinglong/tests/platform/environment-domain.test.cjs:61:10)
    async Test.run (node:internal/test_runner/test:1054:7)
    async Test.processPendingSubtests (node:internal/test_runner/test:744:7)
  ...
# Subtest: SET/UNSET/disabled/empty precedence, immutable snapshot and parent isolation
not ok 8 - SET/UNSET/disabled/empty precedence, immutable snapshot and parent isolation
  ---
  duration_ms: 104.395583
  type: 'test'
  location: '/Users/jonhy/PersonalDatas/Codes/github/anysoft/qinglong/tests/platform/environment-domain.test.cjs:66:1'
  failureType: 'testCodeFailure'
  error: |-
    Expected values to be strictly deep-equal:
    + actual - expected
    
      {
        A: 'task',
        C: 'global',
        D: '',
    -   RETAIN: 'kept'
      }
    
  code: 'ERR_ASSERTION'
  name: 'AssertionError'
  expected:
    RETAIN: 'kept'
    A: 'task'
    C: 'global'
    D: ''
  actual:
    C: 'global'
    D: ''
    A: 'task'
  operator: 'deepStrictEqual'
  stack: |-
    TestContext.<anonymous> (/Users/jonhy/PersonalDatas/Codes/github/anysoft/qinglong/tests/platform/environment-domain.test.cjs:73:10)
    async Test.run (node:internal/test_runner/test:1054:7)
    async Test.processPendingSubtests (node:internal/test_runner/test:744:7)
  ...
# Subtest: streaming secret redaction preserves UTF-8 and masks literal and JSON-escaped multiline values
ok 9 - streaming secret redaction preserves UTF-8 and masks literal and JSON-escaped multiline values
  ---
  duration_ms: 186.370416
  type: 'test'
  ...
# Subtest: snapshot cleanup preserves live owners, removes stale dead owners, rejects symlinks and oversized environment
ok 10 - snapshot cleanup preserves live owners, removes stale dead owners, rejects symlinks and oversized environment
  ---
  duration_ms: 393.199458
  type: 'test'
  ...
# Subtest: global-only execution allocates a private full snapshot
ok 11 - global-only execution allocates a private full snapshot
  ---
  duration_ms: 151.289083
  type: 'test'
  ...
1..11
# tests 11
# suites 0
# pass 9
# fail 2
# cancelled 0
# skipped 0
# todo 0
# duration_ms 3867.657917
