npm warn Unknown project config "strict-peer-dependencies". This will stop working in the next major version of npm. See `npm help npmrc` for supported config options.
TAP version 13
# Subtest: fresh seed is local, idempotent and creates no usable password or legacy startup task
ok 1 - fresh seed is local, idempotent and creates no usable password or legacy startup task
  ---
  duration_ms: 61.683625
  type: 'test'
  ...
# Subtest: empty data root creates v1, all bridge/core tables, and restarts without schema writes
ok 2 - empty data root creates v1, all bridge/core tables, and restarts without schema writes
  ---
  duration_ms: 194.146875
  type: 'test'
  ...
# Subtest: unknown nonempty database fails closed and preserves rows and schema
ok 3 - unknown nonempty database fails closed and preserves rows and schema
  ---
  duration_ms: 71.240333
  type: 'test'
  ...
# Subtest: partial DDL failure rolls back all objects and allows a clean retry
ok 4 - partial DDL failure rolls back all objects and allows a clean retry
  ---
  duration_ms: 83.642416
  type: 'test'
  ...
# Subtest: unexpected schema objects are rejected on restart
ok 5 - unexpected schema objects are rejected on restart
  ---
  duration_ms: 72.43325
  type: 'test'
  ...
# Subtest: fresh directory bootstrap refuses symlinked database directory
ok 6 - fresh directory bootstrap refuses symlinked database directory
  ---
  duration_ms: 1.747167
  type: 'test'
  ...
1..6
# tests 6
# suites 0
# pass 6
# fail 0
# cancelled 0
# skipped 0
# todo 0
# duration_ms 727.57225
npm warn Unknown project config "strict-peer-dependencies". This will stop working in the next major version of npm. See `npm help npmrc` for supported config options.

> @whyour/qinglong@2.21.0-16 build:back
> tsc -p back/tsconfig.json

