npm warn Unknown project config "strict-peer-dependencies". This will stop working in the next major version of npm. See `npm help npmrc` for supported config options.
TAP version 13
# Subtest: actual ORM tables, automatic and manual tasks, and execution exit code in isolated SQLite
ok 1 - actual ORM tables, automatic and manual tasks, and execution exit code in isolated SQLite
  ---
  duration_ms: 540.670625
  type: 'test'
  ...
# Subtest: production ENV generator merges enabled duplicates, omits disabled and invalid names across three languages
ok 2 - production ENV generator merges enabled duplicates, omits disabled and invalid names across three languages
  ---
  duration_ms: 625.573042
  type: 'test'
  ...
# Subtest: characterization: JavaScript ENV evaluates template expressions; Shell preserves literal
ok 3 - characterization: JavaScript ENV evaluates template expressions; Shell preserves literal
  ---
  duration_ms: 29.227958
  type: 'test'
  ...
# Subtest: characterization: shell trims combined ENV; JS preserves surrounding whitespace
ok 4 - characterization: shell trims combined ENV; JS preserves surrounding whitespace
  ---
  duration_ms: 31.103917
  type: 'test'
  ...
# Subtest: Subscription command preserves legacy argument order, embedded credentials and flags
ok 5 - Subscription command preserves legacy argument order, embedded credentials and flags
  ---
  duration_ms: 9.771375
  type: 'test'
  ...
# Subtest: dependency command generation retains global Node and optional Python prefix without installing packages
ok 6 - dependency command generation retains global Node and optional Python prefix without installing packages
  ---
  duration_ms: 340.178042
  type: 'test'
  ...
# Subtest: real node-schedule trigger reaches production runTask and drains stdout/stderr
ok 7 - real node-schedule trigger reaches production runTask and drains stdout/stderr
  ---
  duration_ms: 199.530583
  type: 'test'
  ...
# Subtest: real local clone, nested discovery, metadata and auto-create API payloads
ok 8 - real local clone, nested discovery, metadata and auto-create API payloads
  ---
  duration_ms: 668.684
  type: 'test'
  ...
# Subtest: update deletes modified workspace and reclones upstream
ok 9 - update deletes modified workspace and reclones upstream
  ---
  duration_ms: 971.426542
  type: 'test'
  ...
# Subtest: update deletes untracked workspace and reclones upstream
ok 10 - update deletes untracked workspace and reclones upstream
  ---
  duration_ms: 1052.537875
  type: 'test'
  ...
# Subtest: update deletes local-commit workspace and reclones upstream
ok 11 - update deletes local-commit workspace and reclones upstream
  ---
  duration_ms: 1100.174542
  type: 'test'
  ...
# Subtest: update deletes detached workspace and reclones upstream
ok 12 - update deletes detached workspace and reclones upstream
  ---
  duration_ms: 1015.467792
  type: 'test'
  ...
# Subtest: update deletes conflict workspace and reclones upstream
ok 13 - update deletes conflict workspace and reclones upstream
  ---
  duration_ms: 1138.031084
  type: 'test'
  ...
# Subtest: different branches use separate clones; same URL and branch reuse destructive destination
ok 14 - different branches use separate clones; same URL and branch reuse destructive destination
  ---
  duration_ms: 1135.78025
  type: 'test'
  ...
# Subtest: actual task.sh executes python, injects ENV, captures output and reports status
ok 15 - actual task.sh executes python, injects ENV, captures output and reports status
  ---
  duration_ms: 845.359375
  type: 'test'
  ...
# Subtest: actual task.sh executes node, injects ENV, captures output and reports status
ok 16 - actual task.sh executes node, injects ENV, captures output and reports status
  ---
  duration_ms: 710.916209
  type: 'test'
  ...
# Subtest: actual task.sh executes shell, injects ENV, captures output and reports status
ok 17 - actual task.sh executes shell, injects ENV, captures output and reports status
  ---
  duration_ms: 518.793209
  type: 'test'
  ...
1..17
# tests 17
# suites 0
# pass 17
# fail 0
# cancelled 0
# skipped 0
# todo 0
# duration_ms 9216.952042
TAP version 13
# Subtest: Git resource HTTP boundary never reflects submitted secrets or internal errors; routes are read/write specific
ok 1 - Git resource HTTP boundary never reflects submitted secrets or internal errors; routes are read/write specific
  ---
  duration_ms: 210.686291
  type: 'test'
  ...
# Subtest: internal helper resolves resources at execution and passes unchanged positional repo contract
ok 2 - internal helper resolves resources at execution and passes unchanged positional repo contract
  ---
  duration_ms: 136.115875
  type: 'test'
  ...
# Subtest: internal helper cleans credentials on subprocess failure and initialization-time cancellation
ok 3 - internal helper cleans credentials on subprocess failure and initialization-time cancellation
  ---
  duration_ms: 55.083792
  type: 'test'
  ...
# Subtest: Phase1 migration is additive, preserves rows and nullable legacy references, idempotent
ok 4 - Phase1 migration is additive, preserves rows and nullable legacy references, idempotent
  ---
  duration_ms: 76.48825
  type: 'test'
  ...
# Subtest: Phase1 schema and columns roll back together after an injected failure
ok 5 - Phase1 schema and columns roll back together after an injected failure
  ---
  duration_ms: 27.263334
  type: 'test'
  ...
# Subtest: same GitHub identity: https://github.com/anysoft/test.git
ok 6 - same GitHub identity: https://github.com/anysoft/test.git
  ---
  duration_ms: 0.861084
  type: 'test'
  ...
# Subtest: same GitHub identity: https://GITHUB.COM/anysoft/test
ok 7 - same GitHub identity: https://GITHUB.COM/anysoft/test
  ---
  duration_ms: 0.205416
  type: 'test'
  ...
# Subtest: same GitHub identity: git@github.com:anysoft/test.git
ok 8 - same GitHub identity: git@github.com:anysoft/test.git
  ---
  duration_ms: 0.080875
  type: 'test'
  ...
# Subtest: same GitHub identity: ssh://git@github.com/anysoft/test.git
ok 9 - same GitHub identity: ssh://git@github.com/anysoft/test.git
  ---
  duration_ms: 0.081042
  type: 'test'
  ...
# Subtest: provider neutral nested identity: gitlab.com
ok 10 - provider neutral nested identity: gitlab.com
  ---
  duration_ms: 0.075167
  type: 'test'
  ...
# Subtest: provider neutral nested identity: gitee.com
ok 11 - provider neutral nested identity: gitee.com
  ---
  duration_ms: 0.052834
  type: 'test'
  ...
# Subtest: provider neutral nested identity: git.example.internal
ok 12 - provider neutral nested identity: git.example.internal
  ---
  duration_ms: 0.109833
  type: 'test'
  ...
# Subtest: generic paths remain case sensitive and nondefault ports distinct
ok 13 - generic paths remain case sensitive and nondefault ports distinct
  ---
  duration_ms: 0.2945
  type: 'test'
  ...
# Subtest: reject unsafe or credentialized URL without reflecting input
ok 14 - reject unsafe or credentialized URL without reflecting input
  ---
  duration_ms: 0.447833
  type: 'test'
  ...
# Subtest: reject unsafe or credentialized URL without reflecting input
ok 15 - reject unsafe or credentialized URL without reflecting input
  ---
  duration_ms: 0.312333
  type: 'test'
  ...
# Subtest: reject unsafe or credentialized URL without reflecting input
ok 16 - reject unsafe or credentialized URL without reflecting input
  ---
  duration_ms: 0.107125
  type: 'test'
  ...
# Subtest: reject unsafe or credentialized URL without reflecting input
ok 17 - reject unsafe or credentialized URL without reflecting input
  ---
  duration_ms: 0.042792
  type: 'test'
  ...
# Subtest: reject unsafe or credentialized URL without reflecting input
ok 18 - reject unsafe or credentialized URL without reflecting input
  ---
  duration_ms: 0.042292
  type: 'test'
  ...
# Subtest: reject unsafe or credentialized URL without reflecting input
ok 19 - reject unsafe or credentialized URL without reflecting input
  ---
  duration_ms: 0.031333
  type: 'test'
  ...
# Subtest: reject unsafe or credentialized URL without reflecting input
ok 20 - reject unsafe or credentialized URL without reflecting input
  ---
  duration_ms: 0.033417
  type: 'test'
  ...
# Subtest: F/G/J: authenticated HTTPS-like fixture uses unchanged update.sh, shallow destructive branch clones, copy and task discovery
ok 21 - F/G/J: authenticated HTTPS-like fixture uses unchanged update.sh, shallow destructive branch clones, copy and task discovery
  ---
  duration_ms: 3872.359583
  type: 'test'
  ...
# Subtest: A/B/D/H/I: stable identity, reusable credentials, secret replacement and deletion protection
ok 22 - A/B/D/H/I: stable identity, reusable credentials, secret replacement and deletion protection
  ---
  duration_ms: 309.290167
  type: 'test'
  ...
# Subtest: resolution priority, nullable legacy fallback, disabled and missing credentials
ok 23 - resolution priority, nullable legacy fallback, disabled and missing credentials
  ---
  duration_ms: 113.762208
  type: 'test'
  ...
# Subtest: manual conversion deduplicates equivalent URLs and preserves legacy fields; warns collisions
ok 24 - manual conversion deduplicates equivalent URLs and preserves legacy fields; warns collisions
  ---
  duration_ms: 95.92675
  type: 'test'
  ...
# Subtest: C: encrypted SSH key validation derives public key, preserves secret privacy and supports reuse
ok 25 - C: encrypted SSH key validation derives public key, preserves secret privacy and supports reuse
  ---
  duration_ms: 1666.712291
  type: 'test'
  ...
# Subtest: access tests use only ls-remote, update status, hide remote errors and clean contexts
ok 26 - access tests use only ls-remote, update status, hide remote errors and clean contexts
  ---
  duration_ms: 85.326417
  type: 'test'
  ...
# Subtest: credential update does not mutate the snapshot of a running invocation
ok 27 - credential update does not mutate the snapshot of a running invocation
  ---
  duration_ms: 79.694125
  type: 'test'
  ...
# Subtest: redacts split output, authorization, URL, private material and encoded secrets
ok 28 - redacts split output, authorization, URL, private material and encoded secrets
  ---
  duration_ms: 61.404791
  type: 'test'
  ...
# Subtest: concurrent HTTPS contexts have private immutable snapshots and idempotent cleanup
ok 29 - concurrent HTTPS contexts have private immutable snapshots and idempotent cleanup
  ---
  duration_ms: 469.246583
  type: 'test'
  ...
# Subtest: SSH contexts isolate keys and require verified known_hosts
ok 30 - SSH contexts isolate keys and require verified known_hosts
  ---
  duration_ms: 5.24625
  type: 'test'
  ...
# Subtest: disabled, missing, wrong transport and READ push fail closed
ok 31 - disabled, missing, wrong transport and READ push fail closed
  ---
  duration_ms: 2.712375
  type: 'test'
  ...
# Subtest: bounded output cannot leak a partial secret at truncation boundary; timeout terminates
ok 32 - bounded output cannot leak a partial secret at truncation boundary; timeout terminates
  ---
  duration_ms: 118.032792
  type: 'test'
  ...
# Subtest: timeout terminates a child process group before credential cleanup
ok 33 - timeout terminates a child process group before credential cleanup
  ---
  duration_ms: 156.389667
  type: 'test'
  ...
# Subtest: workspace HTTP API rejects paths/force/ref injection and preserves operation error codes
ok 34 - workspace HTTP API rejects paths/force/ref injection and preserves operation error codes
  ---
  duration_ms: 2087.736708
  type: 'test'
  ...
# Subtest: managed paths use IDs, reject traversal, symlink escape and case collisions
ok 35 - managed paths use IDs, reject traversal, symlink escape and case collisions
  ---
  duration_ms: 88.8055
  type: 'test'
  ...
# Subtest: Phase1 database upgrades atomically and idempotently without changing legacy rows
ok 36 - Phase1 database upgrades atomically and idempotently without changing legacy rows
  ---
  duration_ms: 120.482542
  type: 'test'
  ...
# Subtest: an existing Phase1 DB rolls back partial Phase2 DDL and preserves resources on retry
ok 37 - an existing Phase1 DB rolls back partial Phase2 DDL and preserves resources on retry
  ---
  duration_ms: 70.773625
  type: 'test'
  ...
# Subtest: cross-process POSIX locks release after owner crash, success and errors
ok 38 - cross-process POSIX locks release after owner crash, success and errors
  ---
  duration_ms: 1178.349709
  type: 'test'
  ...
# Subtest: repository mutation matrix and execution lease exclusivity
ok 39 - repository mutation matrix and execution lease exclusivity
  ---
  duration_ms: 4763.580458
  type: 'test'
  ...
# Subtest: real Git timeout and controller crash during Git release locks after child termination
ok 40 - real Git timeout and controller crash during Git release locks after child termination
  ---
  duration_ms: 1217.413625
  type: 'test'
  ...
# Subtest: worktree deletion DB failure is recoverable by reconstruction without resetting local history
ok 41 - worktree deletion DB failure is recoverable by reconstruction without resetting local history
  ---
  duration_ms: 3158.656125
  type: 'test'
  ...
# Subtest: repository delete can retry after filesystem success and DB failure
ok 42 - repository delete can retry after filesystem success and DB failure
  ---
  duration_ms: 1494.51625
  type: 'test'
  ...
# Subtest: operation timeout persists ERROR and releases mutation lease
ok 43 - operation timeout persists ERROR and releases mutation lease
  ---
  duration_ms: 1698.420875
  type: 'test'
  ...
# Subtest: ignored files and symlink replacement protect user data; orphan worktrees are diagnosed
ok 44 - ignored files and symlink replacement protect user data; orphan worktrees are diagnosed
  ---
  duration_ms: 2903.087458
  type: 'test'
  ...
# Subtest: remote spelling changes preserve identity and storage while protecting legacy subscriptions
ok 45 - remote spelling changes preserve identity and storage while protecting legacy subscriptions
  ---
  duration_ms: 1552.488541
  type: 'test'
  ...
# Subtest: Git core.worktree override cannot redirect status or mutations outside managed checkout
ok 46 - Git core.worktree override cannot redirect status or mutations outside managed checkout
  ---
  duration_ms: 2177.263416
  type: 'test'
  ...
# Subtest: bare initialization is persistent; fetch updates/prunes remote refs and uses current credentials
ok 47 - bare initialization is persistent; fetch updates/prunes remote refs and uses current credentials
  ---
  duration_ms: 2667.913333
  type: 'test'
  ...
# Subtest: branch worktrees share objects; fetch never moves a worktree; update is explicit FF only
ok 48 - branch worktrees share objects; fetch never moves a worktree; update is explicit FF only
  ---
  duration_ms: 4219.638375
  type: 'test'
  ...
# Subtest: dirty, staged, ignored/untracked and conflicts are visible and protected
ok 49 - dirty, staged, ignored/untracked and conflicts are visible and protected
  ---
  duration_ms: 5615.986958
  type: 'test'
  ...
# Subtest: local commits are retained; diverged and detached worktrees cannot be reset by update/delete
ok 50 - local commits are retained; diverged and detached worktrees cannot be reset by update/delete
  ---
  duration_ms: 5150.309792
  type: 'test'
  ...
# Subtest: execution leases block mutation and prune; missing worktrees remain records and repair preserves branch
ok 51 - execution leases block mutation and prune; missing worktrees remain records and repair preserves branch
  ---
  duration_ms: 4934.675875
  type: 'test'
  ...
# Subtest: non-git storage and managed-path symlink replacements never trigger recursive deletion
ok 52 - non-git storage and managed-path symlink replacements never trigger recursive deletion
  ---
  duration_ms: 700.922959
  type: 'test'
  ...
# Subtest: strict Managed crontab install reports errors while original default behavior is preserved
ok 53 - strict Managed crontab install reports errors while original default behavior is preserved
  ---
  duration_ms: 328.954125
  type: 'test'
  ...
# Subtest: staging uses original discovery metadata and leaves live scripts unchanged
ok 54 - staging uses original discovery metadata and leaves live scripts unchanged
  ---
  duration_ms: 399.5075
  type: 'test'
  ...
# Subtest: invalid regular expression fails before publishing
ok 55 - invalid regular expression fails before publishing
  ---
  duration_ms: 31.510375
  type: 'test'
  ...
# Subtest: autoAddCron=false still copies scripts
ok 56 - autoAddCron=false still copies scripts
  ---
  duration_ms: 135.987958
  type: 'test'
  ...
# Subtest: extensions, include/exclude, dependency copy and nested TypeScript keep old scanner semantics
ok 57 - extensions, include/exclude, dependency copy and nested TypeScript keep old scanner semantics
  ---
  duration_ms: 197.995542
  type: 'test'
  ...
# Subtest: autoDelCron=true retains original removal semantics
ok 58 - autoDelCron=true retains original removal semantics
  ---
  duration_ms: 193.441042
  type: 'test'
  ...
# Subtest: autoDelCron=false retains original removal semantics
ok 59 - autoDelCron=false retains original removal semantics
  ---
  duration_ms: 158.987375
  type: 'test'
  ...
# Subtest: staging Bash timeout kills its process group and releases the existing POSIX lease
ok 60 - staging Bash timeout kills its process group and releases the existing POSIX lease
  ---
  duration_ms: 1063.601166
  type: 'test'
  ...
# Subtest: preflight refuses an execution lease instead of accepting cached clean status
ok 61 - preflight refuses an execution lease instead of accepting cached clean status
  ---
  duration_ms: 2796.68925
  type: 'test'
  ...
# Subtest: Phase3 migration is additive and idempotent; both existing subscription types remain Legacy
ok 62 - Phase3 migration is additive and idempotent; both existing subscription types remain Legacy
  ---
  duration_ms: 102.692333
  type: 'test'
  ...
# Subtest: failed Phase3 DDL rolls back all added columns and can retry
ok 63 - failed Phase3 DDL rolls back all added columns and can retry
  ---
  duration_ms: 14.653958
  type: 'test'
  ...
# [Managed] REPOSITORY_FETCH subscription=1
# [Managed] WORKTREE_ENSURE subscription=1
# [Managed] WORKTREE_UPDATE subscription=1
# [Managed] worktree=1 commit=e6b44941c1a849dc86deef5edc31ba32f32b8d57 -> e6b44941c1a849dc86deef5edc31ba32f32b8d57
# [Managed] DISCOVERY subscription=1
# [Managed] discovery add=1 drop=0
# [Managed] COPY_AND_CRON subscription=1
# [Managed] REPOSITORY_FETCH subscription=1
# [Managed] WORKTREE_ENSURE subscription=1
# [Managed] WORKTREE_UPDATE subscription=1
# [Managed] worktree=1 commit=e6b44941c1a849dc86deef5edc31ba32f32b8d57 -> e6b44941c1a849dc86deef5edc31ba32f32b8d57
# [Managed] DISCOVERY subscription=1
# [Managed] discovery add=0 drop=0
# [Managed] COPY_AND_CRON subscription=1
# [Managed] REPOSITORY_FETCH subscription=1
# [Managed] WORKTREE_ENSURE subscription=1
# [Managed] WORKTREE_UPDATE subscription=1
# [Managed] worktree=1 commit=e6b44941c1a849dc86deef5edc31ba32f32b8d57 -> c7abe96eb71745be020832b6c52c5bbb25d760b0
# [Managed] DISCOVERY subscription=1
# [Managed] discovery add=0 drop=0
# [Managed] COPY_AND_CRON subscription=1
# Subtest: explicit mode switch, first sync, retry without duplicate Tasks, FF update and rollback to Legacy
ok 64 - explicit mode switch, first sync, retry without duplicate Tasks, FF update and rollback to Legacy
  ---
  duration_ms: 9472.126
  type: 'test'
  ...
# [Managed] REPOSITORY_FETCH subscription=1
# [Managed] WORKTREE_ENSURE subscription=1
# [Managed] WORKTREE_UPDATE subscription=1
# [Managed] worktree=1 commit=160d9838c97548eb5a6c22f14a0ca41655b593d3 -> 160d9838c97548eb5a6c22f14a0ca41655b593d3
# [Managed] DISCOVERY subscription=1
# [Managed] discovery add=1 drop=0
# [Managed] COPY_AND_CRON subscription=1
# [Managed] REPOSITORY_FETCH subscription=1
# [Managed] WORKTREE_ENSURE subscription=1
# [Managed] WORKTREE_ENSURE: WORKTREE_DIRTY
# Subtest: dirty Worktree preserves last scripts and Tasks
ok 65 - dirty Worktree preserves last scripts and Tasks
  ---
  duration_ms: 5471.820208
  type: 'test'
  ...
# [Managed] REPOSITORY_FETCH subscription=1
# [Managed] WORKTREE_ENSURE subscription=1
# [Managed] WORKTREE_UPDATE subscription=1
# [Managed] worktree=1 commit=7c9357e2f06396fd50f92a8a6b832b90eb15d09d -> 7c9357e2f06396fd50f92a8a6b832b90eb15d09d
# [Managed] DISCOVERY subscription=1
# [Managed] discovery add=1 drop=0
# [Managed] COPY_AND_CRON subscription=1
# [Managed] REPOSITORY_FETCH subscription=1
# [Managed] WORKTREE_ENSURE subscription=1
# [Managed] WORKTREE_ENSURE: WORKTREE_DIRTY
# Subtest: untracked Worktree preserves last scripts and Tasks
ok 66 - untracked Worktree preserves last scripts and Tasks
  ---
  duration_ms: 5410.117833
  type: 'test'
  ...
# [Managed] REPOSITORY_FETCH subscription=1
# [Managed] WORKTREE_ENSURE subscription=1
# [Managed] WORKTREE_UPDATE subscription=1
# [Managed] worktree=1 commit=e6f61b6091893f1d8ee92b88cf19e24b3363cb19 -> e6f61b6091893f1d8ee92b88cf19e24b3363cb19
# [Managed] DISCOVERY subscription=1
# [Managed] discovery add=1 drop=0
# [Managed] COPY_AND_CRON subscription=1
# [Managed] REPOSITORY_FETCH subscription=1
# [Managed] WORKTREE_ENSURE subscription=1
# [Managed] WORKTREE_ENSURE: WORKTREE_LOCAL_COMMITS
# Subtest: ahead Worktree preserves last scripts and Tasks
ok 67 - ahead Worktree preserves last scripts and Tasks
  ---
  duration_ms: 5726.4775
  type: 'test'
  ...
# [Managed] REPOSITORY_FETCH subscription=1
# [Managed] WORKTREE_ENSURE subscription=1
# [Managed] WORKTREE_UPDATE subscription=1
# [Managed] worktree=1 commit=af59879d1567e42ec34f57d30ed903fd89601bbc -> af59879d1567e42ec34f57d30ed903fd89601bbc
# [Managed] DISCOVERY subscription=1
# [Managed] discovery add=1 drop=0
# [Managed] COPY_AND_CRON subscription=1
# [Managed] REPOSITORY_FETCH subscription=1
# [Managed] WORKTREE_ENSURE subscription=1
# [Managed] WORKTREE_ENSURE: WORKTREE_MISSING
# Subtest: missing Worktree preserves last scripts and Tasks
ok 68 - missing Worktree preserves last scripts and Tasks
  ---
  duration_ms: 5454.115584
  type: 'test'
  ...
# [Managed] REPOSITORY_FETCH subscription=1
# [Managed] WORKTREE_ENSURE subscription=1
# [Managed] WORKTREE_UPDATE subscription=1
# [Managed] worktree=1 commit=f58607b5425784ad0fb3b13b9d6b7ca01e6833dd -> f58607b5425784ad0fb3b13b9d6b7ca01e6833dd
# [Managed] DISCOVERY subscription=1
# [Managed] discovery add=1 drop=0
# [Managed] COPY_AND_CRON subscription=1
# [Managed] REPOSITORY_FETCH subscription=1
# [Managed] WORKTREE_ENSURE subscription=1
# [Managed] WORKTREE_ENSURE: WORKTREE_STALE
# Subtest: detached Worktree preserves last scripts and Tasks
ok 69 - detached Worktree preserves last scripts and Tasks
  ---
  duration_ms: 5821.502667
  type: 'test'
  ...
# [Managed] REPOSITORY_FETCH subscription=1
# [Managed] WORKTREE_ENSURE subscription=1
# [Managed] WORKTREE_UPDATE subscription=1
# [Managed] worktree=1 commit=b667cffd0170878cb4cc93edf8c667e3eeb1e614 -> b667cffd0170878cb4cc93edf8c667e3eeb1e614
# [Managed] DISCOVERY subscription=1
# [Managed] discovery add=1 drop=0
# [Managed] COPY_AND_CRON subscription=1
# [Managed] REPOSITORY_FETCH subscription=1
# [Managed] WORKTREE_ENSURE subscription=1
# [Managed] WORKTREE_UPDATE subscription=1
# [Managed] worktree=1 commit=b667cffd0170878cb4cc93edf8c667e3eeb1e614 -> b667cffd0170878cb4cc93edf8c667e3eeb1e614
# [Managed] DISCOVERY subscription=1
# [Managed] DISCOVERY: DISCOVERY_FAILED
# [Managed] REPOSITORY_FETCH subscription=1
# [Managed] WORKTREE_ENSURE subscription=1
# [Managed] WORKTREE_UPDATE subscription=1
# [Managed] worktree=1 commit=b667cffd0170878cb4cc93edf8c667e3eeb1e614 -> b667cffd0170878cb4cc93edf8c667e3eeb1e614
# [Managed] DISCOVERY subscription=1
# [Managed] discovery add=0 drop=0
# [Managed] COPY_AND_CRON subscription=1
# Subtest: discovery failure preserves last good state and retry at same commit succeeds
ok 70 - discovery failure preserves last good state and retry at same commit succeeds
  ---
  duration_ms: 8420.376583
  type: 'test'
  ...
# Subtest: shared repository/branch binding is retained and blocks worktree deletion
ok 71 - shared repository/branch binding is retained and blocks worktree deletion
  ---
  duration_ms: 4071.190417
  type: 'test'
  ...
# [Managed] REPOSITORY_FETCH subscription=1
# [Managed] WORKTREE_ENSURE subscription=1
# [Managed] WORKTREE_UPDATE subscription=1
# [Managed] worktree=1 commit=e4a5c7a4c11fe719833cf6387392a7c64e18dabe -> e4a5c7a4c11fe719833cf6387392a7c64e18dabe
# [Managed] DISCOVERY subscription=1
# [Managed] discovery add=1 drop=0
# [Managed] COPY_AND_CRON subscription=1
# [Managed] REPOSITORY_FETCH subscription=1
# [Managed] REPOSITORY_FETCH: GIT_COMMAND_FAILED
# Subtest: fetch, scanner, copy and Cron failures preserve Tasks; every failure can retry
    # Subtest: network failure never reaches discovery
    ok 1 - network failure never reaches discovery
      ---
      duration_ms: 131.748208
      type: 'test'
      ...
# [Managed] REPOSITORY_FETCH subscription=1
# [Managed] WORKTREE_ENSURE subscription=1
# [Managed] WORKTREE_UPDATE subscription=1
# [Managed] worktree=1 commit=e4a5c7a4c11fe719833cf6387392a7c64e18dabe -> 5d5871be0974d349c596c0b59efca9a5eb188bf1
# [Managed] DISCOVERY subscription=1
# [Managed] discovery add=1 drop=1
# [Managed] COPY_AND_CRON subscription=1
# [Managed] COPY_AND_CRON: MANAGED_SYNC_FAILED
    # Subtest: partial Cron registration failure restores original ID and scripts
    ok 2 - partial Cron registration failure restores original ID and scripts
      ---
      duration_ms: 2214.819708
      type: 'test'
      ...
# [Managed] REPOSITORY_FETCH subscription=1
# [Managed] WORKTREE_ENSURE subscription=1
# [Managed] WORKTREE_UPDATE subscription=1
# [Managed] worktree=1 commit=5d5871be0974d349c596c0b59efca9a5eb188bf1 -> 5d5871be0974d349c596c0b59efca9a5eb188bf1
# [Managed] DISCOVERY subscription=1
# [Managed] discovery add=1 drop=1
# [Managed] COPY_AND_CRON subscription=1
    # Subtest: retry at already updated commit applies old scanner add/drop
    ok 3 - retry at already updated commit applies old scanner add/drop
      ---
      duration_ms: 2321.854292
      type: 'test'
      ...
# [Managed] REPOSITORY_FETCH subscription=1
# [Managed] WORKTREE_ENSURE subscription=1
# [Managed] WORKTREE_UPDATE subscription=1
# [Managed] worktree=1 commit=5d5871be0974d349c596c0b59efca9a5eb188bf1 -> 5d5871be0974d349c596c0b59efca9a5eb188bf1
# [Managed] DISCOVERY subscription=1
# [Managed] DISCOVERY: DISCOVERY_FAILED
# [Managed] REPOSITORY_FETCH subscription=1
# [Managed] WORKTREE_ENSURE subscription=1
# [Managed] WORKTREE_UPDATE subscription=1
# [Managed] worktree=1 commit=5d5871be0974d349c596c0b59efca9a5eb188bf1 -> 5d5871be0974d349c596c0b59efca9a5eb188bf1
# [Managed] DISCOVERY subscription=1
# [Managed] discovery add=0 drop=0
# [Managed] COPY_AND_CRON subscription=1
    # Subtest: copy failure leaves current scripts intact
    ok 4 - copy failure leaves current scripts intact
      ---
      duration_ms: 4093.431583
      type: 'test'
      ...
    1..4
ok 72 - fetch, scanner, copy and Cron failures preserve Tasks; every failure can retry
  ---
  duration_ms: 13218.651667
  type: 'test'
  ...
# [Managed] REPOSITORY_FETCH subscription=1
# [Managed] WORKTREE_ENSURE subscription=1
# [Managed] WORKTREE_UPDATE subscription=1
# [Managed] worktree=1 commit=8358d3e7e0c0b8d6ea8d6c625d5a842063e5e8f2 -> 8358d3e7e0c0b8d6ea8d6c625d5a842063e5e8f2
# [Managed] DISCOVERY subscription=1
# [Managed] discovery add=1 drop=0
# [Managed] COPY_AND_CRON subscription=1
# Subtest: Managed leases block overlapping sync, update and binding changes
ok 73 - Managed leases block overlapping sync, update and binding changes
  ---
  duration_ms: 5780.483833
  type: 'test'
  ...
# [Managed] REPOSITORY_FETCH subscription=1
# [Managed] WORKTREE_ENSURE subscription=1
# [Managed] WORKTREE_UPDATE subscription=1
# [Managed] worktree=1 commit=b1fd1fc369bb930a735719a8d7cc4ca0f032c79e -> b1fd1fc369bb930a735719a8d7cc4ca0f032c79e
# [Managed] DISCOVERY subscription=1
# [Managed] discovery add=1 drop=0
# [Managed] COPY_AND_CRON subscription=1
# [Managed] REPOSITORY_FETCH subscription=1
# [Managed] WORKTREE_ENSURE subscription=1
# [Managed] WORKTREE_UPDATE subscription=1
# [Managed] worktree=1 commit=b1fd1fc369bb930a735719a8d7cc4ca0f032c79e -> 89aae801097df5b86db0e3e9b4fce66431f253e6
# [Managed] DISCOVERY subscription=1
# [Managed] DISCOVERY: PATH_CONFLICT
# Subtest: symlink source is refused without reading or copying outside data root
ok 74 - symlink source is refused without reading or copying outside data root
  ---
  duration_ms: 6771.069417
  type: 'test'
  ...
# [Managed] REPOSITORY_FETCH subscription=1
# [Managed] WORKTREE_ENSURE subscription=1
# [Managed] WORKTREE_UPDATE subscription=1
# [Managed] worktree=1 commit=fc07a05d1da9d9c3e1f9ea755271b09977fd0ec8 -> fc07a05d1da9d9c3e1f9ea755271b09977fd0ec8
# [Managed] DISCOVERY subscription=1
# [Managed] discovery add=1 drop=0
# [Managed] COPY_AND_CRON subscription=1
# [Managed] REPOSITORY_FETCH subscription=1
# [Managed] WORKTREE_ENSURE subscription=1
# [Managed] WORKTREE_UPDATE subscription=1
# [Managed] worktree=2 commit=fc07a05d1da9d9c3e1f9ea755271b09977fd0ec8 -> fc07a05d1da9d9c3e1f9ea755271b09977fd0ec8
# [Managed] DISCOVERY subscription=1
# [Managed] discovery add=1 drop=0
# [Managed] COPY_AND_CRON subscription=1
# Subtest: branch selection creates a new binding and preserves the old Worktree
ok 75 - branch selection creates a new binding and preserves the old Worktree
  ---
  duration_ms: 8417.200916
  type: 'test'
  ...
# [Managed] REPOSITORY_FETCH subscription=1
# [Managed] WORKTREE_ENSURE subscription=1
# [Managed] WORKTREE_UPDATE subscription=1
# [Managed] worktree=1 commit=2a4728b8379eaa543979e3b8b96d3e54e5a02286 -> 2a4728b8379eaa543979e3b8b96d3e54e5a02286
# [Managed] DISCOVERY subscription=1
# [Managed] discovery add=1 drop=0
# [Managed] COPY_AND_CRON subscription=1
# [Managed] REPOSITORY_FETCH subscription=1
# [Managed] WORKTREE_ENSURE subscription=1
# [Managed] WORKTREE_ENSURE: REF_NOT_FOUND
# Subtest: branch deleted stops before scripts and Task diff
ok 76 - branch deleted stops before scripts and Task diff
  ---
  duration_ms: 5620.04225
  type: 'test'
  ...
# [Managed] REPOSITORY_FETCH subscription=1
# [Managed] WORKTREE_ENSURE subscription=1
# [Managed] WORKTREE_UPDATE subscription=1
# [Managed] worktree=1 commit=727a2a2c7c0dfde8365eb9df975fb806d844ee93 -> 727a2a2c7c0dfde8365eb9df975fb806d844ee93
# [Managed] DISCOVERY subscription=1
# [Managed] discovery add=1 drop=0
# [Managed] COPY_AND_CRON subscription=1
# [Managed] REPOSITORY_FETCH subscription=1
# [Managed] WORKTREE_ENSURE subscription=1
# [Managed] WORKTREE_ENSURE: WORKTREE_DIVERGED
# Subtest: force push stops before scripts and Task diff
ok 77 - force push stops before scripts and Task diff
  ---
  duration_ms: 6021.65875
  type: 'test'
  ...
# [Managed] REPOSITORY_FETCH subscription=1
# [Managed] WORKTREE_ENSURE subscription=1
# [Managed] WORKTREE_UPDATE subscription=1
# [Managed] worktree=1 commit=8a9ac326b8c426df425c80ea8b3f9b12245a7f1d -> 8a9ac326b8c426df425c80ea8b3f9b12245a7f1d
# [Managed] DISCOVERY subscription=1
# [Managed] discovery add=1 drop=0
# [Managed] COPY_AND_CRON subscription=1
# [Managed] REPOSITORY_FETCH subscription=1
# [Managed] REPOSITORY_FETCH: REPOSITORY_NOT_INITIALIZED
# Subtest: storage missing stops before scripts and Task diff
ok 78 - storage missing stops before scripts and Task diff
  ---
  duration_ms: 5149.499667
  type: 'test'
  ...
# [Managed] REPOSITORY_FETCH subscription=1
# [Managed] WORKTREE_ENSURE subscription=1
# [Managed] WORKTREE_UPDATE subscription=1
# [Managed] worktree=1 commit=9db6989d9cede78f58f0f59e35aaeede6e2ca70d -> 9db6989d9cede78f58f0f59e35aaeede6e2ca70d
# [Managed] DISCOVERY subscription=1
# [Managed] discovery add=1 drop=0
# [Managed] COPY_AND_CRON subscription=1
# [Managed] REPOSITORY_FETCH subscription=1
# [Managed] REPOSITORY_FETCH: MANAGED_SYNC_FAILED
# Subtest: disabled credential stops before scripts and Task diff
ok 79 - disabled credential stops before scripts and Task diff
  ---
  duration_ms: 4793.184
  type: 'test'
  ...
# Subtest: scoped sh account concurrency keeps split secrets in private temporary logs
ok 80 - scoped sh account concurrency keeps split secrets in private temporary logs
  ---
  duration_ms: 1232.869416
  type: 'test'
  ...
# Subtest: scoped js account concurrency keeps split secrets in private temporary logs
ok 81 - scoped js account concurrency keeps split secrets in private temporary logs
  ---
  duration_ms: 994.122417
  type: 'test'
  ...
# Subtest: scoped py account concurrency keeps split secrets in private temporary logs
ok 82 - scoped py account concurrency keeps split secrets in private temporary logs
  ---
  duration_ms: 1046.997708
  type: 'test'
  ...
# Subtest: real HTTP APIs mask secrets and validation errors, enforce scope and block open access
ok 83 - real HTTP APIs mask secrets and validation errors, enforce scope and block open access
  ---
  duration_ms: 452.585042
  type: 'test'
  ...
# Subtest: profile CRUD, uniqueness, default, clone secrets, and reference protection
ok 84 - profile CRUD, uniqueness, default, clone secrets, and reference protection
  ---
  duration_ms: 340.975875
  type: 'test'
  ...
# Subtest: secret keep/replace/clear, metadata edits, atomic batch rollback and safe errors
ok 85 - secret keep/replace/clear, metadata edits, atomic batch rollback and safe errors
  ---
  duration_ms: 138.942042
  type: 'test'
  ...
# Subtest: profile precedence, manual task, disabled and wrong repository fail closed
ok 86 - profile precedence, manual task, disabled and wrong repository fail closed
  ---
  duration_ms: 137.12325
  type: 'test'
  ...
# Subtest: SET/UNSET/disabled/empty precedence, immutable snapshot and parent isolation
ok 87 - SET/UNSET/disabled/empty precedence, immutable snapshot and parent isolation
  ---
  duration_ms: 112.685834
  type: 'test'
  ...
# Subtest: real ID-to-SQLite shell bridge resolves current config, cleans per-run files and fails disabled profiles
ok 88 - real ID-to-SQLite shell bridge resolves current config, cleans per-run files and fails disabled profiles
  ---
  duration_ms: 1491.437916
  type: 'test'
  ...
# Subtest: actual Python/Node/Shell snapshot complex values, UNSET, no interpolation or secret logs
ok 89 - actual Python/Node/Shell snapshot complex values, UNSET, no interpolation or secret logs
  ---
  duration_ms: 2291.957583
  type: 'test'
  ...
# Subtest: 50 parallel isolated executions and frozen values after configuration update
ok 90 - 50 parallel isolated executions and frozen values after configuration update
  ---
  duration_ms: 5665.941833
  type: 'test'
  ...
# Subtest: cross-repository and same-repository profiles stay isolated with task overrides; next unscoped run has no residue
ok 91 - cross-repository and same-repository profiles stay isolated with task overrides; next unscoped run has no residue
  ---
  duration_ms: 1486.58725
  type: 'test'
  ...
# Subtest: malformed scoped request JSON is never echoed by the HTTP error boundary
ok 92 - malformed scoped request JSON is never echoed by the HTTP error boundary
  ---
  duration_ms: 269.448792
  type: 'test'
  ...
# Subtest: pre-integration characterization: actual task.sh sh duplicates, disabled host fallback, spaces, templates
ok 93 - pre-integration characterization: actual task.sh sh duplicates, disabled host fallback, spaces, templates
  ---
  duration_ms: 823.202416
  type: 'test'
  ...
# Subtest: pre-integration characterization: actual task.sh js duplicates, disabled host fallback, spaces, templates
ok 94 - pre-integration characterization: actual task.sh js duplicates, disabled host fallback, spaces, templates
  ---
  duration_ms: 797.034
  type: 'test'
  ...
# Subtest: pre-integration characterization: actual task.sh py duplicates, disabled host fallback, spaces, templates
ok 95 - pre-integration characterization: actual task.sh py duplicates, disabled host fallback, spaces, templates
  ---
  duration_ms: 798.747417
  type: 'test'
  ...
# Subtest: Phase 3 upgrade is additive, idempotent and indexed, with nullable bindings and unchanged globals
ok 96 - Phase 3 upgrade is additive, idempotent and indexed, with nullable bindings and unchanged globals
  ---
  duration_ms: 66.870042
  type: 'test'
  ...
# Subtest: failed DDL rolls back tables, references and ledger, then safely retries
ok 97 - failed DDL rolls back tables, references and ledger, then safely retries
  ---
  duration_ms: 8.169042
  type: 'test'
  ...
# Subtest: streaming secret redaction preserves UTF-8 and masks literal and JSON-escaped multiline values
ok 98 - streaming secret redaction preserves UTF-8 and masks literal and JSON-escaped multiline values
  ---
  duration_ms: 179.342375
  type: 'test'
  ...
# Subtest: profile references block repository filesystem deletion before mutation
ok 99 - profile references block repository filesystem deletion before mutation
  ---
  duration_ms: 1139.791584
  type: 'test'
  ...
# Subtest: snapshot cleanup preserves live owners, removes stale dead owners, rejects symlinks and oversized environment
ok 100 - snapshot cleanup preserves live owners, removes stale dead owners, rejects symlinks and oversized environment
  ---
  duration_ms: 340.85175
  type: 'test'
  ...
# Subtest: unconfigured task never allocates a snapshot or changes global generated files
ok 101 - unconfigured task never allocates a snapshot or changes global generated files
  ---
  duration_ms: 134.764416
  type: 'test'
  ...
1..101
# tests 105
# suites 0
# pass 105
# fail 0
# cancelled 0
# skipped 0
# todo 0
# duration_ms 190351.27675
