npm warn Unknown project config "strict-peer-dependencies". This will stop working in the next major version of npm. See `npm help npmrc` for supported config options.
TAP version 13
# Subtest: same GitHub identity: https://github.com/anysoft/test.git
ok 1 - same GitHub identity: https://github.com/anysoft/test.git
  ---
  duration_ms: 2.072708
  type: 'test'
  ...
# Subtest: same GitHub identity: https://GITHUB.COM/anysoft/test
ok 2 - same GitHub identity: https://GITHUB.COM/anysoft/test
  ---
  duration_ms: 0.593458
  type: 'test'
  ...
# Subtest: same GitHub identity: git@github.com:anysoft/test.git
ok 3 - same GitHub identity: git@github.com:anysoft/test.git
  ---
  duration_ms: 1.320583
  type: 'test'
  ...
# Subtest: same GitHub identity: ssh://git@github.com/anysoft/test.git
ok 4 - same GitHub identity: ssh://git@github.com/anysoft/test.git
  ---
  duration_ms: 0.128625
  type: 'test'
  ...
# Subtest: provider neutral nested identity: gitlab.com
ok 5 - provider neutral nested identity: gitlab.com
  ---
  duration_ms: 0.130375
  type: 'test'
  ...
# Subtest: provider neutral nested identity: gitee.com
ok 6 - provider neutral nested identity: gitee.com
  ---
  duration_ms: 0.069375
  type: 'test'
  ...
# Subtest: provider neutral nested identity: git.example.internal
ok 7 - provider neutral nested identity: git.example.internal
  ---
  duration_ms: 0.126584
  type: 'test'
  ...
# Subtest: generic paths remain case sensitive and nondefault ports distinct
ok 8 - generic paths remain case sensitive and nondefault ports distinct
  ---
  duration_ms: 0.3105
  type: 'test'
  ...
# Subtest: reject unsafe or credentialized URL without reflecting input
ok 9 - reject unsafe or credentialized URL without reflecting input
  ---
  duration_ms: 0.485959
  type: 'test'
  ...
# Subtest: reject unsafe or credentialized URL without reflecting input
ok 10 - reject unsafe or credentialized URL without reflecting input
  ---
  duration_ms: 0.640542
  type: 'test'
  ...
# Subtest: reject unsafe or credentialized URL without reflecting input
ok 11 - reject unsafe or credentialized URL without reflecting input
  ---
  duration_ms: 0.187542
  type: 'test'
  ...
# Subtest: reject unsafe or credentialized URL without reflecting input
ok 12 - reject unsafe or credentialized URL without reflecting input
  ---
  duration_ms: 0.04875
  type: 'test'
  ...
# Subtest: reject unsafe or credentialized URL without reflecting input
ok 13 - reject unsafe or credentialized URL without reflecting input
  ---
  duration_ms: 0.048667
  type: 'test'
  ...
# Subtest: reject unsafe or credentialized URL without reflecting input
ok 14 - reject unsafe or credentialized URL without reflecting input
  ---
  duration_ms: 0.033208
  type: 'test'
  ...
# Subtest: reject unsafe or credentialized URL without reflecting input
ok 15 - reject unsafe or credentialized URL without reflecting input
  ---
  duration_ms: 0.032167
  type: 'test'
  ...
# Subtest: redacts split output, authorization, URL, private material and encoded secrets
ok 16 - redacts split output, authorization, URL, private material and encoded secrets
  ---
  duration_ms: 67.597542
  type: 'test'
  ...
# Subtest: concurrent HTTPS contexts have private immutable snapshots and idempotent cleanup
ok 17 - concurrent HTTPS contexts have private immutable snapshots and idempotent cleanup
  ---
  duration_ms: 646.97675
  type: 'test'
  ...
# Subtest: SSH contexts isolate keys and require verified known_hosts
ok 18 - SSH contexts isolate keys and require verified known_hosts
  ---
  duration_ms: 17.015334
  type: 'test'
  ...
# Subtest: disabled, missing, wrong transport and READ push fail closed
ok 19 - disabled, missing, wrong transport and READ push fail closed
  ---
  duration_ms: 7.631375
  type: 'test'
  ...
# Subtest: bounded output cannot leak a partial secret at truncation boundary; timeout terminates
ok 20 - bounded output cannot leak a partial secret at truncation boundary; timeout terminates
  ---
  duration_ms: 125.73775
  type: 'test'
  ...
# Subtest: timeout terminates a child process group before credential cleanup
ok 21 - timeout terminates a child process group before credential cleanup
  ---
  duration_ms: 161.091125
  type: 'test'
  ...
# Subtest: cross-process POSIX locks release after owner crash, success and errors
ok 22 - cross-process POSIX locks release after owner crash, success and errors
  ---
  duration_ms: 1328.846833
  type: 'test'
  ...
# Subtest: repository mutation matrix and execution lease exclusivity
ok 23 - repository mutation matrix and execution lease exclusivity
  ---
  duration_ms: 4458.467708
  type: 'test'
  ...
# Subtest: real Git timeout and controller crash during Git release locks after child termination
ok 24 - real Git timeout and controller crash during Git release locks after child termination
  ---
  duration_ms: 1105.596541
  type: 'test'
  ...
# Subtest: bare initialization is persistent; fetch updates/prunes remote refs and uses current credentials
ok 25 - bare initialization is persistent; fetch updates/prunes remote refs and uses current credentials
  ---
  duration_ms: 2762.621458
  type: 'test'
  ...
# Subtest: branch worktrees share objects; fetch never moves a worktree; update is explicit FF only
ok 26 - branch worktrees share objects; fetch never moves a worktree; update is explicit FF only
  ---
  duration_ms: 3668.550167
  type: 'test'
  ...
# Subtest: dirty, staged, ignored/untracked and conflicts are visible and protected
ok 27 - dirty, staged, ignored/untracked and conflicts are visible and protected
  ---
  duration_ms: 4661.8295
  type: 'test'
  ...
# Subtest: local commits are retained; diverged and detached worktrees cannot be reset by update/delete
ok 28 - local commits are retained; diverged and detached worktrees cannot be reset by update/delete
  ---
  duration_ms: 3872.868708
  type: 'test'
  ...
# Subtest: execution leases block mutation and prune; missing worktrees remain records and repair preserves branch
ok 29 - execution leases block mutation and prune; missing worktrees remain records and repair preserves branch
  ---
  duration_ms: 4013.282917
  type: 'test'
  ...
# Subtest: non-git storage and managed-path symlink replacements never trigger recursive deletion
ok 30 - non-git storage and managed-path symlink replacements never trigger recursive deletion
  ---
  duration_ms: 515.80875
  type: 'test'
  ...
# Subtest: fresh seed is local, idempotent and creates no usable password or legacy startup task
ok 31 - fresh seed is local, idempotent and creates no usable password or legacy startup task
  ---
  duration_ms: 67.404958
  type: 'test'
  ...
# Subtest: empty data root creates v1, all bridge/core tables, and restarts without schema writes
ok 32 - empty data root creates v1, all bridge/core tables, and restarts without schema writes
  ---
  duration_ms: 213.601875
  type: 'test'
  ...
# Subtest: unknown nonempty database fails closed and preserves rows and schema
ok 33 - unknown nonempty database fails closed and preserves rows and schema
  ---
  duration_ms: 66.971042
  type: 'test'
  ...
# Subtest: partial DDL failure rolls back all objects and allows a clean retry
ok 34 - partial DDL failure rolls back all objects and allows a clean retry
  ---
  duration_ms: 120.919916
  type: 'test'
  ...
# Subtest: unexpected schema objects are rejected on restart
ok 35 - unexpected schema objects are rejected on restart
  ---
  duration_ms: 285.265291
  type: 'test'
  ...
# Subtest: fresh directory bootstrap refuses symlinked database directory
ok 36 - fresh directory bootstrap refuses symlinked database directory
  ---
  duration_ms: 13.868458
  type: 'test'
  ...
# Subtest: worktree deletion DB failure is recoverable by reconstruction without resetting local history
ok 37 - worktree deletion DB failure is recoverable by reconstruction without resetting local history
  ---
  duration_ms: 3175.527333
  type: 'test'
  ...
# Subtest: repository delete can retry after filesystem success and DB failure
ok 38 - repository delete can retry after filesystem success and DB failure
  ---
  duration_ms: 1188.250333
  type: 'test'
  ...
# Subtest: operation timeout persists ERROR and releases mutation lease
ok 39 - operation timeout persists ERROR and releases mutation lease
  ---
  duration_ms: 1705.069
  type: 'test'
  ...
# Subtest: ignored files and symlink replacement protect user data; orphan worktrees are diagnosed
ok 40 - ignored files and symlink replacement protect user data; orphan worktrees are diagnosed
  ---
  duration_ms: 2390.557458
  type: 'test'
  ...
# Subtest: remote spelling changes preserve identity, storage and subscription references
ok 41 - remote spelling changes preserve identity, storage and subscription references
  ---
  duration_ms: 1486.330292
  type: 'test'
  ...
# Subtest: Git core.worktree override cannot redirect status or mutations outside managed checkout
ok 42 - Git core.worktree override cannot redirect status or mutations outside managed checkout
  ---
  duration_ms: 1995.728083
  type: 'test'
  ...
# Subtest: repository required at domain and DB boundaries; obsolete API fields cannot become persisted columns
ok 43 - repository required at domain and DB boundaries; obsolete API fields cannot become persisted columns
  ---
  duration_ms: 1028.396916
  type: 'test'
  ...
# Subtest: CRUD, cron/interval registration, manual dispatch, stop and ID log identity use one pipeline
ok 44 - CRUD, cron/interval registration, manual dispatch, stop and ID log identity use one pipeline
  ---
  duration_ms: 734.7975
  type: 'test'
  ...
# Subtest: only repository credential is resolved; disabled credential fails instead of anonymous fallback
ok 45 - only repository credential is resolved; disabled credential fails instead of anonymous fallback
  ---
  duration_ms: 407.610625
  type: 'test'
  ...
# [Managed] REPOSITORY_FETCH subscription=1
# [Managed] WORKTREE_ENSURE subscription=1
# [Managed] WORKTREE_UPDATE subscription=1
# [Managed] worktree=1 commit=305f291e4c7841895420ed28733b6fcf5c20d0b1 -> 305f291e4c7841895420ed28733b6fcf5c20d0b1
# [Managed] DISCOVERY subscription=1
# [Managed] discovery add=1 drop=0
# [Managed] COPY_AND_CRON subscription=1
# [Managed] REPOSITORY_FETCH subscription=1
# [Managed] WORKTREE_ENSURE subscription=1
# [Managed] WORKTREE_UPDATE subscription=1
# [Managed] worktree=1 commit=305f291e4c7841895420ed28733b6fcf5c20d0b1 -> 305f291e4c7841895420ed28733b6fcf5c20d0b1
# [Managed] DISCOVERY subscription=1
# [Managed] discovery add=0 drop=0
# [Managed] COPY_AND_CRON subscription=1
# [Managed] REPOSITORY_FETCH subscription=1
# [Managed] WORKTREE_ENSURE subscription=1
# [Managed] WORKTREE_UPDATE subscription=1
# [Managed] worktree=1 commit=305f291e4c7841895420ed28733b6fcf5c20d0b1 -> 5704bdf575c5e4ecfa423badf8e60dc5ff8dac4a
# [Managed] DISCOVERY subscription=1
# [Managed] discovery add=0 drop=0
# [Managed] COPY_AND_CRON subscription=1
# Subtest: repository-only prepare, first sync, no-change retry and FF update retain stable namespace
ok 46 - repository-only prepare, first sync, no-change retry and FF update retain stable namespace
  ---
  duration_ms: 8585.107375
  type: 'test'
  ...
# [Managed] REPOSITORY_FETCH subscription=1
# [Managed] WORKTREE_ENSURE subscription=1
# [Managed] WORKTREE_UPDATE subscription=1
# [Managed] worktree=1 commit=6df47801572f144b087d44438a2076e4f360365c -> 6df47801572f144b087d44438a2076e4f360365c
# [Managed] DISCOVERY subscription=1
# [Managed] discovery add=1 drop=0
# [Managed] COPY_AND_CRON subscription=1
# [Managed] REPOSITORY_FETCH subscription=1
# [Managed] WORKTREE_ENSURE subscription=1
# [Managed] WORKTREE_ENSURE: WORKTREE_DIRTY
# Subtest: dirty Worktree preserves last scripts and Tasks
ok 47 - dirty Worktree preserves last scripts and Tasks
  ---
  duration_ms: 4719.844625
  type: 'test'
  ...
# [Managed] REPOSITORY_FETCH subscription=1
# [Managed] WORKTREE_ENSURE subscription=1
# [Managed] WORKTREE_UPDATE subscription=1
# [Managed] worktree=1 commit=7933edf44988aa30211260552311f370947dfda1 -> 7933edf44988aa30211260552311f370947dfda1
# [Managed] DISCOVERY subscription=1
# [Managed] discovery add=1 drop=0
# [Managed] COPY_AND_CRON subscription=1
# [Managed] REPOSITORY_FETCH subscription=1
# [Managed] WORKTREE_ENSURE subscription=1
# [Managed] WORKTREE_ENSURE: WORKTREE_DIRTY
# Subtest: untracked Worktree preserves last scripts and Tasks
ok 48 - untracked Worktree preserves last scripts and Tasks
  ---
  duration_ms: 4757.538041
  type: 'test'
  ...
# [Managed] REPOSITORY_FETCH subscription=1
# [Managed] WORKTREE_ENSURE subscription=1
# [Managed] WORKTREE_UPDATE subscription=1
# [Managed] worktree=1 commit=4bd248e50338689c5f97cfe5b2683d2a1cc56ba1 -> 4bd248e50338689c5f97cfe5b2683d2a1cc56ba1
# [Managed] DISCOVERY subscription=1
# [Managed] discovery add=1 drop=0
# [Managed] COPY_AND_CRON subscription=1
# [Managed] REPOSITORY_FETCH subscription=1
# [Managed] WORKTREE_ENSURE subscription=1
# [Managed] WORKTREE_ENSURE: WORKTREE_LOCAL_COMMITS
# Subtest: ahead Worktree preserves last scripts and Tasks
ok 49 - ahead Worktree preserves last scripts and Tasks
  ---
  duration_ms: 4901.363583
  type: 'test'
  ...
# [Managed] REPOSITORY_FETCH subscription=1
# [Managed] WORKTREE_ENSURE subscription=1
# [Managed] WORKTREE_UPDATE subscription=1
# [Managed] worktree=1 commit=981f008eb5104f111c976b49fa5a232ef3948bc3 -> 981f008eb5104f111c976b49fa5a232ef3948bc3
# [Managed] DISCOVERY subscription=1
# [Managed] discovery add=1 drop=0
# [Managed] COPY_AND_CRON subscription=1
# [Managed] REPOSITORY_FETCH subscription=1
# [Managed] WORKTREE_ENSURE subscription=1
# [Managed] WORKTREE_ENSURE: WORKTREE_MISSING
# Subtest: missing Worktree preserves last scripts and Tasks
ok 50 - missing Worktree preserves last scripts and Tasks
  ---
  duration_ms: 4585.839708
  type: 'test'
  ...
# [Managed] REPOSITORY_FETCH subscription=1
# [Managed] WORKTREE_ENSURE subscription=1
# [Managed] WORKTREE_UPDATE subscription=1
# [Managed] worktree=1 commit=f2c74a7adc3c51cb961b8da7b22899bf59bbb4bf -> f2c74a7adc3c51cb961b8da7b22899bf59bbb4bf
# [Managed] DISCOVERY subscription=1
# [Managed] discovery add=1 drop=0
# [Managed] COPY_AND_CRON subscription=1
# [Managed] REPOSITORY_FETCH subscription=1
# [Managed] WORKTREE_ENSURE subscription=1
# [Managed] WORKTREE_ENSURE: WORKTREE_STALE
# Subtest: detached Worktree preserves last scripts and Tasks
ok 51 - detached Worktree preserves last scripts and Tasks
  ---
  duration_ms: 4435.439417
  type: 'test'
  ...
# [Managed] REPOSITORY_FETCH subscription=1
# [Managed] WORKTREE_ENSURE subscription=1
# [Managed] WORKTREE_UPDATE subscription=1
# [Managed] worktree=1 commit=39d680e95eef12396d839282494c6e945b8f95d7 -> 39d680e95eef12396d839282494c6e945b8f95d7
# [Managed] DISCOVERY subscription=1
# [Managed] discovery add=1 drop=0
# [Managed] COPY_AND_CRON subscription=1
# [Managed] REPOSITORY_FETCH subscription=1
# [Managed] WORKTREE_ENSURE subscription=1
# [Managed] WORKTREE_UPDATE subscription=1
# [Managed] worktree=1 commit=39d680e95eef12396d839282494c6e945b8f95d7 -> 39d680e95eef12396d839282494c6e945b8f95d7
# [Managed] DISCOVERY subscription=1
# [Managed] DISCOVERY: INVALID_DISCOVERY_FILTER
# [Managed] REPOSITORY_FETCH subscription=1
# [Managed] WORKTREE_ENSURE subscription=1
# [Managed] WORKTREE_UPDATE subscription=1
# [Managed] worktree=1 commit=39d680e95eef12396d839282494c6e945b8f95d7 -> 39d680e95eef12396d839282494c6e945b8f95d7
# [Managed] DISCOVERY subscription=1
# [Managed] discovery add=0 drop=0
# [Managed] COPY_AND_CRON subscription=1
# Subtest: discovery failure preserves last good state and retry at same commit succeeds
ok 52 - discovery failure preserves last good state and retry at same commit succeeds
  ---
  duration_ms: 6814.053042
  type: 'test'
  ...
# Subtest: shared repository/branch binding is retained and blocks worktree deletion
ok 53 - shared repository/branch binding is retained and blocks worktree deletion
  ---
  duration_ms: 3193.13275
  type: 'test'
  ...
# [Managed] REPOSITORY_FETCH subscription=1
# [Managed] WORKTREE_ENSURE subscription=1
# [Managed] WORKTREE_UPDATE subscription=1
# [Managed] worktree=1 commit=b0366326cdac7bd8da74510570d62c01086a6b63 -> b0366326cdac7bd8da74510570d62c01086a6b63
# [Managed] DISCOVERY subscription=1
# [Managed] discovery add=1 drop=0
# [Managed] COPY_AND_CRON subscription=1
# [Managed] REPOSITORY_FETCH subscription=1
# [Managed] REPOSITORY_FETCH: GIT_COMMAND_FAILED
# Subtest: fetch, scanner, copy and Cron failures preserve Tasks; every failure can retry
    # Subtest: network failure never reaches discovery
    ok 1 - network failure never reaches discovery
      ---
      duration_ms: 122.086083
      type: 'test'
      ...
# [Managed] REPOSITORY_FETCH subscription=1
# [Managed] WORKTREE_ENSURE subscription=1
# [Managed] WORKTREE_UPDATE subscription=1
# [Managed] worktree=1 commit=b0366326cdac7bd8da74510570d62c01086a6b63 -> 285f2c01d97ef5195dd59310d4c147e9d7c35f75
# [Managed] DISCOVERY subscription=1
# [Managed] discovery add=1 drop=1
# [Managed] COPY_AND_CRON subscription=1
# [Managed] COPY_AND_CRON: MANAGED_SYNC_FAILED
    # Subtest: partial Cron registration failure restores original ID and scripts
    ok 2 - partial Cron registration failure restores original ID and scripts
      ---
      duration_ms: 1751.25925
      type: 'test'
      ...
# [Managed] REPOSITORY_FETCH subscription=1
# [Managed] WORKTREE_ENSURE subscription=1
# [Managed] WORKTREE_UPDATE subscription=1
# [Managed] worktree=1 commit=285f2c01d97ef5195dd59310d4c147e9d7c35f75 -> 285f2c01d97ef5195dd59310d4c147e9d7c35f75
# [Managed] DISCOVERY subscription=1
# [Managed] discovery add=1 drop=1
# [Managed] COPY_AND_CRON subscription=1
    # Subtest: retry at already updated commit applies old scanner add/drop
    ok 3 - retry at already updated commit applies old scanner add/drop
      ---
      duration_ms: 1707.551875
      type: 'test'
      ...
# [Managed] REPOSITORY_FETCH subscription=1
# [Managed] WORKTREE_ENSURE subscription=1
# [Managed] WORKTREE_UPDATE subscription=1
# [Managed] worktree=1 commit=285f2c01d97ef5195dd59310d4c147e9d7c35f75 -> 285f2c01d97ef5195dd59310d4c147e9d7c35f75
# [Managed] DISCOVERY subscription=1
# [Managed] DISCOVERY: MANAGED_SYNC_FAILED
# [Managed] REPOSITORY_FETCH subscription=1
# [Managed] WORKTREE_ENSURE subscription=1
# [Managed] WORKTREE_UPDATE subscription=1
# [Managed] worktree=1 commit=285f2c01d97ef5195dd59310d4c147e9d7c35f75 -> 285f2c01d97ef5195dd59310d4c147e9d7c35f75
# [Managed] DISCOVERY subscription=1
# [Managed] discovery add=0 drop=0
# [Managed] COPY_AND_CRON subscription=1
    # Subtest: copy failure leaves current scripts intact
    ok 4 - copy failure leaves current scripts intact
      ---
      duration_ms: 3262.182375
      type: 'test'
      ...
    1..4
ok 54 - fetch, scanner, copy and Cron failures preserve Tasks; every failure can retry
  ---
  duration_ms: 11057.190083
  type: 'test'
  ...
# [Managed] REPOSITORY_FETCH subscription=1
# [Managed] WORKTREE_ENSURE subscription=1
# [Managed] WORKTREE_UPDATE subscription=1
# [Managed] worktree=1 commit=5e4c084503ff59f015834834f6e43396ad7e64e0 -> 5e4c084503ff59f015834834f6e43396ad7e64e0
# [Managed] DISCOVERY subscription=1
# [Managed] discovery add=1 drop=0
# [Managed] COPY_AND_CRON subscription=1
# Subtest: Managed leases block overlapping sync, update and binding changes
ok 55 - Managed leases block overlapping sync, update and binding changes
  ---
  duration_ms: 4021.907
  type: 'test'
  ...
# [Managed] REPOSITORY_FETCH subscription=1
# [Managed] WORKTREE_ENSURE subscription=1
# [Managed] WORKTREE_UPDATE subscription=1
# [Managed] worktree=1 commit=08decdeab28ccfe8b11e5fd9c1a859592fb36c7f -> 08decdeab28ccfe8b11e5fd9c1a859592fb36c7f
# [Managed] DISCOVERY subscription=1
# [Managed] discovery add=1 drop=0
# [Managed] COPY_AND_CRON subscription=1
# [Managed] REPOSITORY_FETCH subscription=1
# [Managed] WORKTREE_ENSURE subscription=1
# [Managed] WORKTREE_UPDATE subscription=1
# [Managed] worktree=1 commit=08decdeab28ccfe8b11e5fd9c1a859592fb36c7f -> d37e83dfc4c867bb2b7426e4ecc56355e030e87c
# [Managed] DISCOVERY subscription=1
# [Managed] DISCOVERY: PATH_CONFLICT
# Subtest: symlink source is refused without reading or copying outside data root
ok 56 - symlink source is refused without reading or copying outside data root
  ---
  duration_ms: 4723.420167
  type: 'test'
  ...
# [Managed] REPOSITORY_FETCH subscription=1
# [Managed] WORKTREE_ENSURE subscription=1
# [Managed] WORKTREE_UPDATE subscription=1
# [Managed] worktree=1 commit=52a74dc9ef4de5448ebd15f04ceeffade637d03e -> 52a74dc9ef4de5448ebd15f04ceeffade637d03e
# [Managed] DISCOVERY subscription=1
# [Managed] discovery add=1 drop=0
# [Managed] COPY_AND_CRON subscription=1
# [Managed] REPOSITORY_FETCH subscription=1
# [Managed] WORKTREE_ENSURE subscription=1
# [Managed] WORKTREE_UPDATE subscription=1
# [Managed] worktree=2 commit=52a74dc9ef4de5448ebd15f04ceeffade637d03e -> 52a74dc9ef4de5448ebd15f04ceeffade637d03e
# [Managed] DISCOVERY subscription=1
# [Managed] discovery add=0 drop=0
# [Managed] COPY_AND_CRON subscription=1
# Subtest: branch selection creates a new binding and preserves the old Worktree
ok 57 - branch selection creates a new binding and preserves the old Worktree
  ---
  duration_ms: 5795.844875
  type: 'test'
  ...
# [Managed] REPOSITORY_FETCH subscription=1
# [Managed] WORKTREE_ENSURE subscription=1
# [Managed] WORKTREE_UPDATE subscription=1
# [Managed] worktree=1 commit=32fd660f67d23f4af4ce4c0519b8f0ccbf822967 -> 32fd660f67d23f4af4ce4c0519b8f0ccbf822967
# [Managed] DISCOVERY subscription=1
# [Managed] discovery add=1 drop=0
# [Managed] COPY_AND_CRON subscription=1
# [Managed] REPOSITORY_FETCH subscription=1
# [Managed] WORKTREE_ENSURE subscription=1
# [Managed] WORKTREE_ENSURE: REF_NOT_FOUND
# Subtest: branch deleted stops before scripts and Task diff
ok 58 - branch deleted stops before scripts and Task diff
  ---
  duration_ms: 4008.985708
  type: 'test'
  ...
# [Managed] REPOSITORY_FETCH subscription=1
# [Managed] WORKTREE_ENSURE subscription=1
# [Managed] WORKTREE_UPDATE subscription=1
# [Managed] worktree=1 commit=2547c12d5346d025c9a5adc926bb34b97376fd20 -> 2547c12d5346d025c9a5adc926bb34b97376fd20
# [Managed] DISCOVERY subscription=1
# [Managed] discovery add=1 drop=0
# [Managed] COPY_AND_CRON subscription=1
# [Managed] REPOSITORY_FETCH subscription=1
# [Managed] WORKTREE_ENSURE subscription=1
# [Managed] WORKTREE_ENSURE: WORKTREE_DIVERGED
# Subtest: force push stops before scripts and Task diff
ok 59 - force push stops before scripts and Task diff
  ---
  duration_ms: 3984.132
  type: 'test'
  ...
# [Managed] REPOSITORY_FETCH subscription=1
# [Managed] WORKTREE_ENSURE subscription=1
# [Managed] WORKTREE_UPDATE subscription=1
# [Managed] worktree=1 commit=5b0c1ef75c440ee852544550c556af62decabbc2 -> 5b0c1ef75c440ee852544550c556af62decabbc2
# [Managed] DISCOVERY subscription=1
# [Managed] discovery add=1 drop=0
# [Managed] COPY_AND_CRON subscription=1
# [Managed] REPOSITORY_FETCH subscription=1
# [Managed] REPOSITORY_FETCH: REPOSITORY_NOT_INITIALIZED
# Subtest: storage missing stops before scripts and Task diff
ok 60 - storage missing stops before scripts and Task diff
  ---
  duration_ms: 3546.089291
  type: 'test'
  ...
# [Managed] REPOSITORY_FETCH subscription=1
# [Managed] WORKTREE_ENSURE subscription=1
# [Managed] WORKTREE_UPDATE subscription=1
# [Managed] worktree=1 commit=39202c248ee165a34718d95cc23233b8299acddb -> 39202c248ee165a34718d95cc23233b8299acddb
# [Managed] DISCOVERY subscription=1
# [Managed] discovery add=1 drop=0
# [Managed] COPY_AND_CRON subscription=1
# [Managed] REPOSITORY_FETCH subscription=1
# [Managed] REPOSITORY_FETCH: MANAGED_SYNC_FAILED
# Subtest: disabled credential stops before scripts and Task diff
ok 61 - disabled credential stops before scripts and Task diff
  ---
  duration_ms: 3379.548583
  type: 'test'
  ...
1..61
# tests 65
# suites 0
# pass 65
# fail 0
# cancelled 0
# skipped 0
# todo 0
# duration_ms 82834.7535
