npm warn Unknown project config "strict-peer-dependencies". This will stop working in the next major version of npm. See `npm help npmrc` for supported config options.
TAP version 13
# Subtest: real HTTP APIs mask secrets and validation errors, enforce scope and block open access
ok 1 - real HTTP APIs mask secrets and validation errors, enforce scope and block open access
  ---
  duration_ms: 494.386375
  type: 'test'
  ...
# Subtest: Global unique key, SET/UNSET/empty/disabled, secret keep/replace/clear and base allowlist share the scoped contract
ok 2 - Global unique key, SET/UNSET/empty/disabled, secret keep/replace/clear and base allowlist share the scoped contract
  ---
  duration_ms: 395.631125
  type: 'test'
  ...
# Subtest: real ID-to-SQLite shell bridge resolves current config, cleans per-run files and fails disabled profiles
ok 3 - real ID-to-SQLite shell bridge resolves current config, cleans per-run files and fails disabled profiles
  ---
  duration_ms: 2165.854625
  type: 'test'
  ...
1..3
# tests 3
# suites 0
# pass 3
# fail 0
# cancelled 0
# skipped 0
# todo 0
# duration_ms 2434.490125
