npm warn Unknown project config "strict-peer-dependencies". This will stop working in the next major version of npm. See `npm help npmrc` for supported config options.
npm warn Unknown project config "strict-peer-dependencies". This will stop working in the next major version of npm. See `npm help npmrc` for supported config options.

> @whyour/qinglong@2.21.0-16 test
> TS_NODE_PROJECT=back/tsconfig.json node -r ts-node/register/transpile-only --test test/back/*.test.cjs test/front/*.test.cjs

TAP version 13
# Subtest: valid legacy and platform sessions retain compatibility
ok 1 - valid legacy and platform sessions retain compatibility
  ---
  duration_ms: 3.079541
  type: 'test'
  ...
# Subtest: session membership never bypasses JWT signature, expiry, algorithm or nbf
ok 2 - session membership never bypasses JWT signature, expiry, algorithm or nbf
  ---
  duration_ms: 3.714042
  type: 'test'
  ...
# Subtest: platform token metadata can shorten but cannot extend JWT expiration
ok 3 - platform token metadata can shorten but cannot extend JWT expiration
  ---
  duration_ms: 0.340375
  type: 'test'
  ...
# Subtest: passwords are salted and plaintext credentials are rejected
ok 4 - passwords are salted and plaintext credentials are rejected
  ---
  duration_ms: 255.162917
  type: 'test'
  ...
# Subtest: build verification accepts matching source and rejects stale or dirty artifacts
ok 5 - build verification accepts matching source and rejects stale or dirty artifacts
  ---
  duration_ms: 995.789083
  type: 'test'
  ...
# Subtest: release images receive the same-run artifact and verify it before use
ok 6 - release images receive the same-run artifact and verify it before use
  ---
  duration_ms: 16.910042
  type: 'test'
  ...
# Subtest: complete artifact manifests reject changed, missing, extra files and untracked build inputs
ok 7 - complete artifact manifests reject changed, missing, extra files and untracked build inputs
  ---
  duration_ms: 3168.331667
  type: 'test'
  ...
# Subtest: form and API accept Chinese log names and existing supported names
ok 8 - form and API accept Chinese log names and existing supported names
  ---
  duration_ms: 1.479708
  type: 'test'
  ...
# Subtest: form and API still reject unsafe relative names and excessive length
ok 9 - form and API still reject unsafe relative names and excessive length
  ---
  duration_ms: 1.019542
  type: 'test'
  ...
# Subtest: API restricts absolute log paths to the configured directory or /dev/null
ok 10 - API restricts absolute log paths to the configured directory or /dev/null
  ---
  duration_ms: 0.145375
  type: 'test'
  ...
# Subtest: cron validation accepts leading-zero schedules and legacy null labels
ok 11 - cron validation accepts leading-zero schedules and legacy null labels
  ---
  duration_ms: 65.8725
  type: 'test'
  ...
# Subtest: cron validation identifies invalid fields
ok 12 - cron validation identifies invalid fields
  ---
  duration_ms: 2.136458
  type: 'test'
  ...
# Subtest: today failures includes recovered and deleted tasks, excluding previous days and successes
ok 13 - today failures includes recovered and deleted tasks, excluding previous days and successes
  ---
  duration_ms: 409.384666
  type: 'test'
  ...
# Subtest: dependency listing marks cache entries missing from disk for reinstall
ok 14 - dependency listing marks cache entries missing from disk for reinstall
  ---
  duration_ms: 444.795792
  type: 'test'
  ...
# Subtest: config filename route points callers to its detail API
ok 15 - config filename route points callers to its detail API
  ---
  duration_ms: 160.313334
  type: 'test'
  ...
# Subtest: script filename route points callers to its detail API
ok 16 - script filename route points callers to its detail API
  ---
  duration_ms: 122.1545
  type: 'test'
  ...
# Subtest: log filename route points callers to its detail API
ok 17 - log filename route points callers to its detail API
  ---
  duration_ms: 97.318709
  type: 'test'
  ...
# Subtest: container logging discards stdout and forwards startup errors without persistent copies
ok 18 - container logging discards stdout and forwards startup errors without persistent copies
  ---
  duration_ms: 38.497583
  type: 'test'
  ...
# Subtest: non-container installs keep the PM2 logging defaults
ok 19 - non-container installs keep the PM2 logging defaults
  ---
  duration_ms: 14.154041
  type: 'test'
  ...
# Subtest: matches legacy pipeline for whitespace, malformed lines, CRLF and final unterminated line
ok 20 - matches legacy pipeline for whitespace, malformed lines, CRLF and final unterminated line
  ---
  duration_ms: 50.010958
  type: 'test'
  ...
# Subtest: resets prior names for an empty file
ok 21 - resets prior names for an empty file
  ---
  duration_ms: 13.62875
  type: 'test'
  ...
# Subtest: extracting names never evaluates command substitutions or shell syntax in values
ok 22 - extracting names never evaluates command substitutions or shell syntax in values
  ---
  duration_ms: 23.7295
  type: 'test'
  ...
# Subtest: clear_env removes listed exports and preserves unrelated values
ok 23 - clear_env removes listed exports and preserves unrelated values
  ---
  duration_ms: 19.993959
  type: 'test'
  ...
# Subtest: large configuration preserves order and duplicate names
ok 24 - large configuration preserves order and duplicate names
  ---
  duration_ms: 195.288834
  type: 'test'
  ...
# Subtest: spawn failure settles without exit, and the next scheduled run can proceed
ok 25 - spawn failure settles without exit, and the next scheduled run can proceed
  ---
  duration_ms: 44.959917
  type: 'test'
  ...
# Subtest: completion waits for slow log consumers and preserves the final output
ok 26 - completion waits for slow log consumers and preserves the final output
  ---
  duration_ms: 119.096417
  type: 'test'
  ...
# Subtest: exit is not completion, and UTF-8 split across writes remains intact
ok 27 - exit is not completion, and UTF-8 split across writes remains intact
  ---
  duration_ms: 11.8915
  type: 'test'
  ...
# Subtest: failed log sink drains large output instead of blocking the child
ok 28 - failed log sink drains large output instead of blocking the child
  ---
  duration_ms: 69.180166
  type: 'test'
  ...
# Subtest: PID response keeps queue capacity occupied until cleanup completes
ok 29 - PID response keeps queue capacity occupied until cleanup completes
  ---
  duration_ms: 375.188625
  type: 'test'
  ...
# Subtest: before/error/end callback failures settle and release capacity
ok 30 - before/error/end callback failures settle and release capacity
  ---
  duration_ms: 29.788916
  type: 'test'
  ...
# Subtest: concurrent writes and closes preserve all bytes, and failed files can be closed
ok 31 - concurrent writes and closes preserve all bytes, and failed files can be closed
  ---
  duration_ms: 57.621958
  type: 'test'
  ...
# Subtest: file access enforces directory boundaries, blacklist descendants and symlinks
ok 32 - file access enforces directory boundaries, blacklist descendants and symlinks
  ---
  duration_ms: 4.305625
  type: 'test'
  ...
# Subtest: readDirs preserves the recursive tree contract and ignores blocked entries
ok 33 - readDirs preserves the recursive tree contract and ignores blocked entries
  ---
  duration_ms: 30.740916
  type: 'test'
  ...
# Subtest: gRPC cron response preserves Sequelize model fields through protobuf serialization
ok 34 - gRPC cron response preserves Sequelize model fields through protobuf serialization
  ---
  duration_ms: 95.6455
  type: 'test'
  ...
# Subtest: legacy plain cron rows normalize absent repeated fields
ok 35 - legacy plain cron rows normalize absent repeated fields
  ---
  duration_ms: 0.261833
  type: 'test'
  ...
# Subtest: HTTP listener preserves private binding and releases its port after shutdown
ok 36 - HTTP listener preserves private binding and releases its port after shutdown
  ---
  duration_ms: 61.390792
  type: 'test'
  ...
# Subtest: custom cluster deployments can restore shared listening
ok 37 - custom cluster deployments can restore shared listening
  ---
  duration_ms: 1.209083
  type: 'test'
  ...
# Subtest: HTTP authentication protects init, scopes, expired sessions and config secrets
ok 38 - HTTP authentication protects init, scopes, expired sessions and config secrets
  ---
  duration_ms: 976.072166
  type: 'test'
  ...
# Subtest: HTTP binding 127.0.0.1 never broadens an explicit private address
ok 39 - HTTP binding 127.0.0.1 never broadens an explicit private address
  ---
  duration_ms: 35.21525
  type: 'test'
  ...
# Subtest: gRPC binding 127.0.0.1 never broadens an explicit private address
ok 40 - gRPC binding 127.0.0.1 never broadens an explicit private address
  ---
  duration_ms: 36.9255
  type: 'test'
  ...
# Subtest: HTTP binding ::1 never broadens an explicit private address
ok 41 - HTTP binding ::1 never broadens an explicit private address
  ---
  duration_ms: 32.645084
  type: 'test'
  ...
# Subtest: gRPC binding ::1 never broadens an explicit private address
ok 42 - gRPC binding ::1 never broadens an explicit private address
  ---
  duration_ms: 28.331958
  type: 'test'
  ...
# Subtest: HTTP binding 192.0.2.1 never broadens an explicit private address
ok 43 - HTTP binding 192.0.2.1 never broadens an explicit private address
  ---
  duration_ms: 11.531292
  type: 'test'
  ...
# Subtest: gRPC binding 192.0.2.1 never broadens an explicit private address
ok 44 - gRPC binding 192.0.2.1 never broadens an explicit private address
  ---
  duration_ms: 16.896708
  type: 'test'
  ...
# Subtest: HTTP binding :: never broadens an explicit private address
ok 45 - HTTP binding :: never broadens an explicit private address
  ---
  duration_ms: 20.373459
  type: 'test'
  ...
# Subtest: gRPC binding :: never broadens an explicit private address
ok 46 - gRPC binding :: never broadens an explicit private address
  ---
  duration_ms: 11.355875
  type: 'test'
  ...
# Subtest: log streams reject traversal, sibling prefixes and escaping symlinks before writing
ok 47 - log streams reject traversal, sibling prefixes and escaping symlinks before writing
  ---
  duration_ms: 86.636417
  type: 'test'
  ...
# Subtest: log initialization rejects unsafe paths before mkdir or file writes
ok 48 - log initialization rejects unsafe paths before mkdir or file writes
  ---
  duration_ms: 356.677875
  type: 'test'
  ...
# Subtest: manual execution rejects escaping log names before creating directories or spawning
ok 49 - manual execution rejects escaping log names before creating directories or spawning
  ---
  duration_ms: 522.178167
  type: 'test'
  ...
# Subtest: log reader defaults to a bounded tail and supports incremental reads
ok 50 - log reader defaults to a bounded tail and supports incremental reads
  ---
  duration_ms: 37.344167
  type: 'test'
  ...
# Subtest: log reader enforces the maximum chunk size
ok 51 - log reader enforces the maximum chunk size
  ---
  duration_ms: 89.266542
  type: 'test'
  ...
# Subtest: log reader preserves UTF-8 characters across byte boundaries
ok 52 - log reader preserves UTF-8 characters across byte boundaries
  ---
  duration_ms: 28.836667
  type: 'test'
  ...
# Subtest: missing logs return an empty chunk
ok 53 - missing logs return an empty chunk
  ---
  duration_ms: 9.840041
  type: 'test'
  ...
# Subtest: manual execution captures a short child before slow status storage and flushes before release
ok 54 - manual execution captures a short child before slow status storage and flushes before release
  ---
  duration_ms: 660.248959
  type: 'test'
  ...
# Subtest: manual startup loses its conditional claim after stop and terminates the late child
ok 55 - manual startup loses its conditional claim after stop and terminates the late child
  ---
  duration_ms: 399.456292
  type: 'test'
  ...
# Subtest: manual startup loses its conditional claim after newer-queue and terminates the late child
ok 56 - manual startup loses its conditional claim after newer-queue and terminates the late child
  ---
  duration_ms: 355.059
  type: 'test'
  ...
# Subtest: manual startup loses its conditional claim after stop-requeue and terminates the late child
ok 57 - manual startup loses its conditional claim after stop-requeue and terminates the late child
  ---
  duration_ms: 575.594667
  type: 'test'
  ...
# Subtest: verified termination waits for a SIGTERM-resistant target to exit
ok 58 - verified termination waits for a SIGTERM-resistant target to exit
  ---
  duration_ms: 1164.241417
  type: 'test'
  ...
# Subtest: a runner waiting for a concurrency slot cannot adopt a newer queued generation
ok 59 - a runner waiting for a concurrency slot cannot adopt a newer queued generation
  ---
  duration_ms: 117.864417
  type: 'test'
  ...
# Subtest: metrics keep only the newest bounded samples
ok 60 - metrics keep only the newest bounded samples
  ---
  duration_ms: 25.225291
  type: 'test'
  ...
# Subtest: empty metric queries return finite aggregates
ok 61 - empty metric queries return finite aggregates
  ---
  duration_ms: 0.486125
  type: 'test'
  ...
# Subtest: health probes bypass request metric retention with or without base URL
ok 62 - health probes bypass request metric retention with or without base URL
  ---
  duration_ms: 0.602958
  type: 'test'
  ...
# Subtest: non-health requests keep bounded service metrics
ok 63 - non-health requests keep bounded service metrics
  ---
  duration_ms: 0.191291
  type: 'test'
  ...
# Subtest: ordinary request metrics are sampled instead of retained per request
ok 64 - ordinary request metrics are sampled instead of retained per request
  ---
  duration_ms: 0.256208
  type: 'test'
  ...
# Subtest: warm cache avoids pnpm, preserves spaces, and never evaluates cached text
ok 65 - warm cache avoids pnpm, preserves spaces, and never evaluates cached text
  ---
  duration_ms: 543.762459
  type: 'test'
  ...
# Subtest: config, environment, cwd, and executable changes invalidate discovery
ok 66 - config, environment, cwd, and executable changes invalidate discovery
  ---
  duration_ms: 1275.7715
  type: 'test'
  ...
# Subtest: expired or malformed records refresh and failed lookups are not cached
ok 67 - expired or malformed records refresh and failed lookups are not cached
  ---
  duration_ms: 833.668
  type: 'test'
  ...
# Subtest: disabled or unavailable cache falls back without changing discovery output
ok 68 - disabled or unavailable cache falls back without changing discovery output
  ---
  duration_ms: 582.302875
  type: 'test'
  ...
# Subtest: concurrent refreshes publish complete records and do not overwrite symlink targets
ok 69 - concurrent refreshes publish complete records and do not overwrite symlink targets
  ---
  duration_ms: 413.986958
  type: 'test'
  ...
# Subtest: task entry tolerates discovery failure with errexit enabled
ok 70 - task entry tolerates discovery failure with errexit enabled
  ---
  duration_ms: 279.151959
  type: 'test'
  ...
# Subtest: simultaneous cold and expired lookups share one successful refresh
ok 71 - simultaneous cold and expired lookups share one successful refresh # SKIP
  ---
  duration_ms: 0.392875
  type: 'test'
  ...
# Subtest: waiters with different configuration do not reuse another key
ok 72 - waiters with different configuration do not reuse another key # SKIP
  ---
  duration_ms: 0.052041
  type: 'test'
  ...
# Subtest: lock timeout falls back while a holder is still alive
ok 73 - lock timeout falls back while a holder is still alive # SKIP
  ---
  duration_ms: 0.092833
  type: 'test'
  ...
# Subtest: absent or unsupported flock and unsafe lock paths preserve discovery
ok 74 - absent or unsupported flock and unsafe lock paths preserve discovery
  ---
  duration_ms: 1687.048834
  type: 'test'
  ...
# Subtest: failed refresh releases lock and does not publish a success
ok 75 - failed refresh releases lock and does not publish a success
  ---
  duration_ms: 769.213792
  type: 'test'
  ...
# Subtest: refresh leaves the caller file descriptor and umask unchanged
ok 76 - refresh leaves the caller file descriptor and umask unchanged
  ---
  duration_ms: 598.825125
  type: 'test'
  ...
# Subtest: container APM policy keeps worker isolation and can restore all inherited probes
ok 77 - container APM policy keeps worker isolation and can restore all inherited probes
  ---
  duration_ms: 5.124334
  type: 'test'
  ...
# Subtest: standalone PM2 monitoring stays enabled
ok 78 - standalone PM2 monitoring stays enabled
  ---
  duration_ms: 1.047041
  type: 'test'
  ...
# Subtest: termination accepts Linux exited state Z before PID reaping
ok 79 - termination accepts Linux exited state Z before PID reaping
  ---
  duration_ms: 39.337083
  type: 'test'
  ...
# Subtest: termination accepts Linux exited state X before PID reaping
ok 80 - termination accepts Linux exited state X before PID reaping
  ---
  duration_ms: 10.587041
  type: 'test'
  ...
# Subtest: termination accepts Linux exited state x before PID reaping
ok 81 - termination accepts Linux exited state x before PID reaping
  ---
  duration_ms: 14.120542
  type: 'test'
  ...
# Subtest: termination keeps waiting while the process is running
ok 82 - termination keeps waiting while the process is running
  ---
  duration_ms: 39.95425
  type: 'test'
  ...
# Subtest: a process disappearing during the procfs read is accepted
ok 83 - a process disappearing during the procfs read is accepted
  ---
  duration_ms: 8.559292
  type: 'test'
  ...
# Subtest: permission failures are not reported as successful termination
ok 84 - permission failures are not reported as successful termination
  ---
  duration_ms: 12.368958
  type: 'test'
  ...
# Subtest: rejects case variations under protected API namespaces
ok 85 - rejects case variations under protected API namespaces
  ---
  duration_ms: 7.944
  type: 'test'
  ...
# Subtest: allows normalized protected paths and unrelated paths
ok 86 - allows normalized protected paths and unrelated paths
  ---
  duration_ms: 0.329916
  type: 'test'
  ...
# Subtest: ql log reads the requested system log history without PM2
ok 87 - ql log reads the requested system log history without PM2
  ---
  duration_ms: 45.499333
  type: 'test'
  ...
# Subtest: ql log follows the current Winston system log without PM2
ok 88 - ql log follows the current Winston system log without PM2
  ---
  duration_ms: 421.070292
  type: 'test'
  ...
# Subtest: ql log reports when no persisted system log exists
ok 89 - ql log reports when no persisted system log exists
  ---
  duration_ms: 14.81425
  type: 'test'
  ...
# Subtest: retention policy defaults to disabled and clamps invalid values
ok 90 - retention policy defaults to disabled and clamps invalid values
  ---
  duration_ms: 0.874166
  type: 'test'
  ...
# Subtest: directory preview counts files recursively and ignores symlinks
ok 91 - directory preview counts files recursively and ignores symlinks
  ---
  duration_ms: 25.453125
  type: 'test'
  ...
# Subtest: cleanup previews first, protects running instances, and uses explicit options
ok 92 - cleanup previews first, protects running instances, and uses explicit options
  ---
  duration_ms: 137.410166
  type: 'test'
  ...
# Subtest: schedule health check uses the HTTP health endpoint and system logs
    # Subtest: returns serving for a healthy prefixed HTTP service
    ok 1 - returns serving for a healthy prefixed HTTP service
      ---
      duration_ms: 75.998833
      type: 'test'
      ...
    # Subtest: reports recent system logs when HTTP startup fails
    ok 2 - reports recent system logs when HTTP startup fails
      ---
      duration_ms: 26.852709
      type: 'test'
      ...
    1..2
ok 93 - schedule health check uses the HTTP health endpoint and system logs
  ---
  duration_ms: 115.672083
  type: 'test'
  ...
# Subtest: scheduler lock survives nested file writes and releases after success
ok 94 - scheduler lock survives nested file writes and releases after success
  ---
  duration_ms: 85.94125
  type: 'test'
  ...
# Subtest: scheduler lock survives nested file writes and releases after failure
ok 95 - scheduler lock survives nested file writes and releases after failure
  ---
  duration_ms: 68.483042
  type: 'test'
  ...
# Subtest: recovery snapshot cannot overwrite concurrent create
ok 96 - recovery snapshot cannot overwrite concurrent create
  ---
  duration_ms: 789.111
  type: 'test'
  ...
# Subtest: recovery snapshot cannot overwrite concurrent update
ok 97 - recovery snapshot cannot overwrite concurrent update
  ---
  duration_ms: 271.173625
  type: 'test'
  ...
# Subtest: recovery snapshot cannot overwrite concurrent remove
ok 98 - recovery snapshot cannot overwrite concurrent remove
  ---
  duration_ms: 186.11725
  type: 'test'
  ...
# Subtest: recovery snapshot cannot overwrite concurrent disabled
ok 99 - recovery snapshot cannot overwrite concurrent disabled
  ---
  duration_ms: 201.310125
  type: 'test'
  ...
# Subtest: recovery snapshot cannot overwrite concurrent enabled
ok 100 - recovery snapshot cannot overwrite concurrent enabled
  ---
  duration_ms: 253.381208
  type: 'test'
  ...
# Subtest: recovery waits for an admitted mutation to finish registration before reading the DB
ok 101 - recovery waits for an admitted mutation to finish registration before reading the DB
  ---
  duration_ms: 224.613084
  type: 'test'
  ...
# Subtest: create preserves scheduler 503 after rollback and releases its lock
ok 102 - create preserves scheduler 503 after rollback and releases its lock
  ---
  duration_ms: 115.96975
  type: 'test'
  ...
# Subtest: update preserves scheduler 503 after rollback and releases its lock
ok 103 - update preserves scheduler 503 after rollback and releases its lock
  ---
  duration_ms: 119.485167
  type: 'test'
  ...
# Subtest: enabled preserves scheduler 503 after rollback and releases its lock
ok 104 - enabled preserves scheduler 503 after rollback and releases its lock
  ---
  duration_ms: 244.689625
  type: 'test'
  ...
# Subtest: scheduler lock excludes a second OS process and leaves no lock after completion
ok 105 - scheduler lock excludes a second OS process and leaves no lock after completion
  ---
  duration_ms: 470.934416
  type: 'test'
  ...
# Subtest: update aborts on RPC 4 with deletion applied=false and reconciles the original DB
ok 106 - update aborts on RPC 4 with deletion applied=false and reconciles the original DB
  ---
  duration_ms: 101.703584
  type: 'test'
  ...
# Subtest: update aborts on RPC 4 with deletion applied=true and reconciles the original DB
ok 107 - update aborts on RPC 4 with deletion applied=true and reconciles the original DB
  ---
  duration_ms: 69.930625
  type: 'test'
  ...
# Subtest: update aborts on RPC 14 with deletion applied=false and reconciles the original DB
ok 108 - update aborts on RPC 14 with deletion applied=false and reconciles the original DB
  ---
  duration_ms: 68.302417
  type: 'test'
  ...
# Subtest: update aborts on RPC 14 with deletion applied=true and reconciles the original DB
ok 109 - update aborts on RPC 14 with deletion applied=true and reconciles the original DB
  ---
  duration_ms: 60.88475
  type: 'test'
  ...
# Subtest: remove aborts on RPC 4 with deletion applied=false and reconciles the original DB
ok 110 - remove aborts on RPC 4 with deletion applied=false and reconciles the original DB
  ---
  duration_ms: 57.809792
  type: 'test'
  ...
# Subtest: remove aborts on RPC 4 with deletion applied=true and reconciles the original DB
ok 111 - remove aborts on RPC 4 with deletion applied=true and reconciles the original DB
  ---
  duration_ms: 60.243166
  type: 'test'
  ...
# Subtest: remove aborts on RPC 14 with deletion applied=false and reconciles the original DB
ok 112 - remove aborts on RPC 14 with deletion applied=false and reconciles the original DB
  ---
  duration_ms: 52.53325
  type: 'test'
  ...
# Subtest: remove aborts on RPC 14 with deletion applied=true and reconciles the original DB
ok 113 - remove aborts on RPC 14 with deletion applied=true and reconciles the original DB
  ---
  duration_ms: 51.127459
  type: 'test'
  ...
# Subtest: disabled aborts on RPC 4 with deletion applied=false and reconciles the original DB
ok 114 - disabled aborts on RPC 4 with deletion applied=false and reconciles the original DB
  ---
  duration_ms: 51.484375
  type: 'test'
  ...
# Subtest: disabled aborts on RPC 4 with deletion applied=true and reconciles the original DB
ok 115 - disabled aborts on RPC 4 with deletion applied=true and reconciles the original DB
  ---
  duration_ms: 53.941291
  type: 'test'
  ...
# Subtest: disabled aborts on RPC 14 with deletion applied=false and reconciles the original DB
ok 116 - disabled aborts on RPC 14 with deletion applied=false and reconciles the original DB
  ---
  duration_ms: 50.607666
  type: 'test'
  ...
# Subtest: disabled aborts on RPC 14 with deletion applied=true and reconciles the original DB
ok 117 - disabled aborts on RPC 14 with deletion applied=true and reconciles the original DB
  ---
  duration_ms: 45.301708
  type: 'test'
  ...
# Subtest: configuration rollback cannot restore an obsolete manual queue token
ok 118 - configuration rollback cannot restore an obsolete manual queue token
  ---
  duration_ms: 49.43075
  type: 'test'
  ...
# Subtest: readiness stays false through failed restoration and retries without idle polling
ok 119 - readiness stays false through failed restoration and retries without idle polling
  ---
  duration_ms: 88.059
  type: 'test'
  ...
# Subtest: single-flight recovery cannot mark an invalidated generation ready
ok 120 - single-flight recovery cannot mark an invalidated generation ready
  ---
  duration_ms: 43.341208
  type: 'test'
  ...
# Subtest: mutation waiting is bounded, a later recovery can succeed
ok 121 - mutation waiting is bounded, a later recovery can succeed
  ---
  duration_ms: 25.655458
  type: 'test'
  ...
# Subtest: probe failure immediately invalidates a previously ready scheduler
ok 122 - probe failure immediately invalidates a previously ready scheduler
  ---
  duration_ms: 42.749
  type: 'test'
  ...
# Subtest: health uses actual readiness and returns HTTP 503 until recovery
ok 123 - health uses actual readiness and returns HTTP 503 until recovery
  ---
  duration_ms: 168.32875
  type: 'test'
  ...
# Subtest: recovery registration errors propagate while ordinary autosave retains file synchronization
ok 124 - recovery registration errors propagate while ordinary autosave retains file synchronization
  ---
  duration_ms: 7.035917
  type: 'test'
  ...
# Subtest: scheduler probe uses the cron channel and failed writes are not replayed
ok 125 - scheduler probe uses the cron channel and failed writes are not replayed
  ---
  duration_ms: 183.647791
  type: 'test'
  ...
# Subtest: scheduler health probe never calls back into HTTP health
ok 126 - scheduler health probe never calls back into HTTP health
  ---
  duration_ms: 40.793458
  type: 'test'
  ...
# Subtest: recovery reconciles a surviving scheduler after missed deletes and disables, including an empty DB
ok 127 - recovery reconciles a surviving scheduler after missed deletes and disables, including an empty DB
  ---
  duration_ms: 44.576083
  type: 'test'
  ...
# Subtest: invalid replacement leaves the previous schedule intact
ok 128 - invalid replacement leaves the previous schedule intact
  ---
  duration_ms: 22.487
  type: 'test'
  ...
# Subtest: pre-RPC channel failures invalidate readiness and return 503 without executing or replaying writes
ok 129 - pre-RPC channel failures invalidate readiness and return 503 without executing or replaying writes
  ---
  duration_ms: 235.437875
  type: 'test'
  ...
# Subtest: addCron invalidates an uncertain timed-out write without replaying it
ok 130 - addCron invalidates an uncertain timed-out write without replaying it
  ---
  duration_ms: 160.174667
  type: 'test'
  ...
# Subtest: delCron invalidates an uncertain timed-out write without replaying it
ok 131 - delCron invalidates an uncertain timed-out write without replaying it
  ---
  duration_ms: 112.282334
  type: 'test'
  ...
# Subtest: legacy database upgrades without losing rows and repeated migration is idempotent
ok 132 - legacy database upgrades without losing rows and repeated migration is idempotent
  ---
  duration_ms: 181.816084
  type: 'test'
  ...
# Subtest: migration failure rolls back added columns and can be retried after repair
ok 133 - migration failure rolls back added columns and can be retried after repair
  ---
  duration_ms: 140.478458
  type: 'test'
  ...
# Subtest: offline pre-upgrade backup restores the legacy schema and data
ok 134 - offline pre-upgrade backup restores the legacy schema and data
  ---
  duration_ms: 41.322916
  type: 'test'
  ...
# Subtest: database loader rejects initialization failure rather than allowing workers to start
ok 135 - database loader rejects initialization failure rather than allowing workers to start
  ---
  duration_ms: 52.081584
  type: 'test'
  ...
# Subtest: valid token cache is read with one jq and reused without generation
ok 136 - valid token cache is read with one jq and reused without generation
  ---
  duration_ms: 539.775791
  type: 'test'
  ...
# Subtest: expired, corrupt, missing or header-unsafe token cache refreshes under errexit
ok 137 - expired, corrupt, missing or header-unsafe token cache refreshes under errexit
  ---
  duration_ms: 478.780375
  type: 'test'
  ...
# Subtest: success with a message still parses once and stays silent
ok 138 - success with a message still parses once and stays silent
  ---
  duration_ms: 360.793167
  type: 'test'
  ...
# Subtest: status and statistics errors preserve multiline Unicode messages
ok 139 - status and statistics errors preserve multiline Unicode messages
  ---
  duration_ms: 423.03675
  type: 'test'
  ...
# Subtest: non-JSON errors fall back to raw text and absent messages retain legacy null
ok 140 - non-JSON errors fall back to raw text and absent messages retain legacy null
  ---
  duration_ms: 399.650333
  type: 'test'
  ...
# Subtest: statistics without a task id perform no JSON parsing
ok 141 - statistics without a task id perform no JSON parsing
  ---
  duration_ms: 5.916125
  type: 'test'
  ...
# Subtest: canonical success resets prior errors and matches jq missing-message semantics
ok 142 - canonical success resets prior errors and matches jq missing-message semantics
  ---
  duration_ms: 22.282959
  type: 'test'
  ...
# Subtest: noncanonical JSON always uses jq, including whitespace, duplicate keys and embedded success text
ok 143 - noncanonical JSON always uses jq, including whitespace, duplicate keys and embedded success text
  ---
  duration_ms: 330.317875
  type: 'test'
  ...
# Subtest: success-shaped invalid documents retain the raw-response error fallback
ok 144 - success-shaped invalid documents retain the raw-response error fallback
  ---
  duration_ms: 258.954292
  type: 'test'
  ...
# Subtest: WebSocket connections reject expired tokens and close when sessions are revoked
ok 145 - WebSocket connections reject expired tokens and close when sessions are revoked
  ---
  duration_ms: 1044.803
  type: 'test'
  ...
# Subtest: stop wins when shell exit writes error or success during termination, preserving exit codes
ok 146 - stop wins when shell exit writes error or success during termination, preserving exit codes
  ---
  duration_ms: 378.77425
  type: 'test'
  ...
# Subtest: late shell completion cannot overwrite stopped instances
ok 147 - late shell completion cannot overwrite stopped instances
  ---
  duration_ms: 178.652792
  type: 'test'
  ...
# Subtest: rows created after the stop snapshot are not relabelled
ok 148 - rows created after the stop snapshot are not relabelled
  ---
  duration_ms: 99.259959
  type: 'test'
  ...
# Subtest: repeated stop does not rewrite historical rows or their finished timestamps
ok 149 - repeated stop does not rewrite historical rows or their finished timestamps
  ---
  duration_ms: 112.017083
  type: 'test'
  ...
# Subtest: batch stop captures running instances from every requested cron
ok 150 - batch stop captures running instances from every requested cron
  ---
  duration_ms: 258.189083
  type: 'test'
  ...
# Subtest: stop signals every snapshotted PID exactly once and preserves a later running instance
ok 151 - stop signals every snapshotted PID exactly once and preserves a later running instance
  ---
  duration_ms: 138.760292
  type: 'test'
  ...
# Subtest: failed termination is not finalized as stopped
ok 152 - failed termination is not finalized as stopped
  ---
  duration_ms: 139.995375
  type: 'test'
  ...
# Subtest: subscription becomes idle and closes its log even when completion logging fails
ok 153 - subscription becomes idle and closes its log even when completion logging fails
  ---
  duration_ms: 522.195167
  type: 'test'
  ...
# Subtest: clearing a dependency cache marks installed entries for reinstall
ok 154 - clearing a dependency cache marks installed entries for reinstall
  ---
  duration_ms: 256.181666
  type: 'test'
  ...
# Subtest: Linux task timestamps share a snapshot and retain millisecond log names across midnight
ok 155 - Linux task timestamps share a snapshot and retain millisecond log names across midnight
  ---
  duration_ms: 19.750125
  type: 'test'
  ...
# Subtest: explicit log paths and output mode remain intact
ok 156 - explicit log paths and output mode remain intact
  ---
  duration_ms: 7.786125
  type: 'test'
  ...
# Subtest: task failure keeps exit code and minimum one-second runtime
ok 157 - task failure keeps exit code and minimum one-second runtime
  ---
  duration_ms: 16.611333
  type: 'test'
  ...
# Subtest: manual stop retains stopped message and exit status reporting
ok 158 - manual stop retains stopped message and exit status reporting
  ---
  duration_ms: 18.658
  type: 'test'
  ...
# Subtest: macos keeps legacy time conversion helpers
ok 159 - macos keeps legacy time conversion helpers
  ---
  duration_ms: 16.984875
  type: 'test'
  ...
# Subtest: custom keeps legacy time conversion helpers
ok 160 - custom keeps legacy time conversion helpers
  ---
  duration_ms: 16.5375
  type: 'test'
  ...
# Subtest: initialization returns the username and password validation result
ok 161 - initialization returns the username and password validation result
  ---
  duration_ms: 295.902541
  type: 'test'
  ...
# Subtest: initialization checks state inside a serialized mutation
ok 162 - initialization checks state inside a serialized mutation
  ---
  duration_ms: 248.757625
  type: 'test'
  ...
# Subtest: password change revokes sessions and closes connected clients
ok 163 - password change revokes sessions and closes connected clients
  ---
  duration_ms: 246.007334
  type: 'test'
  ...
# Subtest: a concurrent old-password login cannot restore a session after reset
ok 164 - a concurrent old-password login cannot restore a session after reset
  ---
  duration_ms: 213.522542
  type: 'test'
  ...
# Subtest: plaintext passwords are rejected without conversion
ok 165 - plaintext passwords are rejected without conversion
  ---
  duration_ms: 77.250542
  type: 'test'
  ...
# Subtest: TOTP failures are counted serially and further attempts are throttled
ok 166 - TOTP failures are counted serially and further attempts are throttled
  ---
  duration_ms: 219.101541
  type: 'test'
  ...
# Subtest: TOTP challenge expires and valid codes cannot be reused in the same step
ok 167 - TOTP challenge expires and valid codes cannot be reused in the same step
  ---
  duration_ms: 273.111041
  type: 'test'
  ...
# Subtest: active two-factor secret cannot be silently replaced and disabling revokes sessions
ok 168 - active two-factor secret cannot be silently replaced and disabling revokes sessions
  ---
  duration_ms: 63.22025
  type: 'test'
  ...
# Subtest: unknown default credentials do not grant fresh initialization
ok 169 - unknown default credentials do not grant fresh initialization
  ---
  duration_ms: 30.31875
  type: 'test'
  ...
# Subtest: PM2-managed primary disables only inherited worker APM and keeps worker metadata
ok 170 - PM2-managed primary disables only inherited worker APM and keeps worker metadata
  ---
  duration_ms: 1.952875
  type: 'test'
  ...
# Subtest: worker APM opt-in restores inherited PM2 settings, including explicit disable
ok 171 - worker APM opt-in restores inherited PM2 settings, including explicit disable
  ---
  duration_ms: 1.356
  type: 'test'
  ...
# Subtest: standalone startup does not introduce a PM2-specific override
ok 172 - standalone startup does not introduce a PM2-specific override
  ---
  duration_ms: 0.354542
  type: 'test'
  ...
# Subtest: replacement workers receive the same monitoring policy
ok 173 - replacement workers receive the same monitoring policy
  ---
  duration_ms: 0.462959
  type: 'test'
  ...
# Subtest: WPUSH survives protobuf and JSON round trips without changing existing modes
ok 174 - WPUSH survives protobuf and JSON round trips without changing existing modes
  ---
  duration_ms: 3.785458
  type: 'test'
  ...
# Subtest: decoded SystemNotify requests reach WPUSH with explicit or saved configuration
ok 175 - decoded SystemNotify requests reach WPUSH with explicit or saved configuration
  ---
  duration_ms: 217.362
  type: 'test'
  ...
# Subtest: validation errors include the failing field names
ok 176 - validation errors include the failing field names
  ---
  duration_ms: 0.993084
  type: 'test'
  ...
# Subtest: existing API error details remain visible
ok 177 - existing API error details remain visible
  ---
  duration_ms: 0.124292
  type: 'test'
  ...
1..177
# tests 179
# suites 0
# pass 176
# fail 0
# cancelled 0
# skipped 3
# todo 0
# duration_ms 7337.449958
