npm warn Unknown project config "strict-peer-dependencies". This will stop working in the next major version of npm. See `npm help npmrc` for supported config options.
TAP version 13
# Subtest: strict Managed crontab install reports errors while original default behavior is preserved
ok 1 - strict Managed crontab install reports errors while original default behavior is preserved
  ---
  duration_ms: 391.139959
  type: 'test'
  ...
# Subtest: DB projection controls identity, nested filters, metadata updates, user edits and removal policy
ok 2 - DB projection controls identity, nested filters, metadata updates, user edits and removal policy
  ---
  duration_ms: 631.515708
  type: 'test'
  ...
# Subtest: symlinks fail closed and no cron metadata never invents a schedule
ok 3 - symlinks fail closed and no cron metadata never invents a schedule
  ---
  duration_ms: 384.916875
  type: 'test'
  ...
# Subtest: definition DB failure and scheduler failure compensate updates without changing task identity or overrides
ok 4 - definition DB failure and scheduler failure compensate updates without changing task identity or overrides
  ---
  duration_ms: 604.341667
  type: 'test'
  ...
1..4
# tests 4
# suites 0
# pass 4
# fail 0
# cancelled 0
# skipped 0
# todo 0
# duration_ms 1945.031458
