npm warn Unknown project config "strict-peer-dependencies". This will stop working in the next major version of npm. See `npm help npmrc` for supported config options.
TAP version 13
# Subtest: platform sessions validate and obsolete single-token shapes fail closed
ok 1 - platform sessions validate and obsolete single-token shapes fail closed
  ---
  duration_ms: 3.471416
  type: 'test'
  ...
# Subtest: session membership never bypasses JWT signature, expiry, algorithm or nbf
ok 2 - session membership never bypasses JWT signature, expiry, algorithm or nbf
  ---
  duration_ms: 1.367708
  type: 'test'
  ...
# Subtest: platform token metadata can shorten but cannot extend JWT expiration
ok 3 - platform token metadata can shorten but cannot extend JWT expiration
  ---
  duration_ms: 0.33625
  type: 'test'
  ...
# Subtest: passwords are salted and plaintext credentials are rejected
ok 4 - passwords are salted and plaintext credentials are rejected
  ---
  duration_ms: 158.445083
  type: 'test'
  ...
# Subtest: HTTP authentication protects init, scopes, expired sessions and config secrets
ok 5 - HTTP authentication protects init, scopes, expired sessions and config secrets
  ---
  duration_ms: 301.600959
  type: 'test'
  ...
# Subtest: WebSocket connections reject expired tokens and close when sessions are revoked
ok 6 - WebSocket connections reject expired tokens and close when sessions are revoked
  ---
  duration_ms: 1062.4505
  type: 'test'
  ...
# Subtest: initialization checks state inside a serialized mutation
ok 7 - initialization checks state inside a serialized mutation
  ---
  duration_ms: 168.572584
  type: 'test'
  ...
# Subtest: password change revokes sessions and closes connected clients
ok 8 - password change revokes sessions and closes connected clients
  ---
  duration_ms: 207.636292
  type: 'test'
  ...
# Subtest: a concurrent old-password login cannot restore a session after reset
ok 9 - a concurrent old-password login cannot restore a session after reset
  ---
  duration_ms: 154.2455
  type: 'test'
  ...
# Subtest: plaintext passwords are rejected without conversion
ok 10 - plaintext passwords are rejected without conversion
  ---
  duration_ms: 61.811917
  type: 'test'
  ...
# Subtest: TOTP failures are counted serially and further attempts are throttled
ok 11 - TOTP failures are counted serially and further attempts are throttled
  ---
  duration_ms: 177.503333
  type: 'test'
  ...
# Subtest: TOTP challenge expires and valid codes cannot be reused in the same step
ok 12 - TOTP challenge expires and valid codes cannot be reused in the same step
  ---
  duration_ms: 228.644416
  type: 'test'
  ...
# Subtest: active two-factor secret cannot be silently replaced and disabling revokes sessions
ok 13 - active two-factor secret cannot be silently replaced and disabling revokes sessions
  ---
  duration_ms: 57.342083
  type: 'test'
  ...
# Subtest: unknown default credentials do not grant fresh initialization
ok 14 - unknown default credentials do not grant fresh initialization
  ---
  duration_ms: 26.822625
  type: 'test'
  ...
1..14
# tests 14
# suites 0
# pass 14
# fail 0
# cancelled 0
# skipped 0
# todo 0
# duration_ms 1308.824958
