npm warn Unknown project config "strict-peer-dependencies". This will stop working in the next major version of npm. See `npm help npmrc` for supported config options.
TAP version 13
# Subtest: fresh seed is local, idempotent and creates no usable password or legacy startup task
ok 1 - fresh seed is local, idempotent and creates no usable password or legacy startup task
  ---
  duration_ms: 66.452791
  type: 'test'
  ...
# Subtest: DB projection controls identity, nested filters, metadata updates, user edits and removal policy
ok 2 - DB projection controls identity, nested filters, metadata updates, user edits and removal policy
  ---
  duration_ms: 896.041083
  type: 'test'
  ...
# Subtest: symlinks fail closed and no cron metadata never invents a schedule
ok 3 - symlinks fail closed and no cron metadata never invents a schedule
  ---
  duration_ms: 363.525208
  type: 'test'
  ...
# Subtest: empty data root creates v1, all bridge/core tables, and restarts without schema writes
ok 4 - empty data root creates v1, all bridge/core tables, and restarts without schema writes
  ---
  duration_ms: 250.745834
  type: 'test'
  ...
# Subtest: unknown nonempty database fails closed and preserves rows and schema
ok 5 - unknown nonempty database fails closed and preserves rows and schema
  ---
  duration_ms: 101.767458
  type: 'test'
  ...
# Subtest: partial DDL failure rolls back all objects and allows a clean retry
ok 6 - partial DDL failure rolls back all objects and allows a clean retry
  ---
  duration_ms: 162.816666
  type: 'test'
  ...
# Subtest: unexpected schema objects are rejected on restart
ok 7 - unexpected schema objects are rejected on restart
  ---
  duration_ms: 124.803708
  type: 'test'
  ...
# Subtest: fresh directory bootstrap refuses symlinked database directory
ok 8 - fresh directory bootstrap refuses symlinked database directory
  ---
  duration_ms: 3.114375
  type: 'test'
  ...
# [Managed] REPOSITORY_FETCH subscription=1
# [Managed] WORKTREE_ENSURE subscription=1
# [Managed] WORKTREE_UPDATE subscription=1
# [Managed] worktree=1 commit=3ad4ad46e09d3a4c69b1f1c9f885d120410879ef -> 3ad4ad46e09d3a4c69b1f1c9f885d120410879ef
# [Managed] DISCOVERY subscription=1
# [Managed] discovery add=1 drop=0
# [Managed] COPY_AND_CRON subscription=1
# [Managed] REPOSITORY_FETCH subscription=1
# [Managed] WORKTREE_ENSURE subscription=1
# [Managed] WORKTREE_UPDATE subscription=1
# [Managed] worktree=1 commit=3ad4ad46e09d3a4c69b1f1c9f885d120410879ef -> 3ad4ad46e09d3a4c69b1f1c9f885d120410879ef
# [Managed] DISCOVERY subscription=1
# [Managed] discovery add=0 drop=0
# [Managed] COPY_AND_CRON subscription=1
# [Managed] REPOSITORY_FETCH subscription=1
# [Managed] WORKTREE_ENSURE subscription=1
# [Managed] WORKTREE_UPDATE subscription=1
# [Managed] worktree=1 commit=3ad4ad46e09d3a4c69b1f1c9f885d120410879ef -> 544a2ff076a553f03f625cda25ea90d8a8e5fe42
# [Managed] DISCOVERY subscription=1
# [Managed] discovery add=0 drop=0
# [Managed] COPY_AND_CRON subscription=1
# Subtest: repository-only prepare, first sync, no-change retry and FF update retain stable namespace
not ok 9 - repository-only prepare, first sync, no-change retry and FF update retain stable namespace
  ---
  duration_ms: 9031.186583
  type: 'test'
  location: '/Users/jonhy/PersonalDatas/Codes/github/anysoft/qinglong/tests/platform/subscription-pipeline.test.cjs:38:1'
  failureType: 'testCodeFailure'
  error: |-
    Expected values to be strictly equal:
    + actual - expected
    
    + '0 8 * * *'
    - '0 9 * * *'
         ^
    
  code: 'ERR_ASSERTION'
  name: 'AssertionError'
  expected: '0 9 * * *'
  actual: '0 8 * * *'
  operator: 'strictEqual'
  stack: |-
    TestContext.<anonymous> (/Users/jonhy/PersonalDatas/Codes/github/anysoft/qinglong/tests/platform/subscription-pipeline.test.cjs:58:10)
    async Test.run (node:internal/test_runner/test:1054:7)
    async startSubtestAfterBootstrap (node:internal/test_runner/harness:296:3)
  ...
# [Managed] REPOSITORY_FETCH subscription=1
# [Managed] WORKTREE_ENSURE subscription=1
# [Managed] WORKTREE_UPDATE subscription=1
# [Managed] worktree=1 commit=811e3de60c9b9d711c7473012b1c0ce01bc1676d -> 811e3de60c9b9d711c7473012b1c0ce01bc1676d
# [Managed] DISCOVERY subscription=1
# [Managed] discovery add=1 drop=0
# [Managed] COPY_AND_CRON subscription=1
# [Managed] REPOSITORY_FETCH subscription=1
# [Managed] WORKTREE_ENSURE subscription=1
# [Managed] WORKTREE_ENSURE: WORKTREE_DIRTY
# Subtest: dirty Worktree preserves last scripts and Tasks
ok 10 - dirty Worktree preserves last scripts and Tasks
  ---
  duration_ms: 5505.088459
  type: 'test'
  ...
# [Managed] REPOSITORY_FETCH subscription=1
# [Managed] WORKTREE_ENSURE subscription=1
# [Managed] WORKTREE_UPDATE subscription=1
# [Managed] worktree=1 commit=997e7657077692dfef7d9be720b9496a692db005 -> 997e7657077692dfef7d9be720b9496a692db005
# [Managed] DISCOVERY subscription=1
# [Managed] discovery add=1 drop=0
# [Managed] COPY_AND_CRON subscription=1
# [Managed] REPOSITORY_FETCH subscription=1
# [Managed] WORKTREE_ENSURE subscription=1
# [Managed] WORKTREE_ENSURE: WORKTREE_DIRTY
# Subtest: untracked Worktree preserves last scripts and Tasks
ok 11 - untracked Worktree preserves last scripts and Tasks
  ---
  duration_ms: 5208.712125
  type: 'test'
  ...
# [Managed] REPOSITORY_FETCH subscription=1
# [Managed] WORKTREE_ENSURE subscription=1
# [Managed] WORKTREE_UPDATE subscription=1
# [Managed] worktree=1 commit=0d205588d59b55270782117bbb3be25dedc75251 -> 0d205588d59b55270782117bbb3be25dedc75251
# [Managed] DISCOVERY subscription=1
# [Managed] discovery add=1 drop=0
# [Managed] COPY_AND_CRON subscription=1
# [Managed] REPOSITORY_FETCH subscription=1
# [Managed] WORKTREE_ENSURE subscription=1
# [Managed] WORKTREE_ENSURE: WORKTREE_LOCAL_COMMITS
# Subtest: ahead Worktree preserves last scripts and Tasks
ok 12 - ahead Worktree preserves last scripts and Tasks
  ---
  duration_ms: 5087.202792
  type: 'test'
  ...
# [Managed] REPOSITORY_FETCH subscription=1
# [Managed] WORKTREE_ENSURE subscription=1
# [Managed] WORKTREE_UPDATE subscription=1
# [Managed] worktree=1 commit=4376df1b95bd4567b5c1ef362369bb607d6cec37 -> 4376df1b95bd4567b5c1ef362369bb607d6cec37
# [Managed] DISCOVERY subscription=1
# [Managed] discovery add=1 drop=0
# [Managed] COPY_AND_CRON subscription=1
# [Managed] REPOSITORY_FETCH subscription=1
# [Managed] WORKTREE_ENSURE subscription=1
# [Managed] WORKTREE_ENSURE: WORKTREE_MISSING
# Subtest: missing Worktree preserves last scripts and Tasks
ok 13 - missing Worktree preserves last scripts and Tasks
  ---
  duration_ms: 5073.286875
  type: 'test'
  ...
# [Managed] REPOSITORY_FETCH subscription=1
# [Managed] WORKTREE_ENSURE subscription=1
# [Managed] WORKTREE_UPDATE subscription=1
# [Managed] worktree=1 commit=24b01d4a051deac45f2a84325dc2591cd0257f1e -> 24b01d4a051deac45f2a84325dc2591cd0257f1e
# [Managed] DISCOVERY subscription=1
# [Managed] discovery add=1 drop=0
# [Managed] COPY_AND_CRON subscription=1
# [Managed] REPOSITORY_FETCH subscription=1
# [Managed] WORKTREE_ENSURE subscription=1
# [Managed] WORKTREE_ENSURE: WORKTREE_STALE
# Subtest: detached Worktree preserves last scripts and Tasks
ok 14 - detached Worktree preserves last scripts and Tasks
  ---
  duration_ms: 5192.6255
  type: 'test'
  ...
# [Managed] REPOSITORY_FETCH subscription=1
# [Managed] WORKTREE_ENSURE subscription=1
# [Managed] WORKTREE_UPDATE subscription=1
# [Managed] worktree=1 commit=ee621e1ae0a2a28f39bc9119707f028348993c77 -> ee621e1ae0a2a28f39bc9119707f028348993c77
# [Managed] DISCOVERY subscription=1
# [Managed] discovery add=1 drop=0
# [Managed] COPY_AND_CRON subscription=1
# [Managed] REPOSITORY_FETCH subscription=1
# [Managed] WORKTREE_ENSURE subscription=1
# [Managed] WORKTREE_UPDATE subscription=1
# [Managed] worktree=1 commit=ee621e1ae0a2a28f39bc9119707f028348993c77 -> ee621e1ae0a2a28f39bc9119707f028348993c77
# [Managed] DISCOVERY subscription=1
# [Managed] DISCOVERY: INVALID_DISCOVERY_FILTER
# [Managed] REPOSITORY_FETCH subscription=1
# [Managed] WORKTREE_ENSURE subscription=1
# [Managed] WORKTREE_UPDATE subscription=1
# [Managed] worktree=1 commit=ee621e1ae0a2a28f39bc9119707f028348993c77 -> ee621e1ae0a2a28f39bc9119707f028348993c77
# [Managed] DISCOVERY subscription=1
# [Managed] discovery add=0 drop=0
# [Managed] COPY_AND_CRON subscription=1
# Subtest: discovery failure preserves last good state and retry at same commit succeeds
ok 15 - discovery failure preserves last good state and retry at same commit succeeds
  ---
  duration_ms: 8463.177084
  type: 'test'
  ...
# Subtest: shared repository/branch binding is retained and blocks worktree deletion
ok 16 - shared repository/branch binding is retained and blocks worktree deletion
  ---
  duration_ms: 4049.59575
  type: 'test'
  ...
# [Managed] REPOSITORY_FETCH subscription=1
# [Managed] WORKTREE_ENSURE subscription=1
# [Managed] WORKTREE_UPDATE subscription=1
# [Managed] worktree=1 commit=7246fca133b4fdfbe90073789da4d070a477451b -> 7246fca133b4fdfbe90073789da4d070a477451b
# [Managed] DISCOVERY subscription=1
# [Managed] discovery add=1 drop=0
# [Managed] COPY_AND_CRON subscription=1
# [Managed] REPOSITORY_FETCH subscription=1
# [Managed] REPOSITORY_FETCH: GIT_COMMAND_FAILED
# Subtest: fetch, scanner, copy and Cron failures preserve Tasks; every failure can retry
    # Subtest: network failure never reaches discovery
    ok 1 - network failure never reaches discovery
      ---
      duration_ms: 135.900375
      type: 'test'
      ...
# [Managed] REPOSITORY_FETCH subscription=1
# [Managed] WORKTREE_ENSURE subscription=1
# [Managed] WORKTREE_UPDATE subscription=1
# [Managed] worktree=1 commit=7246fca133b4fdfbe90073789da4d070a477451b -> a0505592c439ca76f061727e188320a35ff3793e
# [Managed] DISCOVERY subscription=1
# [Managed] discovery add=1 drop=1
# [Managed] COPY_AND_CRON subscription=1
# [Managed] COPY_AND_CRON: MANAGED_SYNC_FAILED
    # Subtest: partial Cron registration failure restores original ID and scripts
    ok 2 - partial Cron registration failure restores original ID and scripts
      ---
      duration_ms: 2214.028417
      type: 'test'
      ...
# [Managed] REPOSITORY_FETCH subscription=1
# [Managed] WORKTREE_ENSURE subscription=1
# [Managed] WORKTREE_UPDATE subscription=1
# [Managed] worktree=1 commit=a0505592c439ca76f061727e188320a35ff3793e -> a0505592c439ca76f061727e188320a35ff3793e
# [Managed] DISCOVERY subscription=1
# [Managed] discovery add=1 drop=1
# [Managed] COPY_AND_CRON subscription=1
    # Subtest: retry at already updated commit applies old scanner add/drop
    ok 3 - retry at already updated commit applies old scanner add/drop
      ---
      duration_ms: 1923.385875
      type: 'test'
      ...
# [Managed] REPOSITORY_FETCH subscription=1
# [Managed] WORKTREE_ENSURE subscription=1
# [Managed] WORKTREE_UPDATE subscription=1
# [Managed] worktree=1 commit=a0505592c439ca76f061727e188320a35ff3793e -> a0505592c439ca76f061727e188320a35ff3793e
# [Managed] DISCOVERY subscription=1
# [Managed] DISCOVERY: MANAGED_SYNC_FAILED
# [Managed] REPOSITORY_FETCH subscription=1
# [Managed] WORKTREE_ENSURE subscription=1
# [Managed] WORKTREE_UPDATE subscription=1
# [Managed] worktree=1 commit=a0505592c439ca76f061727e188320a35ff3793e -> a0505592c439ca76f061727e188320a35ff3793e
# [Managed] DISCOVERY subscription=1
# [Managed] discovery add=0 drop=0
# [Managed] COPY_AND_CRON subscription=1
    # Subtest: copy failure leaves current scripts intact
    ok 4 - copy failure leaves current scripts intact
      ---
      duration_ms: 3973.385
      type: 'test'
      ...
    1..4
ok 17 - fetch, scanner, copy and Cron failures preserve Tasks; every failure can retry
  ---
  duration_ms: 12664.820959
  type: 'test'
  ...
# [Managed] REPOSITORY_FETCH subscription=1
# [Managed] WORKTREE_ENSURE subscription=1
# [Managed] WORKTREE_UPDATE subscription=1
# [Managed] worktree=1 commit=7d0a45ff8d69d82dcb63555179b3914626c35a18 -> 7d0a45ff8d69d82dcb63555179b3914626c35a18
# [Managed] DISCOVERY subscription=1
# [Managed] discovery add=1 drop=0
# [Managed] COPY_AND_CRON subscription=1
# Subtest: Managed leases block overlapping sync, update and binding changes
ok 18 - Managed leases block overlapping sync, update and binding changes
  ---
  duration_ms: 5790.6075
  type: 'test'
  ...
# [Managed] REPOSITORY_FETCH subscription=1
# [Managed] WORKTREE_ENSURE subscription=1
# [Managed] WORKTREE_UPDATE subscription=1
# [Managed] worktree=1 commit=f63ed8cb81ec1807897a54e70f739667c887a526 -> f63ed8cb81ec1807897a54e70f739667c887a526
# [Managed] DISCOVERY subscription=1
# [Managed] discovery add=1 drop=0
# [Managed] COPY_AND_CRON subscription=1
# [Managed] REPOSITORY_FETCH subscription=1
# [Managed] WORKTREE_ENSURE subscription=1
# [Managed] WORKTREE_UPDATE subscription=1
# [Managed] worktree=1 commit=f63ed8cb81ec1807897a54e70f739667c887a526 -> 5437400eebd78a8ba8296dda975990a54be015fe
# [Managed] DISCOVERY subscription=1
# [Managed] DISCOVERY: PATH_CONFLICT
# Subtest: symlink source is refused without reading or copying outside data root
ok 19 - symlink source is refused without reading or copying outside data root
  ---
  duration_ms: 6235.94025
  type: 'test'
  ...
# [Managed] REPOSITORY_FETCH subscription=1
# [Managed] WORKTREE_ENSURE subscription=1
# [Managed] WORKTREE_UPDATE subscription=1
# [Managed] worktree=1 commit=8ca8f05bd23f6c3cca51032b9fee4c12fafacda9 -> 8ca8f05bd23f6c3cca51032b9fee4c12fafacda9
# [Managed] DISCOVERY subscription=1
# [Managed] discovery add=1 drop=0
# [Managed] COPY_AND_CRON subscription=1
# [Managed] REPOSITORY_FETCH subscription=1
# [Managed] WORKTREE_ENSURE subscription=1
# [Managed] WORKTREE_UPDATE subscription=1
# [Managed] worktree=2 commit=8ca8f05bd23f6c3cca51032b9fee4c12fafacda9 -> 8ca8f05bd23f6c3cca51032b9fee4c12fafacda9
# [Managed] DISCOVERY subscription=1
# [Managed] discovery add=0 drop=0
# [Managed] COPY_AND_CRON subscription=1
# Subtest: branch selection creates a new binding and preserves the old Worktree
ok 20 - branch selection creates a new binding and preserves the old Worktree
  ---
  duration_ms: 7840.930125
  type: 'test'
  ...
# [Managed] REPOSITORY_FETCH subscription=1
# [Managed] WORKTREE_ENSURE subscription=1
# [Managed] WORKTREE_UPDATE subscription=1
# [Managed] worktree=1 commit=ba024820ea49ca15c3c1227f9cff499b19d86bfa -> ba024820ea49ca15c3c1227f9cff499b19d86bfa
# [Managed] DISCOVERY subscription=1
# [Managed] discovery add=1 drop=0
# [Managed] COPY_AND_CRON subscription=1
# [Managed] REPOSITORY_FETCH subscription=1
# [Managed] WORKTREE_ENSURE subscription=1
# [Managed] WORKTREE_ENSURE: REF_NOT_FOUND
# Subtest: branch deleted stops before scripts and Task diff
ok 21 - branch deleted stops before scripts and Task diff
  ---
  duration_ms: 5734.676375
  type: 'test'
  ...
# [Managed] REPOSITORY_FETCH subscription=1
# [Managed] WORKTREE_ENSURE subscription=1
# [Managed] WORKTREE_UPDATE subscription=1
# [Managed] worktree=1 commit=37bf10ab9a7eb5961e6ea73a4ef984772afb2e8a -> 37bf10ab9a7eb5961e6ea73a4ef984772afb2e8a
# [Managed] DISCOVERY subscription=1
# [Managed] discovery add=1 drop=0
# [Managed] COPY_AND_CRON subscription=1
# [Managed] REPOSITORY_FETCH subscription=1
# [Managed] WORKTREE_ENSURE subscription=1
# [Managed] WORKTREE_ENSURE: WORKTREE_DIVERGED
# Subtest: force push stops before scripts and Task diff
ok 22 - force push stops before scripts and Task diff
  ---
  duration_ms: 5825.704916
  type: 'test'
  ...
# [Managed] REPOSITORY_FETCH subscription=1
# [Managed] WORKTREE_ENSURE subscription=1
# [Managed] WORKTREE_UPDATE subscription=1
# [Managed] worktree=1 commit=def9b7e2bab964fe04a5dfbcad82b6381a09fe7a -> def9b7e2bab964fe04a5dfbcad82b6381a09fe7a
# [Managed] DISCOVERY subscription=1
# [Managed] discovery add=1 drop=0
# [Managed] COPY_AND_CRON subscription=1
# [Managed] REPOSITORY_FETCH subscription=1
# [Managed] REPOSITORY_FETCH: REPOSITORY_NOT_INITIALIZED
# Subtest: storage missing stops before scripts and Task diff
ok 23 - storage missing stops before scripts and Task diff
  ---
  duration_ms: 4495.525375
  type: 'test'
  ...
# [Managed] REPOSITORY_FETCH subscription=1
# [Managed] WORKTREE_ENSURE subscription=1
# [Managed] WORKTREE_UPDATE subscription=1
# [Managed] worktree=1 commit=6608cf2baa895d80f2eed2dac8befe708501a54c -> 6608cf2baa895d80f2eed2dac8befe708501a54c
# [Managed] DISCOVERY subscription=1
# [Managed] discovery add=1 drop=0
# [Managed] COPY_AND_CRON subscription=1
# [Managed] REPOSITORY_FETCH subscription=1
# [Managed] REPOSITORY_FETCH: MANAGED_SYNC_FAILED
# Subtest: disabled credential stops before scripts and Task diff
ok 24 - disabled credential stops before scripts and Task diff
  ---
  duration_ms: 4481.713334
  type: 'test'
  ...
1..24
# tests 28
# suites 0
# pass 27
# fail 1
# cancelled 0
# skipped 0
# todo 0
# duration_ms 101094.372292
