TAP version 13
# /Users/jonhy/PersonalDatas/Codes/github/anysoft/qinglong/back/config/index.ts:120
#   throw new Error("⚠️  Couldn't find .env file  ⚠️");
#         ^
# Error: ⚠️  Couldn't find .env file  ⚠️
#     at Object.<anonymous> (/Users/jonhy/PersonalDatas/Codes/github/anysoft/qinglong/back/config/index.ts:120:9)
#     at Module._compile (node:internal/modules/cjs/loader:1781:14)
#     at Module.m._compile (/Users/jonhy/PersonalDatas/Codes/github/anysoft/qinglong/node_modules/.pnpm/ts-node@10.9.2_@types+node@17.0.45_typescript@5.2.2/node_modules/ts-node/src/index.ts:1618:23)
#     at node:internal/modules/cjs/loader:1913:10
#     at Object.require.extensions.<computed> [as .ts] (/Users/jonhy/PersonalDatas/Codes/github/anysoft/qinglong/node_modules/.pnpm/ts-node@10.9.2_@types+node@17.0.45_typescript@5.2.2/node_modules/ts-node/src/index.ts:1621:12)
#     at Module.load (node:internal/modules/cjs/loader:1505:32)
#     at Function._load (node:internal/modules/cjs/loader:1309:12)
#     at wrapModuleLoad (node:internal/modules/cjs/loader:254:19)
#     at Module.require (node:internal/modules/cjs/loader:1527:12)
#     at require (node:internal/modules/helpers:147:16)
# Subtest: test/back/log-path-security.test.cjs
not ok 1 - test/back/log-path-security.test.cjs
  ---
  duration_ms: 437.434083
  type: 'test'
  location: '/Users/jonhy/PersonalDatas/Codes/github/anysoft/qinglong/test/back/log-path-security.test.cjs:1:1'
  failureType: 'testCodeFailure'
  exitCode: 1
  signal: ~
  error: 'test failed'
  code: 'ERR_TEST_FAILURE'
  ...
# Subtest: readiness stays false through failed restoration and retries without idle polling
ok 2 - readiness stays false through failed restoration and retries without idle polling
  ---
  duration_ms: 83.535291
  type: 'test'
  ...
# Subtest: single-flight recovery cannot mark an invalidated generation ready
ok 3 - single-flight recovery cannot mark an invalidated generation ready
  ---
  duration_ms: 32.380833
  type: 'test'
  ...
# Subtest: mutation waiting is bounded, a later recovery can succeed
ok 4 - mutation waiting is bounded, a later recovery can succeed
  ---
  duration_ms: 17.681375
  type: 'test'
  ...
# Subtest: probe failure immediately invalidates a previously ready scheduler
ok 5 - probe failure immediately invalidates a previously ready scheduler
  ---
  duration_ms: 41.744875
  type: 'test'
  ...
# Subtest: health checks actual gRPC transport without requiring Task projection restoration
ok 6 - health checks actual gRPC transport without requiring Task projection restoration
  ---
  duration_ms: 199.242542
  type: 'test'
  ...
# Subtest: control-plane health probe uses a bounded authenticated gRPC channel
ok 7 - control-plane health probe uses a bounded authenticated gRPC channel
  ---
  duration_ms: 179.637583
  type: 'test'
  ...
# Subtest: scheduler health probe never calls back into HTTP health
ok 8 - scheduler health probe never calls back into HTTP health
  ---
  duration_ms: 25.218333
  type: 'test'
  ...
# Subtest: manual, scheduler and protected system-cron launcher share canonical Config/Hooks results
ok 9 - manual, scheduler and protected system-cron launcher share canonical Config/Hooks results
  ---
  duration_ms: 6155.939375
  type: 'test'
  ...
# Subtest: durable cancellation cannot overwrite a completed run or affect a newer run
ok 10 - durable cancellation cannot overwrite a completed run or affect a newer run
  ---
  duration_ms: 2410.7065
  type: 'test'
  ...
# Subtest: subscription deletion protects discovered Tasks; explicit cascade is atomic and leaves manual Tasks intact
ok 11 - subscription deletion protects discovered Tasks; explicit cascade is atomic and leaves manual Tasks intact
  ---
  duration_ms: 1528.2615
  type: 'test'
  ...
1..11
# tests 11
# suites 0
# pass 10
# fail 1
# cancelled 0
# skipped 0
# todo 0
# duration_ms 9136.978875
