TAP version 13
# Subtest: disabled Cron never schedules, survives scheduler restart and reenables without replay
not ok 1 - disabled Cron never schedules, survives scheduler restart and reenables without replay
  ---
  duration_ms: 1767.56125
  type: 'test'
  location: '/Users/jonhy/PersonalDatas/Codes/github/anysoft/qinglong/tests/phase15/disabled-cron.test.cjs:4:1'
  failureType: 'testCodeFailure'
  error: |-
    Expected values to be strictly equal:
    
    1 !== 0
    
  code: 'ERR_ASSERTION'
  name: 'AssertionError'
  expected: 0
  actual: 1
  operator: 'strictEqual'
  stack: |-
    TestContext.<anonymous> (/Users/jonhy/PersonalDatas/Codes/github/anysoft/qinglong/tests/phase15/disabled-cron.test.cjs:17:10)
    async Test.run (node:internal/test_runner/test:1054:7)
    async startSubtestAfterBootstrap (node:internal/test_runner/harness:296:3)
  ...
# Subtest: disabled due rows cannot starve enabled Cron behind the scheduler batch limit
not ok 2 - disabled due rows cannot starve enabled Cron behind the scheduler batch limit
  ---
  duration_ms: 32798.649625
  type: 'test'
  location: '/Users/jonhy/PersonalDatas/Codes/github/anysoft/qinglong/tests/phase15/disabled-cron.test.cjs:28:1'
  failureType: 'testCodeFailure'
  error: |-
    Expected values to be strictly equal:
    
    500 !== 1
    
  code: 'ERR_ASSERTION'
  name: 'AssertionError'
  expected: 1
  actual: 500
  operator: 'strictEqual'
  stack: |-
    TestContext.<anonymous> (/Users/jonhy/PersonalDatas/Codes/github/anysoft/qinglong/tests/phase15/disabled-cron.test.cjs:38:62)
    async Test.run (node:internal/test_runner/test:1054:7)
    async Test.processPendingSubtests (node:internal/test_runner/test:744:7)
  ...
1..2
# tests 2
# suites 0
# pass 0
# fail 2
# cancelled 0
# skipped 0
# todo 0
# duration_ms 34875.960709
