TAP version 13
# Subtest: formal Task lifecycle: main failure
ok 1 - formal Task lifecycle: main failure
  ---
  duration_ms: 2800.617584
  type: 'test'
  ...
# Subtest: formal Task lifecycle: after success failure does not enter failure branch
ok 2 - formal Task lifecycle: after success failure does not enter failure branch
  ---
  duration_ms: 2400.504542
  type: 'test'
  ...
# Subtest: formal Task lifecycle: finally failure changes success
ok 3 - formal Task lifecycle: finally failure changes success
  ---
  duration_ms: 2156.847167
  type: 'test'
  ...
# Subtest: formal Task lifecycle: finally failure preserves main error
ok 4 - formal Task lifecycle: finally failure preserves main error
  ---
  duration_ms: 2196.100583
  type: 'test'
  ...
# Subtest: formal Task lifecycle: continue before failure permits main
ok 5 - formal Task lifecycle: continue before failure permits main
  ---
  duration_ms: 2201.035167
  type: 'test'
  ...
# Subtest: formal Task lifecycle: invalid hook output hides its buffered secret
ok 6 - formal Task lifecycle: invalid hook output hides its buffered secret
  ---
  duration_ms: 1922.984958
  type: 'test'
  ...
# Subtest: formal PREPARE conflict starts no user phase and preserves original Config target
ok 7 - formal PREPARE conflict starts no user phase and preserves original Config target
  ---
  duration_ms: 1275.177292
  type: 'test'
  ...
# Subtest: formal BEFORE timeout kills descendants and still executes failure/finally
ok 8 - formal BEFORE timeout kills descendants and still executes failure/finally
  ---
  duration_ms: 3211.755083
  type: 'test'
  ...
1..8
# tests 8
# suites 0
# pass 8
# fail 0
# cancelled 0
# skipped 0
# todo 0
# duration_ms 18440.747334
