info  - [你知道吗？] 如果想预览构建后产物, 可尝试 max preview，详见 https://umijs.org/docs/api/commands#preview
info  - Umi v4.4.4
info  - Preparing...
Browserslist: browsers data (caniuse-lite) is 22 months old. Please run:
  npx update-browserslist-db@latest
  Why you should do it regularly: https://github.com/browserslist/update-db#readme
ℹ Compiling Webpack
✔ Webpack: Compiled successfully in 19.73s
info  - Memory Usage: 1046.13 MB (RSS: 1351.92 MB)

info  - File sizes after gzip:

  1.08 MB              dist/monaco-editor/min/vs/language/typescript/tsWorker.js
  731.03 kB            dist/monaco-editor/min/vs/editor/editor.main.js
  216.91 kB (-88 B)    dist/umi.b6a9c191.js
  149.29 kB            dist/monaco-editor/min/vs/language/css/cssWorker.js
  137.17 kB            dist/2432.fa72f292.async.js
  104.57 kB            dist/monaco-editor/min/vs/language/html/htmlWorker.js
  87.96 kB             dist/monaco-editor/min/vs/base/worker/workerMain.js
  67.83 kB             dist/umi.a4d14b92.css
  53.59 kB             dist/8216.247cb334.async.js
  36.78 kB             dist/monaco-editor/min/vs/language/json/jsonWorker.js
  32.91 kB             dist/5282.0c784da2.async.js
  31.16 kB             dist/monaco-editor/min/vs/editor/editor.main.nls.ru.js
  29.3 kB              dist/1379.f91563a1.async.js
  27.82 kB             dist/1571.94ddca13.async.js
  26.37 kB             dist/7355.8f310b8b.async.js
  26.05 kB             dist/src__pages__setting__index.d5538585.async.js
  24.3 kB              dist/monaco-editor/min/vs/editor/editor.main.nls.ja.js
  23.69 kB             dist/9313.37acaf13.async.js
  23.2 kB              dist/5675.5c728d0b.async.js
  22.36 kB             dist/monaco-editor/min/vs/editor/editor.main.nls.ko.js
  21.72 kB (+4.25 kB)  dist/monaco-editor/min/vs/editor/editor.main.nls.de.js
  21.56 kB             dist/6013.0c04d650.async.js
  21.5 kB              dist/monaco-editor/min/vs/editor/editor.main.nls.zh-tw.js
  21.24 kB             dist/monaco-editor/min/vs/editor/editor.main.nls.zh-cn.js
  21.16 kB             dist/monaco-editor/min/vs/editor/editor.main.nls.fr.js
  20.46 kB             dist/monaco-editor/min/vs/editor/editor.main.nls.es.js
  19.86 kB             dist/monaco-editor/min/vs/editor/editor.main.nls.it.js
  18.37 kB             dist/6532.a47a577f.async.js
  17.48 kB             dist/1858.2dee70e1.async.js
  17.48 kB             dist/monaco-editor/min/vs/editor/editor.main.nls.js
  16.51 kB             dist/2821.651f31e5.async.js
  15.89 kB             dist/3600.7637c822.async.js
  15.13 kB             dist/255.8a80b983.async.js
  14.43 kB             dist/8078.8586c875.async.js
  14.01 kB             dist/src__pages__runtime-python.0d3e7191.async.js
  13.4 kB              dist/monaco-editor/min/vs/editor/editor.main.css
  12.73 kB             dist/src__pages__tasks__index.d1db06c4.async.js
  11.73 kB             dist/src__pages__workspace.e2c064ef.async.js
  11.49 kB             dist/src__pages__setting__other.fa2da95e.async.js
  11.34 kB             dist/monaco-editor/min/vs/language/json/jsonMode.js
  11.11 kB             dist/4622.d4d2f9f9.async.js
  10.39 kB             dist/src__pages__repository-workspace.7fd87071.async.js
  10.37 kB             dist/src__pages__setting__systemLog.506509b2.async.js
  9.92 kB              dist/7508.3fffed15.chunk.css
  9.55 kB              dist/monaco-editor/min/vs/loader.js
  9.52 kB              dist/4111.4d348ff8.async.js
  9.38 kB              dist/src__pages__setting__backup.c7767115.async.js
  9.33 kB              dist/src__pages__setting__loginLog.efbbccee.async.js
  9.29 kB              dist/monaco-editor/min/vs/language/html/htmlMode.js
  9.14 kB              dist/monaco-editor/min/vs/language/css/cssMode.js
  8.91 kB              dist/2338.d678967d.async.js
  8.86 kB              dist/src__pages__setting__clientIp.6b529681.async.js
  8.84 kB              dist/7508.354a9295.async.js
  7.54 kB              dist/src__pages__login__index.cbc70da0.async.js
  7.38 kB              dist/8384.c76794d0.async.js
  7.09 kB              dist/src__pages__setting__about.44c298c2.async.js
  6.69 kB              dist/5970.d3a6e7bd.async.js
  6.65 kB              dist/monaco-editor/min/vs/language/typescript/tsMode.js
  6.61 kB              dist/1017.e3780d15.async.js
  6.55 kB              dist/6573.b51f2475.async.js
  6.45 kB              dist/9278.0926a9b0.async.js
  6.36 kB              dist/src__pages__subscription__discovery.0be46d2a.async.js
  6.34 kB              dist/src__pages__subscription__index.e6c5c4a8.async.js
  6.05 kB              dist/119.9c35ab81.async.js
  5.93 kB              dist/4901.c72ac0b1.async.js
  5.86 kB              dist/3743.7ef5c0d1.async.js
  5.84 kB              dist/monaco-editor/min/vs/basic-languages/abap/abap.js
  5.6 kB               dist/6212.a6a308e4.async.js
  5.57 kB              dist/src__pages__tasks__triggers.8a6331c1.async.js
  5.56 kB              dist/6646.dd51b153.async.js
  5.48 kB              dist/src__pages__initialization__index.0a0eeaf7.async.js
  5.44 kB              dist/layouts__index.adf0692f.chunk.css
  5.39 kB              dist/monaco-editor/min/vs/basic-languages/powerquery/powerquery.js
  5.33 kB              dist/src__pages__subscription__logModal.f219c7a5.async.js
  5.04 kB              dist/monaco-editor/min/vs/basic-languages/solidity/solidity.js
  5.01 kB              dist/monaco-editor/min/vs/basic-languages/pgsql/pgsql.js
  4.87 kB              dist/3191.2976dfc9.async.js
  4.87 kB              dist/layouts__index.46dc307d.async.js
  4.86 kB              dist/monaco-editor/min/vs/basic-languages/redshift/redshift.js
  4.74 kB              dist/3383.090f92dc.async.js
  4.74 kB              dist/src__pages__setting__security.a808fa7f.async.js
  4.7 kB               dist/1883.675b6a18.chunk.css
  4.69 kB              dist/monaco-editor/min/vs/basic-languages/freemarker2/freemarker2.js
  4.67 kB              dist/4736.3814ba8a.async.js
  4.61 kB              dist/monaco-editor/min/vs/basic-languages/mysql/mysql.js
  4.6 kB               dist/7268.092a65a8.async.js
  4.6 kB               dist/9251.ff05f416.async.js
  4.41 kB              dist/monaco-editor/min/vs/basic-languages/sql/sql.js
  4.38 kB              dist/src__pages__error__index.02171c79.async.js
  4.37 kB              dist/9730.801665a3.async.js
  4.33 kB              dist/1765.5ac01a93.async.js
  4.3 kB               dist/3045.c3ba7cd6.async.js
  4.15 kB              dist/7656.9bd6bd47.async.js
  4.14 kB              dist/monaco-editor/min/vs/basic-languages/clojure/clojure.js
  3.99 kB              dist/src__pages__env__index.6707daf1.async.js
  3.97 kB              dist/src__pages__scoped-env.d8ac3b3b.async.js
  3.93 kB              dist/6411.0bdecedb.async.js
  3.86 kB              dist/3481.333c2962.async.js
  3.83 kB              dist/7285.c1a3c5e9.async.js
  3.81 kB              dist/src__pages__repository__index.a2daa249.async.js
  3.72 kB              dist/1410.3d54c71d.async.js
  3.71 kB              dist/src__pages__notifications__index.055feda0.async.js
  3.68 kB              dist/7839.8e401ec9.async.js
  3.65 kB              dist/monaco-editor/min/vs/basic-languages/perl/perl.js
  3.58 kB              dist/6016.6bcb2be9.async.js
  3.55 kB              dist/2901.b8d04361.async.js
  3.31 kB              dist/3390.fb4b6851.async.js
  3.28 kB              dist/monaco-editor/min/vs/basic-languages/systemverilog/systemverilog.js
  3.14 kB              dist/8330.4b65092f.async.js
  3.14 kB              dist/monaco-editor/min/vs/basic-languages/julia/julia.js
  3.08 kB              dist/monaco-editor/min/vs/basic-languages/ruby/ruby.js
  3 kB                 dist/monaco-editor/min/vs/basic-languages/elixir/elixir.js
  2.95 kB              dist/monaco-editor/min/vs/basic-languages/postiats/postiats.js
  2.83 kB              dist/monaco-editor/min/vs/basic-languages/razor/razor.js
  2.79 kB              dist/monaco-editor/min/vs/basic-languages/javascript/javascript.js
  2.74 kB              dist/monaco-editor/min/vs/basic-languages/ecl/ecl.js
  2.74 kB              dist/monaco-editor/min/vs/basic-languages/st/st.js
  2.68 kB              dist/monaco-editor/min/vs/basic-languages/typescript/typescript.js
  2.64 kB              dist/monaco-editor/min/vs/basic-languages/cpp/cpp.js
  2.6 kB               dist/monaco-editor/min/vs/basic-languages/scala/scala.js
  2.59 kB              dist/monaco-editor/min/vs/basic-languages/protobuf/protobuf.js
  2.58 kB              dist/monaco-editor/min/vs/basic-languages/swift/swift.js
  2.57 kB              dist/monaco-editor/min/vs/basic-languages/php/php.js
  2.57 kB              dist/monaco-editor/min/vs/basic-languages/vb/vb.js
  2.57 kB              dist/src__pages__log__index.f2c3dcaa.async.js
  2.51 kB              dist/src__pages__config__index.68caf54e.async.js
  2.49 kB              dist/monaco-editor/min/vs/basic-languages/msdax/msdax.js
  2.46 kB              dist/src__pages__setting__appModal.7eaeb9d3.async.js
  2.34 kB              dist/monaco-editor/min/vs/basic-languages/rust/rust.js
  2.27 kB              dist/monaco-editor/min/vs/basic-languages/apex/apex.js
  2.25 kB              dist/monaco-editor/min/vs/basic-languages/scss/scss.js
  2.23 kB              dist/monaco-editor/min/vs/basic-languages/csharp/csharp.js
  2.18 kB              dist/monaco-editor/min/vs/basic-languages/liquid/liquid.js
  2.15 kB              dist/monaco-editor/min/vs/basic-languages/pug/pug.js
  2.15 kB              dist/monaco-editor/min/vs/basic-languages/dart/dart.js
  2.13 kB              dist/monaco-editor/min/vs/basic-languages/handlebars/handlebars.js
  2.09 kB              dist/monaco-editor/min/vs/basic-languages/python/python.js
  2.03 kB              dist/src__pages__setting__security.7c80dd0f.chunk.css
  2.03 kB              dist/monaco-editor/min/vs/basic-languages/twig/twig.js
  2.01 kB              dist/monaco-editor/min/vs/basic-languages/redis/redis.js
  1.99 kB              dist/monaco-editor/min/vs/basic-languages/hcl/hcl.js
  1.98 kB              dist/monaco-editor/min/vs/basic-languages/kotlin/kotlin.js
  1.92 kB              dist/monaco-editor/min/vs/basic-languages/less/less.js
  1.91 kB              dist/monaco-editor/min/vs/basic-languages/java/java.js
  1.9 kB               dist/monaco-editor/min/vs/basic-languages/pascal/pascal.js
  1.9 kB               dist/monaco-editor/min/vs/basic-languages/markdown/markdown.js
  1.9 kB               dist/monaco-editor/min/vs/basic-languages/html/html.js
  1.89 kB              dist/monaco-editor/min/vs/basic-languages/css/css.js
  1.89 kB              dist/monaco-editor/min/vs/basic-languages/restructuredtext/restructuredtext.js
  1.89 kB              dist/monaco-editor/min/vs/basic-languages/powershell/powershell.js
  1.88 kB              dist/monaco-editor/min/vs/basic-languages/tcl/tcl.js
  1.87 kB              dist/monaco-editor/min/vs/basic-languages/qsharp/qsharp.js
  1.84 kB              dist/monaco-editor/min/vs/basic-languages/m3/m3.js
  1.83 kB              dist/monaco-editor/min/vs/basic-languages/fsharp/fsharp.js
  1.81 kB              dist/monaco-editor/min/vs/basic-languages/coffee/coffee.js
  1.8 kB               dist/src__pages__404.417b4bac.async.js
  1.78 kB              dist/monaco-editor/min/vs/basic-languages/r/r.js
  1.74 kB              dist/monaco-editor/min/vs/basic-languages/yaml/yaml.js
  1.71 kB              dist/monaco-editor/min/vs/basic-languages/sophia/sophia.js
  1.71 kB              dist/monaco-editor/min/vs/basic-languages/shell/shell.js
  1.66 kB              dist/monaco-editor/min/vs/basic-languages/go/go.js
  1.66 kB              dist/monaco-editor/min/vs/basic-languages/sparql/sparql.js
  1.58 kB              dist/monaco-editor/min/vs/basic-languages/mips/mips.js
  1.56 kB              dist/monaco-editor/min/vs/basic-languages/objective-c/objective-c.js
  1.54 kB              dist/monaco-editor/min/vs/basic-languages/graphql/graphql.js
  1.49 kB              dist/monaco-editor/min/vs/basic-languages/xml/xml.js
  1.48 kB              dist/monaco-editor/min/vs/basic-languages/bicep/bicep.js
  1.47 kB              dist/monaco-editor/min/vs/basic-languages/cameligo/cameligo.js
  1.43 kB              dist/src__pages__dashboard__index.d272e917.async.js
  1.43 kB              dist/monaco-editor/min/vs/basic-languages/lua/lua.js
  1.42 kB              dist/monaco-editor/min/vs/basic-languages/lexon/lexon.js
  1.42 kB              dist/monaco-editor/min/vs/basic-languages/pascaligo/pascaligo.js
  1.41 kB              dist/src__pages__runs__index.5cbb1b01.async.js
  1.36 kB              dist/monaco-editor/min/vs/basic-languages/bat/bat.js
  1.35 kB              dist/monaco-editor/min/vs/basic-languages/flow9/flow9.js
  1.33 kB              dist/monaco-editor/min/vs/basic-languages/sb/sb.js
  1.32 kB              dist/monaco-editor/min/vs/basic-languages/scheme/scheme.js
  1.27 kB              dist/src__pages__setting__progress.80476bf4.async.js
  1.24 kB              dist/src__pages__setting__index.7cf46d4a.chunk.css
  1.18 kB              dist/monaco-editor/min/vs/basic-languages/dockerfile/dockerfile.js
  1.15 kB              dist/monaco-editor/min/vs/basic-languages/pla/pla.js
  1.04 kB              dist/monaco-editor/min/vs/basic-languages/ini/ini.js
  1.02 kB              dist/monaco-editor/min/vs/basic-languages/csp/csp.js
  835 B                dist/src__pages__subscription__modal.c1748930.async.js
  825 B                dist/monaco-editor/min/vs/basic-languages/azcli/azcli.js
  695 B                dist/src__pages__login__index.d00b91e8.chunk.css
  586 B                dist/src__pages__initialization__index.66819338.chunk.css
  433 B                dist/src__pages__error__index.b047bb77.chunk.css
  319 B                dist/src__pages__setting__about.e6db5090.chunk.css
  266 B                dist/src__pages__workspace.22b70fed.chunk.css
  261 B                dist/src__pages__setting__other.28ecea01.chunk.css
  241 B                dist/src__pages__log__index.9f2eae80.chunk.css
  93 B                 dist/src__pages__subscription__index.4b5150de.chunk.css

The bundle size is significantly larger than recommended.
Consider reducing it with code splitting:  https://umijs.org/blog/code-splitting
You can also analyze the project dependencies:  https://umijs.org/docs/guides/env-variables#analyze

event - Build index.html
