TAP version 13
# Subtest: FD flock survives parent exit and only the last grandchild owner releases it
ok 1 - FD flock survives parent exit and only the last grandchild owner releases it
  ---
  duration_ms: 276.052291
  type: 'test'
  ...
# Subtest: fixed no-replace helper supports literal names, symlink and directory conflicts, and two-process race
ok 2 - fixed no-replace helper supports literal names, symlink and directory conflicts, and two-process race
  ---
  duration_ms: 375.53425
  type: 'test'
  ...
# {"platform":"darwin","syscall":"renamex_np(RENAME_EXCL)","linux_qualification":"NOT_EXECUTED"}
1..2
# tests 2
# suites 0
# pass 2
# fail 0
# cancelled 0
# skipped 0
# todo 0
# duration_ms 704.69325
