[PREPARING]
true
10.17.1
[INSTALLING_DEPENDENCIES]
Progress: resolved 1, reused 0, downloaded 0, added 0
Packages: +2
++
Progress: resolved 2, reused 0, downloaded 2, added 2, done

dependencies:
+ ql-phase8-foo 1.0.0 (2.0.0 is available)

Done in 267ms using pnpm v10.17.1
[VERIFYING_BUILD]
true
10.17.1
[
  {
    "name": "platform-environment",
    "version": "0.0.0",
    "path": "/private/var/folders/zw/3r78x0_95dl5_cj7tpslfdq40000gn/T/pci-0vumhR/tmp/platform-phase5-9bySHV/runtime/node/environments/env-4/builds/build-4",
    "private": true,
    "dependencies": {
      "ql-phase8-foo": {
        "from": "ql-phase8-foo",
        "version": "1.0.0",
        "resolved": "http://127.0.0.1:51676/artifacts/b16d4050ec0e856abe67f2c878ba856ca62f3b27375db5848193cec7281fef19.tgz",
        "path": "/private/var/folders/zw/3r78x0_95dl5_cj7tpslfdq40000gn/T/pci-0vumhR/tmp/platform-phase5-9bySHV/runtime/node/environments/env-4/builds/build-4/node_modules/.pnpm/ql-phase8-foo@1.0.0/node_modules/ql-phase8-foo",
        "dependencies": {
          "ql-phase8-leaf": {
            "from": "ql-phase8-leaf",
            "version": "1.0.0",
            "resolved": "http://127.0.0.1:51676/artifacts/a2e320aa9c74dba4cd087f97b240bd263abe14bd723d58bdc839a07d166e89a7.tgz",
            "path": "/private/var/folders/zw/3r78x0_95dl5_cj7tpslfdq40000gn/T/pci-0vumhR/tmp/platform-phase5-9bySHV/runtime/node/environments/env-4/builds/build-4/node_modules/.pnpm/ql-phase8-leaf@1.0.0/node_modules/ql-phase8-leaf"
          }
        }
      }
    }
  }
]
