src/app.ts(2,10): error TS2305: Module '"@umijs/max"' has no exported member 'setLocale'.
src/components/tag.tsx(29,30): error TS7006: Parameter 'e' implicitly has an 'any' type.
src/layouts/index.tsx(11,10): error TS2305: Module '"@umijs/max"' has no exported member 'history'.
src/layouts/index.tsx(11,19): error TS2305: Module '"@umijs/max"' has no exported member 'Link'.
src/layouts/index.tsx(11,25): error TS2305: Module '"@umijs/max"' has no exported member 'Outlet'.
src/layouts/index.tsx(11,33): error TS2305: Module '"@umijs/max"' has no exported member 'useLocation'.
src/pages/dependence/index.tsx(35,10): error TS2305: Module '"@umijs/max"' has no exported member 'useOutletContext'.
src/pages/diff/index.tsx(10,10): error TS2305: Module '"@umijs/max"' has no exported member 'useOutletContext'.
src/pages/diff/index.tsx(76,44): error TS7006: Parameter 'op' implicitly has an 'any' type.
src/pages/error/index.tsx(6,10): error TS2305: Module '"@umijs/max"' has no exported member 'history'.
src/pages/error/index.tsx(6,19): error TS2305: Module '"@umijs/max"' has no exported member 'useOutletContext'.
src/pages/initialization/index.tsx(13,10): error TS2305: Module '"@umijs/max"' has no exported member 'history'.
src/pages/log/index.tsx(10,10): error TS2305: Module '"@umijs/max"' has no exported member 'useOutletContext'.
src/pages/log/index.tsx(108,6): error TS7006: Parameter 'e' implicitly has an 'any' type.
src/pages/login/index.tsx(13,10): error TS2305: Module '"@umijs/max"' has no exported member 'history'.
src/pages/login/index.tsx(13,19): error TS2305: Module '"@umijs/max"' has no exported member 'useOutletContext'.
src/pages/setting/index.tsx(33,10): error TS2305: Module '"@umijs/max"' has no exported member 'useOutletContext'.
src/pages/setting/security.tsx(6,10): error TS2305: Module '"@umijs/max"' has no exported member 'history'.
src/pages/setting/security.tsx(98,21): error TS7006: Parameter 'e' implicitly has an 'any' type.
src/pages/subscription/index.tsx(34,10): error TS2305: Module '"@umijs/max"' has no exported member 'history'.
src/pages/subscription/index.tsx(34,19): error TS2305: Module '"@umijs/max"' has no exported member 'useOutletContext'.
src/utils/http.tsx(4,10): error TS2305: Module '"@umijs/max"' has no exported member 'history'.
