TAP version 13
# Subtest: OFFLINE managed CPython: real venv/pip, immutable builds, leases, rollback, failure, cancel, crash, isolation and safe deletion
ok 1 - OFFLINE managed CPython: real venv/pip, immutable builds, leases, rollback, failure, cancel, crash, isolation and safe deletion
  ---
  duration_ms: 50919.864334
  type: 'test'
  ...
# Subtest: Node leases: parallel environments, shared provider independence, cancel/timeout/crash with complete process-group recovery
ok 2 - Node leases: parallel environments, shared provider independence, cancel/timeout/crash with complete process-group recovery
  ---
  duration_ms: 53783.020458
  type: 'test'
  ...
# Subtest: real managed Node + pnpm/npm, local registry, immutable snapshots, frozen rebuild, refs, leases and scripts
ok 3 - real managed Node + pnpm/npm, local registry, immutable snapshots, frozen rebuild, refs, leases and scripts
  ---
  duration_ms: 135641.738291
  type: 'test'
  ...
1..3
# tests 3
# suites 0
# pass 3
# fail 0
# cancelled 0
# skipped 0
# todo 0
# duration_ms 241717.661416
