[PREPARING]
c293de3650a2d08ea36c5f6f0d55c5a3841b0c72
pyenv 2.8.5
[BUILDING]
==> Downloading Homebrew API data
✔︎ JSON API packages.arm64_tahoe.jws.json
python-build: use openssl@3 from homebrew
python-build: use readline from homebrew
/private/var/folders/zw/3r78x0_95dl5_cj7tpslfdq40000gn/T/platform-phase5-trrS0Y/tmp/runtime/python/operation-2/build /private/var/folders/zw/3r78x0_95dl5_cj7tpslfdq40000gn/T/platform-phase5-trrS0Y/tmp/runtime/python/operation-2
Downloading Python-3.13.15.tar.xz...
-> https://www.python.org/ftp/python/3.13.15/Python-3.13.15.tar.xz
Terminated: 15
error: failed to download Python-3.13.15.tar.xz

BUILD FAILED (OS X 26.6.2 using python-build 2.8.5)

Inspect or clean up the working tree at /private/var/folders/zw/3r78x0_95dl5_cj7tpslfdq40000gn/T/platform-phase5-trrS0Y/tmp/runtime/python/operation-2/build
Results logged to /private/var/folders/zw/3r78x0_95dl5_cj7tpslfdq40000gn/T/platform-phase5-trrS0Y/tmp/runtime/python/operation-2/tmp/python-build.20260916150916.62569.log

Last 10 log lines:
/private/var/folders/zw/3r78x0_95dl5_cj7tpslfdq40000gn/T/platform-phase5-trrS0Y/tmp/runtime/python/operation-2/build /private/var/folders/zw/3r78x0_95dl5_cj7tpslfdq40000gn/T/platform-phase5-trrS0Y/tmp/runtime/python/operation-2
Terminated: 15
[RUNTIME_COMMAND_FAILED]
