TAP version 13
# Subtest: managed clean checkout builds real backend before provision and preserves failure summary
not ok 1 - managed clean checkout builds real backend before provision and preserves failure summary
  ---
  duration_ms: 145.606667
  type: 'test'
  location: '/Users/jonhy/PersonalDatas/Codes/github/anysoft/qinglong/tests/ci/foundation.test.cjs:204:1'
  failureType: 'testCodeFailure'
  error: |-
    The input did not match the regular expression /STAGE_FAILED: provision-python/. Input:
    
    'taskRunSubmit missing before provision\n'
    
  code: 'ERR_ASSERTION'
  name: 'AssertionError'
  expected:
  actual: |-
    taskRunSubmit missing before provision
    
  operator: 'match'
  stack: |-
    TestContext.<anonymous> (/Users/jonhy/PersonalDatas/Codes/github/anysoft/qinglong/tests/ci/foundation.test.cjs:235:10)
    Test.runInAsyncScope (node:async_hooks:214:14)
    Test.run (node:internal/test_runner/test:1047:25)
    Test.start (node:internal/test_runner/test:944:17)
    startSubtestAfterBootstrap (node:internal/test_runner/harness:296:17)
  ...
1..1
# tests 1
# suites 0
# pass 0
# fail 1
# cancelled 0
# skipped 0
# todo 0
# duration_ms 205.721291
