info  - [你知道吗？] 默认使用 esbuild 作为 JavaScript 压缩工具，也可通过 jsMinifier 配置项切换到 terser 或 uglifyJs 等，详见 https://umijs.org/docs/api/config#jsminifier-webpack
info  - Umi v4.4.4
info  - Preparing...
Browserslist: browsers data (caniuse-lite) is 22 months old. Please run:
  npx update-browserslist-db@latest
  Why you should do it regularly: https://github.com/browserslist/update-db#readme
ℹ Compiling Webpack
✔ Webpack: Compiled successfully in 1.27m
info  - Memory Usage: 795.62 MB (RSS: 1346.44 MB)

info  - File sizes after gzip:

  1.24 MB              dist/7813.4563725b.async.js
  1.08 MB              dist/monaco-editor/min/vs/language/typescript/tsWorker.js
  731.03 kB            dist/monaco-editor/min/vs/editor/editor.main.js
  218.95 kB (+108 B)   dist/umi.c66856a9.js
  149.29 kB            dist/monaco-editor/min/vs/language/css/cssWorker.js
  136.18 kB            dist/3012.2c2b5d0e.async.js
  104.57 kB            dist/monaco-editor/min/vs/language/html/htmlWorker.js
  87.96 kB             dist/monaco-editor/min/vs/base/worker/workerMain.js
  67.83 kB             dist/umi.a4d14b92.css
  58.79 kB             dist/6431.d32a7f19.async.js
  36.78 kB             dist/monaco-editor/min/vs/language/json/jsonWorker.js
  35.71 kB             dist/src__pages__setting__index.4dc6a1fc.async.js
  33.57 kB             dist/1089.0ecc5383.async.js
  31.16 kB             dist/monaco-editor/min/vs/editor/editor.main.nls.ru.js
  29.75 kB             dist/9491.eea1ef95.async.js
  29.3 kB              dist/1379.f91563a1.async.js
  28.22 kB             dist/8147.2fb55202.async.js
  27.82 kB             dist/1571.94ddca13.async.js
  26.75 kB             dist/6702.8e2f64f6.async.js
  24.3 kB              dist/5675.04c12542.async.js
  24.3 kB              dist/monaco-editor/min/vs/editor/editor.main.nls.ja.js
  23.69 kB             dist/9313.37acaf13.async.js
  22.69 kB             dist/7984.eaac7402.async.js
  22.36 kB             dist/monaco-editor/min/vs/editor/editor.main.nls.ko.js
  21.72 kB (+4.25 kB)  dist/monaco-editor/min/vs/editor/editor.main.nls.de.js
  21.56 kB             dist/6013.0c04d650.async.js
  21.5 kB              dist/monaco-editor/min/vs/editor/editor.main.nls.zh-tw.js
  21.24 kB             dist/monaco-editor/min/vs/editor/editor.main.nls.zh-cn.js
  21.16 kB             dist/monaco-editor/min/vs/editor/editor.main.nls.fr.js
  20.94 kB             dist/6707.801b886b.async.js
  20.46 kB             dist/monaco-editor/min/vs/editor/editor.main.nls.es.js
  20 kB                dist/src__pages__script__index.7eff6a4b.async.js
  19.86 kB             dist/monaco-editor/min/vs/editor/editor.main.nls.it.js
  18.92 kB             dist/300.08ac9875.async.js
  17.67 kB             dist/9696.97926439.async.js
  17.48 kB             dist/monaco-editor/min/vs/editor/editor.main.nls.js
  16.51 kB             dist/2821.651f31e5.async.js
  16.03 kB             dist/7271.729bfaee.async.js
  15.89 kB             dist/3600.7637c822.async.js
  15.17 kB             dist/6610.c111af7e.async.js
  15.13 kB             dist/255.8a80b983.async.js
  14.43 kB             dist/8078.8586c875.async.js
  14.01 kB             dist/src__pages__runtime-python.e5ad5d4c.async.js
  13.81 kB             dist/1885.ba5f3c60.async.js
  13.4 kB              dist/monaco-editor/min/vs/editor/editor.main.css
  13.38 kB             dist/7813.1b962b29.chunk.css
  13.01 kB             dist/4887.8e3ae573.async.js
  12.72 kB             dist/src__pages__tasks__index.4ee4f1af.async.js
  12.6 kB              dist/4573.16f19278.async.js
  11.51 kB             dist/8187.48c130d6.async.js
  11.34 kB             dist/monaco-editor/min/vs/language/json/jsonMode.js
  11.17 kB             dist/src__pages__setting__other.96010e8e.async.js
  11.03 kB             dist/8033.5cb31493.async.js
  10.75 kB             dist/2678.778993ef.async.js
  10.71 kB             dist/2577.aa8fe709.async.js
  10.37 kB             dist/src__pages__repository-workspace.afb58b66.async.js
  10.22 kB             dist/1667.980928b5.async.js
  9.92 kB              dist/7508.3fffed15.chunk.css
  9.9 kB               dist/9761.360a19d8.async.js
  9.74 kB              dist/3714.8d6dba9e.async.js
  9.55 kB              dist/monaco-editor/min/vs/loader.js
  9.44 kB              dist/src__pages__setting__dependence.105e27d6.async.js
  9.36 kB              dist/2537.2b262ee0.async.js
  9.33 kB              dist/src__pages__setting__loginLog.5b3a1adb.async.js
  9.29 kB              dist/monaco-editor/min/vs/language/html/htmlMode.js
  9.24 kB              dist/src__pages__setting__systemLog.0d6d251b.async.js
  9.17 kB              dist/3382.a584a111.async.js
  9.14 kB              dist/monaco-editor/min/vs/language/css/cssMode.js
  8.91 kB              dist/2338.d678967d.async.js
  8.86 kB              dist/src__pages__setting__clientIp.086b03fb.async.js
  8.84 kB              dist/7508.1aaa8917.async.js
  8.66 kB              dist/4559.faab3673.async.js
  8.53 kB              dist/6367.8b0e838c.async.js
  8.5 kB               dist/3906.a5eee612.async.js
  7.64 kB              dist/src__pages__initialization__index.29f8910b.async.js
  7.46 kB              dist/src__pages__dependence__logModal.e96d9d3e.async.js
  7.4 kB               dist/6035.32ebfad9.async.js
  7.35 kB              dist/2635.d4c59d23.async.js
  7.1 kB               dist/src__pages__script__components__UnsupportedFilePreview__index.c347a13a.async.js
  7.09 kB              dist/src__pages__setting__about.44c298c2.async.js
  7.07 kB              dist/src__pages__setting__checkUpdate.f56fa019.async.js
  6.8 kB               dist/src__pages__subscription__index.260642f0.async.js
  6.69 kB              dist/5970.d3a6e7bd.async.js
  6.65 kB              dist/monaco-editor/min/vs/language/typescript/tsMode.js
  6.61 kB              dist/1017.e3780d15.async.js
  6.55 kB              dist/6573.83573a06.async.js
  6.5 kB               dist/4934.f3539d08.async.js
  6.36 kB              dist/src__pages__subscription__discovery.c9b969f4.async.js
  6.29 kB              dist/src__pages__dependence__index.4012f1be.async.js
  6 kB                 dist/7278.96bf439f.async.js
  5.93 kB              dist/4901.c72ac0b1.async.js
  5.88 kB              dist/src__pages__subscription__logModal.729d070b.async.js
  5.85 kB              dist/src__pages__setting__security.4548cdc7.async.js
  5.84 kB              dist/monaco-editor/min/vs/basic-languages/abap/abap.js
  5.77 kB              dist/6638.87a163d2.async.js
  5.73 kB              dist/6212.69e6c999.async.js
  5.61 kB              dist/src__pages__tasks__triggers.ed4b2458.async.js
  5.56 kB              dist/6646.dd51b153.async.js
  5.54 kB              dist/2476.4e9b0992.async.js
  5.44 kB              dist/layouts__index.adf0692f.chunk.css
  5.39 kB              dist/src__pages__log__index.53bf8a70.async.js
  5.39 kB              dist/monaco-editor/min/vs/basic-languages/powerquery/powerquery.js
  5.37 kB              dist/5662.678b0cfb.async.js
  5.32 kB              dist/src__pages__script__editModal.009f3bdd.async.js
  5.04 kB              dist/monaco-editor/min/vs/basic-languages/solidity/solidity.js
  5.01 kB              dist/4736.84b582f9.async.js
  5.01 kB              dist/monaco-editor/min/vs/basic-languages/pgsql/pgsql.js
  4.94 kB              dist/layouts__index.63c1c2a1.async.js
  4.9 kB               dist/1174.41a43fee.async.js
  4.86 kB              dist/monaco-editor/min/vs/basic-languages/redshift/redshift.js
  4.8 kB               dist/3191.c34ab616.async.js
  4.76 kB              dist/3383.041eee73.async.js
  4.7 kB               dist/1883.675b6a18.chunk.css
  4.69 kB              dist/monaco-editor/min/vs/basic-languages/freemarker2/freemarker2.js
  4.61 kB              dist/monaco-editor/min/vs/basic-languages/mysql/mysql.js
  4.59 kB              dist/9251.6ae38a24.async.js
  4.54 kB              dist/198.db47fc1a.async.js
  4.52 kB              dist/src__pages__setting__notification.4b58c38c.async.js
  4.49 kB              dist/9308.3202ac13.async.js
  4.41 kB              dist/monaco-editor/min/vs/basic-languages/sql/sql.js
  4.39 kB              dist/1887.9e0d3da8.async.js
  4.38 kB              dist/src__pages__error__index.02171c79.async.js
  4.37 kB              dist/7268.d06d6f92.async.js
  4.37 kB              dist/9730.801665a3.async.js
  4.33 kB              dist/1765.5ac01a93.async.js
  4.3 kB               dist/3045.c3ba7cd6.async.js
  4.3 kB               dist/1858.5f4f79d9.async.js
  4.15 kB              dist/7656.9bd6bd47.async.js
  4.14 kB              dist/monaco-editor/min/vs/basic-languages/clojure/clojure.js
  4.13 kB              dist/1706.ac98cb3f.async.js
  4.11 kB              dist/1212.f87fd07a.async.js
  4.06 kB              dist/3948.4fe809fd.async.js
  3.99 kB              dist/src__pages__env__index.98d5bf14.async.js
  3.97 kB              dist/src__pages__scoped-env.86396419.async.js
  3.93 kB              dist/6411.0bdecedb.async.js
  3.89 kB              dist/4324.5a5887d1.async.js
  3.86 kB              dist/1192.4e5740f2.async.js
  3.86 kB              dist/3481.333c2962.async.js
  3.83 kB              dist/7285.c1a3c5e9.async.js
  3.8 kB               dist/src__pages__repository__index.58feda14.async.js
  3.71 kB              dist/src__pages__notifications__index.a68b0b28.async.js
  3.68 kB              dist/7839.8e401ec9.async.js
  3.66 kB              dist/3711.9814cb8c.async.js
  3.65 kB              dist/monaco-editor/min/vs/basic-languages/perl/perl.js
  3.59 kB              dist/6016.202d3fc5.async.js
  3.55 kB              dist/2901.2ca95295.async.js
  3.31 kB              dist/3390.fb4b6851.async.js
  3.28 kB              dist/monaco-editor/min/vs/basic-languages/systemverilog/systemverilog.js
  3.18 kB              dist/6841.e92e9802.async.js
  3.14 kB              dist/8330.4b65092f.async.js
  3.14 kB              dist/monaco-editor/min/vs/basic-languages/julia/julia.js
  3.08 kB              dist/monaco-editor/min/vs/basic-languages/ruby/ruby.js
  3.08 kB              dist/8060.8b699029.async.js
  3.07 kB              dist/2096.6d98fd12.async.js
  3 kB                 dist/monaco-editor/min/vs/basic-languages/elixir/elixir.js
  2.95 kB              dist/monaco-editor/min/vs/basic-languages/postiats/postiats.js
  2.83 kB              dist/monaco-editor/min/vs/basic-languages/razor/razor.js
  2.8 kB               dist/7661.6684ddda.async.js
  2.79 kB              dist/monaco-editor/min/vs/basic-languages/javascript/javascript.js
  2.79 kB              dist/2986.4c49eef7.async.js
  2.74 kB              dist/monaco-editor/min/vs/basic-languages/ecl/ecl.js
  2.74 kB              dist/monaco-editor/min/vs/basic-languages/st/st.js
  2.7 kB               dist/7647.e9446154.async.js
  2.68 kB              dist/monaco-editor/min/vs/basic-languages/typescript/typescript.js
  2.64 kB              dist/monaco-editor/min/vs/basic-languages/cpp/cpp.js
  2.62 kB              dist/4481.4d51cf36.async.js
  2.6 kB               dist/monaco-editor/min/vs/basic-languages/scala/scala.js
  2.59 kB              dist/monaco-editor/min/vs/basic-languages/protobuf/protobuf.js
  2.58 kB              dist/monaco-editor/min/vs/basic-languages/swift/swift.js
  2.57 kB              dist/monaco-editor/min/vs/basic-languages/php/php.js
  2.57 kB              dist/monaco-editor/min/vs/basic-languages/vb/vb.js
  2.54 kB              dist/8526.bb556c43.async.js
  2.51 kB              dist/src__pages__config__index.65959d26.async.js
  2.49 kB              dist/monaco-editor/min/vs/basic-languages/msdax/msdax.js
  2.49 kB              dist/src__pages__login__index.1b65d8cf.async.js
  2.48 kB              dist/7993.ed86bf44.async.js
  2.46 kB              dist/src__pages__setting__appModal.7eaeb9d3.async.js
  2.44 kB              dist/8587.315b06c0.async.js
  2.34 kB              dist/monaco-editor/min/vs/basic-languages/rust/rust.js
  2.3 kB               dist/4818.c83facd7.async.js
  2.28 kB              dist/9033.f2e29d04.async.js
  2.28 kB              dist/2783.0787fd60.async.js
  2.28 kB              dist/4821.64537e48.async.js
  2.27 kB              dist/monaco-editor/min/vs/basic-languages/apex/apex.js
  2.25 kB              dist/monaco-editor/min/vs/basic-languages/scss/scss.js
  2.23 kB              dist/monaco-editor/min/vs/basic-languages/csharp/csharp.js
  2.18 kB              dist/monaco-editor/min/vs/basic-languages/liquid/liquid.js
  2.17 kB              dist/3840.801ded2b.async.js
  2.15 kB              dist/monaco-editor/min/vs/basic-languages/pug/pug.js
  2.15 kB              dist/monaco-editor/min/vs/basic-languages/dart/dart.js
  2.15 kB              dist/2336.0756f45f.async.js
  2.14 kB              dist/8080.056470f6.async.js
  2.13 kB              dist/monaco-editor/min/vs/basic-languages/handlebars/handlebars.js
  2.12 kB              dist/7272.1c73bcc5.async.js
  2.11 kB              dist/6437.91ff515b.async.js
  2.11 kB              dist/7036.fdeb74d0.async.js
  2.09 kB              dist/monaco-editor/min/vs/basic-languages/python/python.js
  2.09 kB              dist/src__pages__dashboard__failureModal.cb956ff5.async.js
  2.08 kB              dist/4462.02fd0a33.async.js
  2.04 kB              dist/5157.7c5af144.async.js
  2.03 kB              dist/src__pages__setting__security.7c80dd0f.chunk.css
  2.03 kB              dist/monaco-editor/min/vs/basic-languages/twig/twig.js
  2.01 kB              dist/monaco-editor/min/vs/basic-languages/redis/redis.js
  2 kB                 dist/8878.8367da80.async.js
  1.99 kB              dist/monaco-editor/min/vs/basic-languages/hcl/hcl.js
  1.98 kB              dist/monaco-editor/min/vs/basic-languages/kotlin/kotlin.js
  1.92 kB              dist/monaco-editor/min/vs/basic-languages/less/less.js
  1.91 kB              dist/monaco-editor/min/vs/basic-languages/java/java.js
  1.9 kB               dist/monaco-editor/min/vs/basic-languages/pascal/pascal.js
  1.9 kB               dist/monaco-editor/min/vs/basic-languages/markdown/markdown.js
  1.9 kB               dist/monaco-editor/min/vs/basic-languages/html/html.js
  1.89 kB              dist/monaco-editor/min/vs/basic-languages/css/css.js
  1.89 kB              dist/monaco-editor/min/vs/basic-languages/restructuredtext/restructuredtext.js
  1.89 kB              dist/monaco-editor/min/vs/basic-languages/powershell/powershell.js
  1.88 kB              dist/monaco-editor/min/vs/basic-languages/tcl/tcl.js
  1.87 kB              dist/9082.9f6c6520.async.js
  1.87 kB              dist/monaco-editor/min/vs/basic-languages/qsharp/qsharp.js
  1.84 kB              dist/src__pages__script__editNameModal.1a521cc0.async.js
  1.84 kB              dist/monaco-editor/min/vs/basic-languages/m3/m3.js
  1.83 kB              dist/monaco-editor/min/vs/basic-languages/fsharp/fsharp.js
  1.82 kB              dist/6665.1d099ad1.async.js
  1.81 kB              dist/monaco-editor/min/vs/basic-languages/coffee/coffee.js
  1.8 kB               dist/src__pages__404.417b4bac.async.js
  1.8 kB               dist/6598.01b8b308.async.js
  1.79 kB              dist/2843.e968a7af.async.js
  1.78 kB              dist/monaco-editor/min/vs/basic-languages/r/r.js
  1.76 kB              dist/8038.58b0571f.async.js
  1.74 kB              dist/monaco-editor/min/vs/basic-languages/yaml/yaml.js
  1.71 kB              dist/monaco-editor/min/vs/basic-languages/sophia/sophia.js
  1.71 kB              dist/monaco-editor/min/vs/basic-languages/shell/shell.js
  1.7 kB               dist/591.1c6b5df7.async.js
  1.69 kB              dist/5363.2fedc735.async.js
  1.66 kB              dist/3055.a99f8e4c.async.js
  1.66 kB              dist/monaco-editor/min/vs/basic-languages/go/go.js
  1.66 kB              dist/monaco-editor/min/vs/basic-languages/sparql/sparql.js
  1.64 kB              dist/8865.ed665d31.async.js
  1.61 kB              dist/8776.e8798a5a.async.js
  1.58 kB              dist/monaco-editor/min/vs/basic-languages/mips/mips.js
  1.58 kB              dist/445.a65ff63b.async.js
  1.57 kB              dist/7441.ee1bf2bb.async.js
  1.56 kB              dist/2636.70ece391.async.js
  1.56 kB              dist/monaco-editor/min/vs/basic-languages/objective-c/objective-c.js
  1.54 kB              dist/monaco-editor/min/vs/basic-languages/graphql/graphql.js
  1.53 kB              dist/831.9756b44d.async.js
  1.53 kB              dist/293.80d14a4f.async.js
  1.52 kB              dist/9974.c867bc89.async.js
  1.49 kB              dist/monaco-editor/min/vs/basic-languages/xml/xml.js
  1.48 kB              dist/monaco-editor/min/vs/basic-languages/bicep/bicep.js
  1.47 kB              dist/monaco-editor/min/vs/basic-languages/cameligo/cameligo.js
  1.46 kB              dist/8682.597beedb.async.js
  1.45 kB              dist/2003.8eafeca8.async.js
  1.45 kB              dist/2905.a8f810e1.async.js
  1.44 kB              dist/752.66fdc531.async.js
  1.43 kB              dist/monaco-editor/min/vs/basic-languages/lua/lua.js
  1.43 kB              dist/src__pages__dashboard__index.3e9b0b51.async.js
  1.42 kB              dist/monaco-editor/min/vs/basic-languages/lexon/lexon.js
  1.42 kB              dist/5876.93680102.async.js
  1.42 kB              dist/monaco-editor/min/vs/basic-languages/pascaligo/pascaligo.js
  1.42 kB              dist/5759.45438497.async.js
  1.42 kB              dist/5232.f4b06476.async.js
  1.41 kB              dist/src__pages__runs__index.5cbb1b01.async.js
  1.41 kB              dist/7540.6bb57f5f.async.js
  1.4 kB               dist/4756.64d6d0a4.async.js
  1.39 kB              dist/src__pages__diff__index.1714b941.async.js
  1.38 kB              dist/src__pages__dependence__modal.d485df1d.async.js
  1.38 kB              dist/2750.7aa38add.async.js
  1.37 kB              dist/2506.a6334794.async.js
  1.36 kB              dist/9187.4bacb25e.async.js
  1.36 kB              dist/monaco-editor/min/vs/basic-languages/bat/bat.js
  1.35 kB              dist/monaco-editor/min/vs/basic-languages/flow9/flow9.js
  1.34 kB              dist/1969.d61ba5fb.async.js
  1.33 kB              dist/3617.b7d4b2ed.async.js
  1.33 kB              dist/monaco-editor/min/vs/basic-languages/sb/sb.js
  1.32 kB              dist/monaco-editor/min/vs/basic-languages/scheme/scheme.js
  1.27 kB              dist/2231.29b754cf.async.js
  1.27 kB              dist/src__pages__setting__progress.80476bf4.async.js
  1.25 kB              dist/8394.452e865e.async.js
  1.24 kB              dist/9853.695fdd64.async.js
  1.24 kB              dist/src__pages__setting__index.7cf46d4a.chunk.css
  1.21 kB              dist/2958.1a7daa3c.async.js
  1.19 kB              dist/5878.32535c39.async.js
  1.18 kB              dist/monaco-editor/min/vs/basic-languages/dockerfile/dockerfile.js
  1.15 kB              dist/monaco-editor/min/vs/basic-languages/pla/pla.js
  1.12 kB              dist/3730.3654e8fa.async.js
  1.1 kB               dist/5580.48b4722f.async.js
  1.07 kB              dist/5325.54777fe5.async.js
  1.04 kB              dist/monaco-editor/min/vs/basic-languages/ini/ini.js
  1.02 kB              dist/monaco-editor/min/vs/basic-languages/csp/csp.js
  1 kB                 dist/8315.3c15bde0.async.js
  979 B                dist/5436.f2e37c36.async.js
  971 B                dist/6711.84451b08.async.js
  971 B                dist/8779.3e755010.async.js
  970 B                dist/src__pages__script__saveModal.8965b74c.async.js
  965 B                dist/8142.a074ddf1.async.js
  952 B                dist/4944.3be3e188.async.js
  927 B                dist/src__pages__script__renameModal.0ab029e7.async.js
  909 B                dist/8416.69691e31.async.js
  894 B                dist/4507.8541bc6d.async.js
  893 B                dist/9271.231db2ce.async.js
  868 B                dist/5.3ebdd181.async.js
  863 B                dist/685.2419bacf.async.js
  835 B                dist/src__pages__subscription__modal.c1748930.async.js
  825 B                dist/monaco-editor/min/vs/basic-languages/azcli/azcli.js
  719 B                dist/1134.b851963c.async.js
  695 B                dist/src__pages__login__index.d00b91e8.chunk.css
  687 B                dist/7714.1e826854.async.js
  597 B                dist/1214.c6469b53.async.js
  586 B                dist/src__pages__initialization__index.66819338.chunk.css
  579 B                dist/8025.7dc65c6a.async.js
  576 B                dist/src__pages__script__index.60b6f827.chunk.css
  566 B                dist/7846.7d689939.async.js
  521 B                dist/src__pages__script__setting.35ad4f02.async.js
  508 B                dist/901.7ee5c6d3.async.js
  434 B                dist/src__pages__script__components__UnsupportedFilePreview__index.d50aeff1.chunk.css
  433 B                dist/src__pages__error__index.b047bb77.chunk.css
  375 B                dist/src__pages__dependence__type.e48c5c88.async.js
  370 B                dist/9095.816eeb1a.async.js
  319 B                dist/src__pages__setting__about.e6db5090.chunk.css
  261 B                dist/src__pages__setting__dependence.28ecea01.chunk.css
  261 B                dist/src__pages__setting__other.28ecea01.chunk.css
  241 B                dist/src__pages__log__index.9f2eae80.chunk.css
  214 B                dist/src__pages__diff__index.16e53710.chunk.css
  93 B                 dist/src__pages__subscription__index.4b5150de.chunk.css
  20 B                 dist/src__pages__dependence__index.ef46db37.chunk.css

The bundle size is significantly larger than recommended.
Consider reducing it with code splitting:  https://umijs.org/blog/code-splitting
You can also analyze the project dependencies:  https://umijs.org/docs/guides/env-variables#analyze

event - Build index.html
