TAP version 13
# Subtest: OFFLINE managed CPython: real venv/pip, immutable builds, leases, rollback, failure, cancel, crash, isolation and safe deletion
ok 1 - OFFLINE managed CPython: real venv/pip, immutable builds, leases, rollback, failure, cancel, crash, isolation and safe deletion
  ---
  duration_ms: 101538.276084
  type: 'test'
  ...
# Subtest: Node leases: parallel environments, shared provider independence, cancel/timeout/crash with complete process-group recovery
not ok 2 - Node leases: parallel environments, shared provider independence, cancel/timeout/crash with complete process-group recovery
  ---
  duration_ms: 52058.737959
  type: 'test'
  location: '/Users/jonhy/PersonalDatas/Codes/github/anysoft/qinglong/tests/phase8/lifecycle.test.cjs:5:1'
  failureType: 'testCodeFailure'
  error: 'Condition timeout'
  code: 'ERR_TEST_FAILURE'
  stack: |-
    until (/Users/jonhy/PersonalDatas/Codes/github/anysoft/qinglong/tests/phase8/lifecycle.test.cjs:3:207)
    async ready (/Users/jonhy/PersonalDatas/Codes/github/anysoft/qinglong/tests/phase8/lifecycle.test.cjs:10:75)
    async TestContext.<anonymous> (/Users/jonhy/PersonalDatas/Codes/github/anysoft/qinglong/tests/phase8/lifecycle.test.cjs:20:36)
    async Test.run (node:internal/test_runner/test:1054:7)
    async startSubtestAfterBootstrap (node:internal/test_runner/harness:296:3)
  ...
# Subtest: real managed Node + pnpm/npm, local registry, immutable snapshots, frozen rebuild, refs, leases and scripts
ok 3 - real managed Node + pnpm/npm, local registry, immutable snapshots, frozen rebuild, refs, leases and scripts
  ---
  duration_ms: 62143.931833
  type: 'test'
  ...
1..3
# tests 3
# suites 0
# pass 2
# fail 1
# cancelled 0
# skipped 0
# todo 0
# duration_ms 218367.164792
