TAP version 13
# Subtest: two real processes cannot send one outbox concurrently; crash after external send recovers at-least-once
ok 1 - two real processes cannot send one outbox concurrently; crash after external send recovers at-least-once
  ---
  duration_ms: 3478.689959
  type: 'test'
  ...
# Subtest: 100,000 runs use SQL aggregates/keysets; 100MB log reads stay bounded; 10,000 outbox due query uses index
not ok 2 - 100,000 runs use SQL aggregates/keysets; 100MB log reads stay bounded; 10,000 outbox due query uses index
  ---
  duration_ms: 3102.633583
  type: 'test'
  location: '/Users/jonhy/PersonalDatas/Codes/github/anysoft/qinglong/tests/phase13/scale.test.cjs:2:1'
  failureType: 'testCodeFailure'
  error: "Cannot read properties of undefined (reading 'id')"
  code: 'ERR_TEST_FAILURE'
  name: 'TypeError'
  stack: |-
    TestContext.<anonymous> (/Users/jonhy/PersonalDatas/Codes/github/anysoft/qinglong/tests/phase13/scale.test.cjs:2:916)
    async Test.run (node:internal/test_runner/test:1054:7)
    async startSubtestAfterBootstrap (node:internal/test_runner/harness:296:3)
  ...
# Subtest: actual frozen v8 migrates to identical fresh v9; rollback/retry/history and legacy policy preserved
ok 3 - actual frozen v8 migrates to identical fresh v9; rollback/retry/history and legacy policy preserved
  ---
  duration_ms: 1216.303458
  type: 'test'
  ...
1..3
# tests 3
# suites 0
# pass 2
# fail 1
# cancelled 0
# skipped 0
# todo 0
# duration_ms 3713.79825
