src/app.ts(2,10): error TS2305: Module '"@umijs/max"' has no exported member 'setLocale'.
src/components/tag.tsx(29,30): error TS7006: Parameter 'e' implicitly has an 'any' type.
src/layouts/index.tsx(11,10): error TS2305: Module '"@umijs/max"' has no exported member 'history'.
src/layouts/index.tsx(11,19): error TS2305: Module '"@umijs/max"' has no exported member 'Link'.
src/layouts/index.tsx(11,25): error TS2305: Module '"@umijs/max"' has no exported member 'Outlet'.
src/layouts/index.tsx(11,33): error TS2305: Module '"@umijs/max"' has no exported member 'useLocation'.
src/pages/dependence/index.tsx(35,10): error TS2305: Module '"@umijs/max"' has no exported member 'useOutletContext'.
src/pages/diff/index.tsx(10,10): error TS2305: Module '"@umijs/max"' has no exported member 'useOutletContext'.
src/pages/diff/index.tsx(76,44): error TS7006: Parameter 'op' implicitly has an 'any' type.
src/pages/error/index.tsx(6,10): error TS2305: Module '"@umijs/max"' has no exported member 'history'.
src/pages/error/index.tsx(6,19): error TS2305: Module '"@umijs/max"' has no exported member 'useOutletContext'.
src/pages/initialization/index.tsx(14,10): error TS2305: Module '"@umijs/max"' has no exported member 'history'.
src/pages/log/index.tsx(10,10): error TS2305: Module '"@umijs/max"' has no exported member 'useOutletContext'.
src/pages/log/index.tsx(108,6): error TS7006: Parameter 'e' implicitly has an 'any' type.
src/pages/login/index.tsx(13,10): error TS2305: Module '"@umijs/max"' has no exported member 'history'.
src/pages/login/index.tsx(13,19): error TS2305: Module '"@umijs/max"' has no exported member 'useOutletContext'.
src/pages/script/editNameModal.tsx(72,23): error TS7006: Parameter 'e' implicitly has an 'any' type.
src/pages/script/editNameModal.tsx(76,20): error TS7006: Parameter 'data' implicitly has an 'any' type.
src/pages/script/editNameModal.tsx(80,20): error TS7006: Parameter 'x' implicitly has an 'any' type.
src/pages/script/editNameModal.tsx(81,17): error TS7006: Parameter 'x' implicitly has an 'any' type.
src/pages/script/index.tsx(19,10): error TS2305: Module '"@umijs/max"' has no exported member 'history'.
src/pages/script/index.tsx(19,19): error TS2305: Module '"@umijs/max"' has no exported member 'useOutletContext'.
src/pages/script/index.tsx(132,9): error TS2739: Type 'Record<string, any> & { children?: unknown[] | undefined; }' is missing the following properties from type '{ title: string | (string | null)[]; key: string | (string | null)[]; parent: string | (string | null)[] | null; }': title, key, parent
src/pages/script/index.tsx(202,6): error TS7006: Parameter 'e' implicitly has an 'any' type.
src/pages/script/index.tsx(382,16): error TS18048: 'item' is possibly 'undefined'.
src/pages/script/index.tsx(383,23): error TS18048: 'item' is possibly 'undefined'.
src/pages/setting/index.tsx(32,10): error TS2305: Module '"@umijs/max"' has no exported member 'useOutletContext'.
src/pages/setting/index.tsx(336,46): error TS2322: Type '{ data: any; }' is not assignable to type 'IntrinsicAttributes'.
  Property 'data' does not exist on type 'IntrinsicAttributes'.
src/pages/setting/notification.tsx(82,31): error TS7006: Parameter 'y' implicitly has an 'any' type.
src/pages/setting/security.tsx(6,10): error TS2305: Module '"@umijs/max"' has no exported member 'history'.
src/pages/setting/security.tsx(98,21): error TS7006: Parameter 'e' implicitly has an 'any' type.
src/pages/subscription/index.tsx(34,10): error TS2305: Module '"@umijs/max"' has no exported member 'history'.
src/pages/subscription/index.tsx(34,19): error TS2305: Module '"@umijs/max"' has no exported member 'useOutletContext'.
src/utils/http.tsx(4,10): error TS2305: Module '"@umijs/max"' has no exported member 'history'.
