#0 building with "phase16b-local" instance using docker-container driver

#1 [internal] load build definition from qinglong-phase16b-Dockerfile
#1 transferring dockerfile: 2.90kB 0.0s done
#1 DONE 0.0s

#2 resolve image config for docker-image://docker.io/docker/buildkit-syft-scanner@sha256:ae4f3b554449e7e25548e7d8ccc029d17357348e30c6e3df01b92bc93654d6a9
#2 DONE 90.1s

#3 [internal] load metadata for docker.io/library/node@sha256:83f487e0a63425e5b4d146fb5e5be574bcbe1b7b843d3ebafdd95eaf7767a7e5
#3 DONE 60.1s

#4 [internal] load .dockerignore
#4 transferring context: 429B 0.0s done
#4 DONE 0.0s

#5 [internal] load build context
#5 DONE 0.0s

#6 [toolchain 1/4] FROM docker.io/library/node@sha256:83f487e0a63425e5b4d146fb5e5be574bcbe1b7b843d3ebafdd95eaf7767a7e5
#6 resolve docker.io/library/node@sha256:83f487e0a63425e5b4d146fb5e5be574bcbe1b7b843d3ebafdd95eaf7767a7e5
#6 ...

#7 docker-image://docker.io/docker/buildkit-syft-scanner@sha256:ae4f3b554449e7e25548e7d8ccc029d17357348e30c6e3df01b92bc93654d6a9
#7 resolve docker.io/docker/buildkit-syft-scanner@sha256:ae4f3b554449e7e25548e7d8ccc029d17357348e30c6e3df01b92bc93654d6a9
#7 resolve docker.io/docker/buildkit-syft-scanner@sha256:ae4f3b554449e7e25548e7d8ccc029d17357348e30c6e3df01b92bc93654d6a9 60.0s done
#7 DONE 60.0s

#6 [toolchain 1/4] FROM docker.io/library/node@sha256:83f487e0a63425e5b4d146fb5e5be574bcbe1b7b843d3ebafdd95eaf7767a7e5
#6 resolve docker.io/library/node@sha256:83f487e0a63425e5b4d146fb5e5be574bcbe1b7b843d3ebafdd95eaf7767a7e5 150.2s done
#6 DONE 150.2s

#5 [internal] load build context
#5 transferring context: 25B 0.1s
#5 transferring context: 28.04kB 4.6s done
#5 DONE 4.6s

#8 [build 1/3] COPY . .
#8 DONE -0.5s

#9 [toolchain 3/4] RUN npm install --global pnpm@8.3.1
#9 CACHED

#10 [toolchain 4/4] WORKDIR /build
#10 CACHED

#11 [dependencies 1/3] COPY package.json pnpm-lock.yaml .npmrc ./
#11 CACHED

#12 [dependencies 2/3] RUN pnpm install --frozen-lockfile --ignore-scripts
#12 CACHED

#13 [toolchain 2/4] RUN apt-get update && apt-get install -y --no-install-recommends     build-essential python3 git ca-certificates     && rm -rf /var/lib/apt/lists/*
#13 CACHED

#14 [dependencies 3/3] RUN pnpm rebuild
#14 CACHED

#15 [build 2/3] RUN node scripts/build-back.cjs && node node_modules/@umijs/max/bin/max.js build     && node scripts/release/build-info.cjs
#15 9.542 info  - [你知道吗？] 想快速修改 html 模板、DIY 项目？试试编写项目级插件，详见 https://umijs.org/docs/guides/directory-structure#plugints
#15 9.543 info  - Umi v4.4.4
#15 10.06 info  - Preparing...
#15 10.80 Browserslist: browsers data (caniuse-lite) is 22 months old. Please run:
#15 10.80   npx update-browserslist-db@latest
#15 10.80   Why you should do it regularly: https://github.com/browserslist/update-db#readme
#15 11.05 ℹ Compiling Webpack
#15 43.08 ✔ Webpack: Compiled successfully in 32.07s
#15 43.08 info  - Memory Usage: 874.02 MB (RSS: 1177.62 MB)
#15 45.58 
#15 45.58 info  - File sizes after gzip:
#15 45.58 
#15 46.14   1.08 MB    dist/monaco-editor/min/vs/language/typescript/tsWorker.js
#15 46.14   731.03 kB  dist/monaco-editor/min/vs/editor/editor.main.js
#15 46.14   216.91 kB  dist/umi.b6a9c191.js
#15 46.14   149.29 kB  dist/monaco-editor/min/vs/language/css/cssWorker.js
#15 46.14   137.17 kB  dist/2432.fa72f292.async.js
#15 46.14   104.57 kB  dist/monaco-editor/min/vs/language/html/htmlWorker.js
#15 46.14   87.96 kB   dist/monaco-editor/min/vs/base/worker/workerMain.js
#15 46.14   67.83 kB   dist/umi.a4d14b92.css
#15 46.14   53.59 kB   dist/8216.247cb334.async.js
#15 46.14   36.78 kB   dist/monaco-editor/min/vs/language/json/jsonWorker.js
#15 46.14   32.91 kB   dist/5282.0c784da2.async.js
#15 46.14   31.16 kB   dist/monaco-editor/min/vs/editor/editor.main.nls.ru.js
#15 46.14   29.3 kB    dist/1379.f91563a1.async.js
#15 46.14   27.82 kB   dist/1571.94ddca13.async.js
#15 46.14   26.37 kB   dist/7355.8f310b8b.async.js
#15 46.14   26.05 kB   dist/src__pages__setting__index.d5538585.async.js
#15 46.14   24.3 kB    dist/monaco-editor/min/vs/editor/editor.main.nls.ja.js
#15 46.14   23.69 kB   dist/9313.37acaf13.async.js
#15 46.14   23.2 kB    dist/5675.5c728d0b.async.js
#15 46.14   22.36 kB   dist/monaco-editor/min/vs/editor/editor.main.nls.ko.js
#15 46.14   21.72 kB   dist/monaco-editor/min/vs/editor/editor.main.nls.de.js
#15 46.14   21.56 kB   dist/6013.0c04d650.async.js
#15 46.14   21.5 kB    dist/monaco-editor/min/vs/editor/editor.main.nls.zh-tw.js
#15 46.14   21.24 kB   dist/monaco-editor/min/vs/editor/editor.main.nls.zh-cn.js
#15 46.14   21.16 kB   dist/monaco-editor/min/vs/editor/editor.main.nls.fr.js
#15 46.14   20.46 kB   dist/monaco-editor/min/vs/editor/editor.main.nls.es.js
#15 46.14   19.86 kB   dist/monaco-editor/min/vs/editor/editor.main.nls.it.js
#15 46.14   18.37 kB   dist/6532.a47a577f.async.js
#15 46.14   17.48 kB   dist/1858.2dee70e1.async.js
#15 46.14   17.48 kB   dist/monaco-editor/min/vs/editor/editor.main.nls.js
#15 46.14   16.51 kB   dist/2821.651f31e5.async.js
#15 46.14   15.89 kB   dist/3600.7637c822.async.js
#15 46.14   15.13 kB   dist/255.8a80b983.async.js
#15 46.14   14.43 kB   dist/8078.8586c875.async.js
#15 46.14   14.01 kB   dist/src__pages__runtime-python.0d3e7191.async.js
#15 46.14   13.4 kB    dist/monaco-editor/min/vs/editor/editor.main.css
#15 46.14   12.73 kB   dist/src__pages__tasks__index.d1db06c4.async.js
#15 46.14   11.73 kB   dist/src__pages__workspace.e2c064ef.async.js
#15 46.14   11.49 kB   dist/src__pages__setting__other.fa2da95e.async.js
#15 46.14   11.34 kB   dist/monaco-editor/min/vs/language/json/jsonMode.js
#15 46.14   11.11 kB   dist/4622.d4d2f9f9.async.js
#15 46.14   10.39 kB   dist/src__pages__repository-workspace.7fd87071.async.js
#15 46.14   10.37 kB   dist/src__pages__setting__systemLog.506509b2.async.js
#15 46.14   9.92 kB    dist/7508.3fffed15.chunk.css
#15 46.14   9.55 kB    dist/monaco-editor/min/vs/loader.js
#15 46.14   9.52 kB    dist/4111.4d348ff8.async.js
#15 46.14   9.38 kB    dist/src__pages__setting__backup.c7767115.async.js
#15 46.14   9.33 kB    dist/src__pages__setting__loginLog.efbbccee.async.js
#15 46.14   9.29 kB    dist/monaco-editor/min/vs/language/html/htmlMode.js
#15 46.14   9.14 kB    dist/monaco-editor/min/vs/language/css/cssMode.js
#15 46.14   8.91 kB    dist/2338.d678967d.async.js
#15 46.14   8.86 kB    dist/src__pages__setting__clientIp.6b529681.async.js
#15 46.14   8.84 kB    dist/7508.354a9295.async.js
#15 46.14   7.54 kB    dist/src__pages__login__index.cbc70da0.async.js
#15 46.14   7.38 kB    dist/8384.c76794d0.async.js
#15 46.14   7.09 kB    dist/src__pages__setting__about.44c298c2.async.js
#15 46.14   6.69 kB    dist/5970.d3a6e7bd.async.js
#15 46.14   6.65 kB    dist/monaco-editor/min/vs/language/typescript/tsMode.js
#15 46.14   6.61 kB    dist/1017.e3780d15.async.js
#15 46.14   6.55 kB    dist/6573.b51f2475.async.js
#15 46.14   6.45 kB    dist/9278.0926a9b0.async.js
#15 46.14   6.36 kB    dist/src__pages__subscription__discovery.0be46d2a.async.js
#15 46.14   6.34 kB    dist/src__pages__subscription__index.e6c5c4a8.async.js
#15 46.14   6.05 kB    dist/119.9c35ab81.async.js
#15 46.14   5.93 kB    dist/4901.c72ac0b1.async.js
#15 46.14   5.86 kB    dist/3743.7ef5c0d1.async.js
#15 46.14   5.84 kB    dist/monaco-editor/min/vs/basic-languages/abap/abap.js
#15 46.14   5.6 kB     dist/6212.a6a308e4.async.js
#15 46.14   5.57 kB    dist/src__pages__tasks__triggers.8a6331c1.async.js
#15 46.14   5.56 kB    dist/6646.dd51b153.async.js
#15 46.14   5.48 kB    dist/src__pages__initialization__index.0a0eeaf7.async.js
#15 46.14   5.44 kB    dist/layouts__index.adf0692f.chunk.css
#15 46.14   5.39 kB    dist/monaco-editor/min/vs/basic-languages/powerquery/powerquery.js
#15 46.14   5.33 kB    dist/src__pages__subscription__logModal.f219c7a5.async.js
#15 46.14   5.04 kB    dist/monaco-editor/min/vs/basic-languages/solidity/solidity.js
#15 46.14   5.01 kB    dist/monaco-editor/min/vs/basic-languages/pgsql/pgsql.js
#15 46.14   4.87 kB    dist/3191.2976dfc9.async.js
#15 46.14   4.87 kB    dist/layouts__index.46dc307d.async.js
#15 46.14   4.86 kB    dist/monaco-editor/min/vs/basic-languages/redshift/redshift.js
#15 46.14   4.74 kB    dist/3383.090f92dc.async.js
#15 46.14   4.74 kB    dist/src__pages__setting__security.a808fa7f.async.js
#15 46.14   4.7 kB     dist/1883.675b6a18.chunk.css
#15 46.14   4.69 kB    dist/monaco-editor/min/vs/basic-languages/freemarker2/freemarker2.js
#15 46.14   4.67 kB    dist/4736.3814ba8a.async.js
#15 46.14   4.61 kB    dist/monaco-editor/min/vs/basic-languages/mysql/mysql.js
#15 46.14   4.6 kB     dist/7268.092a65a8.async.js
#15 46.14   4.6 kB     dist/9251.ff05f416.async.js
#15 46.14   4.41 kB    dist/monaco-editor/min/vs/basic-languages/sql/sql.js
#15 46.14   4.38 kB    dist/src__pages__error__index.02171c79.async.js
#15 46.14   4.37 kB    dist/9730.801665a3.async.js
#15 46.14   4.33 kB    dist/1765.5ac01a93.async.js
#15 46.14   4.3 kB     dist/3045.c3ba7cd6.async.js
#15 46.14   4.15 kB    dist/7656.9bd6bd47.async.js
#15 46.14   4.14 kB    dist/monaco-editor/min/vs/basic-languages/clojure/clojure.js
#15 46.14   3.99 kB    dist/src__pages__env__index.6707daf1.async.js
#15 46.14   3.97 kB    dist/src__pages__scoped-env.d8ac3b3b.async.js
#15 46.14   3.93 kB    dist/6411.0bdecedb.async.js
#15 46.14   3.86 kB    dist/3481.333c2962.async.js
#15 46.14   3.83 kB    dist/7285.c1a3c5e9.async.js
#15 46.14   3.81 kB    dist/src__pages__repository__index.a2daa249.async.js
#15 46.14   3.72 kB    dist/1410.3d54c71d.async.js
#15 46.14   3.71 kB    dist/src__pages__notifications__index.055feda0.async.js
#15 46.14   3.68 kB    dist/7839.8e401ec9.async.js
#15 46.14   3.65 kB    dist/monaco-editor/min/vs/basic-languages/perl/perl.js
#15 46.14   3.58 kB    dist/6016.6bcb2be9.async.js
#15 46.14   3.55 kB    dist/2901.b8d04361.async.js
#15 46.14   3.31 kB    dist/3390.fb4b6851.async.js
#15 46.14   3.28 kB    dist/monaco-editor/min/vs/basic-languages/systemverilog/systemverilog.js
#15 46.14   3.14 kB    dist/8330.4b65092f.async.js
#15 46.14   3.14 kB    dist/monaco-editor/min/vs/basic-languages/julia/julia.js
#15 46.14   3.08 kB    dist/monaco-editor/min/vs/basic-languages/ruby/ruby.js
#15 46.14   3 kB       dist/monaco-editor/min/vs/basic-languages/elixir/elixir.js
#15 46.14   2.95 kB    dist/monaco-editor/min/vs/basic-languages/postiats/postiats.js
#15 46.14   2.83 kB    dist/monaco-editor/min/vs/basic-languages/razor/razor.js
#15 46.14   2.79 kB    dist/monaco-editor/min/vs/basic-languages/javascript/javascript.js
#15 46.14   2.74 kB    dist/monaco-editor/min/vs/basic-languages/ecl/ecl.js
#15 46.14   2.74 kB    dist/monaco-editor/min/vs/basic-languages/st/st.js
#15 46.14   2.68 kB    dist/monaco-editor/min/vs/basic-languages/typescript/typescript.js
#15 46.14   2.64 kB    dist/monaco-editor/min/vs/basic-languages/cpp/cpp.js
#15 46.14   2.6 kB     dist/monaco-editor/min/vs/basic-languages/scala/scala.js
#15 46.14   2.59 kB    dist/monaco-editor/min/vs/basic-languages/protobuf/protobuf.js
#15 46.14   2.58 kB    dist/monaco-editor/min/vs/basic-languages/swift/swift.js
#15 46.14   2.57 kB    dist/monaco-editor/min/vs/basic-languages/php/php.js
#15 46.14   2.57 kB    dist/monaco-editor/min/vs/basic-languages/vb/vb.js
#15 46.14   2.57 kB    dist/src__pages__log__index.f2c3dcaa.async.js
#15 46.14   2.51 kB    dist/src__pages__config__index.68caf54e.async.js
#15 46.14   2.49 kB    dist/monaco-editor/min/vs/basic-languages/msdax/msdax.js
#15 46.14   2.46 kB    dist/src__pages__setting__appModal.7eaeb9d3.async.js
#15 46.14   2.34 kB    dist/monaco-editor/min/vs/basic-languages/rust/rust.js
#15 46.14   2.27 kB    dist/monaco-editor/min/vs/basic-languages/apex/apex.js
#15 46.14   2.25 kB    dist/monaco-editor/min/vs/basic-languages/scss/scss.js
#15 46.14   2.23 kB    dist/monaco-editor/min/vs/basic-languages/csharp/csharp.js
#15 46.14   2.18 kB    dist/monaco-editor/min/vs/basic-languages/liquid/liquid.js
#15 46.14   2.15 kB    dist/monaco-editor/min/vs/basic-languages/pug/pug.js
#15 46.14   2.15 kB    dist/monaco-editor/min/vs/basic-languages/dart/dart.js
#15 46.14   2.13 kB    dist/monaco-editor/min/vs/basic-languages/handlebars/handlebars.js
#15 46.14   2.09 kB    dist/monaco-editor/min/vs/basic-languages/python/python.js
#15 46.14   2.03 kB    dist/src__pages__setting__security.7c80dd0f.chunk.css
#15 46.14   2.03 kB    dist/monaco-editor/min/vs/basic-languages/twig/twig.js
#15 46.14   2.01 kB    dist/monaco-editor/min/vs/basic-languages/redis/redis.js
#15 46.14   1.99 kB    dist/monaco-editor/min/vs/basic-languages/hcl/hcl.js
#15 46.14   1.98 kB    dist/monaco-editor/min/vs/basic-languages/kotlin/kotlin.js
#15 46.14   1.92 kB    dist/monaco-editor/min/vs/basic-languages/less/less.js
#15 46.14   1.91 kB    dist/monaco-editor/min/vs/basic-languages/java/java.js
#15 46.14   1.9 kB     dist/monaco-editor/min/vs/basic-languages/pascal/pascal.js
#15 46.14   1.9 kB     dist/monaco-editor/min/vs/basic-languages/markdown/markdown.js
#15 46.14   1.9 kB     dist/monaco-editor/min/vs/basic-languages/html/html.js
#15 46.14   1.89 kB    dist/monaco-editor/min/vs/basic-languages/css/css.js
#15 46.14   1.89 kB    dist/monaco-editor/min/vs/basic-languages/restructuredtext/restructuredtext.js
#15 46.14   1.89 kB    dist/monaco-editor/min/vs/basic-languages/powershell/powershell.js
#15 46.14   1.88 kB    dist/monaco-editor/min/vs/basic-languages/tcl/tcl.js
#15 46.14   1.87 kB    dist/monaco-editor/min/vs/basic-languages/qsharp/qsharp.js
#15 46.14   1.84 kB    dist/monaco-editor/min/vs/basic-languages/m3/m3.js
#15 46.14   1.83 kB    dist/monaco-editor/min/vs/basic-languages/fsharp/fsharp.js
#15 46.14   1.81 kB    dist/monaco-editor/min/vs/basic-languages/coffee/coffee.js
#15 46.14   1.8 kB     dist/src__pages__404.417b4bac.async.js
#15 46.14   1.78 kB    dist/monaco-editor/min/vs/basic-languages/r/r.js
#15 46.14   1.74 kB    dist/monaco-editor/min/vs/basic-languages/yaml/yaml.js
#15 46.14   1.71 kB    dist/monaco-editor/min/vs/basic-languages/sophia/sophia.js
#15 46.14   1.71 kB    dist/monaco-editor/min/vs/basic-languages/shell/shell.js
#15 46.14   1.66 kB    dist/monaco-editor/min/vs/basic-languages/go/go.js
#15 46.14   1.66 kB    dist/monaco-editor/min/vs/basic-languages/sparql/sparql.js
#15 46.14   1.58 kB    dist/monaco-editor/min/vs/basic-languages/mips/mips.js
#15 46.14   1.56 kB    dist/monaco-editor/min/vs/basic-languages/objective-c/objective-c.js
#15 46.14   1.54 kB    dist/monaco-editor/min/vs/basic-languages/graphql/graphql.js
#15 46.14   1.49 kB    dist/monaco-editor/min/vs/basic-languages/xml/xml.js
#15 46.14   1.48 kB    dist/monaco-editor/min/vs/basic-languages/bicep/bicep.js
#15 46.14   1.47 kB    dist/monaco-editor/min/vs/basic-languages/cameligo/cameligo.js
#15 46.14   1.43 kB    dist/src__pages__dashboard__index.d272e917.async.js
#15 46.14   1.43 kB    dist/monaco-editor/min/vs/basic-languages/lua/lua.js
#15 46.14   1.42 kB    dist/monaco-editor/min/vs/basic-languages/lexon/lexon.js
#15 46.14   1.42 kB    dist/monaco-editor/min/vs/basic-languages/pascaligo/pascaligo.js
#15 46.14   1.41 kB    dist/src__pages__runs__index.5cbb1b01.async.js
#15 46.14   1.36 kB    dist/monaco-editor/min/vs/basic-languages/bat/bat.js
#15 46.14   1.35 kB    dist/monaco-editor/min/vs/basic-languages/flow9/flow9.js
#15 46.14   1.33 kB    dist/monaco-editor/min/vs/basic-languages/sb/sb.js
#15 46.14   1.32 kB    dist/monaco-editor/min/vs/basic-languages/scheme/scheme.js
#15 46.14   1.27 kB    dist/src__pages__setting__progress.80476bf4.async.js
#15 46.14   1.24 kB    dist/src__pages__setting__index.7cf46d4a.chunk.css
#15 46.14   1.18 kB    dist/monaco-editor/min/vs/basic-languages/dockerfile/dockerfile.js
#15 46.14   1.15 kB    dist/monaco-editor/min/vs/basic-languages/pla/pla.js
#15 46.14   1.04 kB    dist/monaco-editor/min/vs/basic-languages/ini/ini.js
#15 46.14   1.02 kB    dist/monaco-editor/min/vs/basic-languages/csp/csp.js
#15 46.14   835 B      dist/src__pages__subscription__modal.c1748930.async.js
#15 46.14   825 B      dist/monaco-editor/min/vs/basic-languages/azcli/azcli.js
#15 46.14   695 B      dist/src__pages__login__index.d00b91e8.chunk.css
#15 46.14   586 B      dist/src__pages__initialization__index.66819338.chunk.css
#15 46.14   433 B      dist/src__pages__error__index.b047bb77.chunk.css
#15 46.14   319 B      dist/src__pages__setting__about.e6db5090.chunk.css
#15 46.14   266 B      dist/src__pages__workspace.22b70fed.chunk.css
#15 46.14   261 B      dist/src__pages__setting__other.28ecea01.chunk.css
#15 46.14   241 B      dist/src__pages__log__index.9f2eae80.chunk.css
#15 46.14   93 B       dist/src__pages__subscription__index.4b5150de.chunk.css
#15 46.14 
#15 46.14 The bundle size is significantly larger than recommended.
#15 46.14 Consider reducing it with code splitting:  https://umijs.org/blog/code-splitting
#15 46.14 You can also analyze the project dependencies:  https://umijs.org/docs/guides/env-variables#analyze
#15 46.14 
#15 46.14 event - Build index.html
#15 DONE 46.4s

#16 [build 3/3] RUN npm_config_ignore_scripts=true pnpm prune --prod && node scripts/release/prune-fixtures.cjs
#16 0.563 Lockfile is up to date, resolution step is skipped
#16 0.647 Packages: -1319
#16 0.647 --------------------------------------------------------------------------------
#16 13.64 
#16 13.64 devDependencies:
#16 13.64 - @ant-design/icons 5.5.2
#16 13.64 - @ant-design/pro-layout 6.38.22
#16 13.64 - @codemirror/state 6.5.4
#16 13.64 - @codemirror/view 6.39.16
#16 13.64 - @monaco-editor/react 4.2.1
#16 13.64 - @react-hook/resize-observer 2.0.2
#16 13.64 - @types/body-parser 1.19.5
#16 13.64 - @types/compression 1.7.5
#16 13.64 - @types/cors 2.8.17
#16 13.64 - @types/cross-spawn 6.0.6
#16 13.64 - @types/express 4.17.21
#16 13.64 - @types/express-jwt 6.0.4
#16 13.64 - @types/file-saver 2.0.2
#16 13.64 - @types/helmet 4.0.0
#16 13.64 - @types/js-yaml 4.0.9
#16 13.64 - @types/jsonwebtoken 8.5.9
#16 13.64 - @types/lodash 4.17.13
#16 13.64 - @types/multer 1.4.12
#16 13.64 - @types/node 17.0.45
#16 13.64 - @types/node-schedule 1.3.2
#16 13.64 - @types/nodemailer 6.4.17
#16 13.64 - @types/proper-lockfile 4.1.4
#16 13.64 - @types/ps-tree 1.1.6
#16 13.64 - @types/qrcode.react 1.0.5
#16 13.64 - @types/react 18.3.12
#16 13.64 - @types/react-copy-to-clipboard 5.0.7
#16 13.64 - @types/react-dom 18.3.1
#16 13.64 - @types/request-ip 0.0.41
#16 13.64 - @types/serve-handler 6.1.4
#16 13.64 - @types/sockjs 0.3.36
#16 13.64 - @types/sockjs-client 1.5.4
#16 13.64 - @types/uuid 8.3.4
#16 13.64 - @uiw/codemirror-extensions-langs 4.23.6
#16 13.64 - @uiw/react-codemirror 4.23.6
#16 13.64 - @umijs/max 4.4.4
#16 13.64 - @umijs/ssr-darkreader 4.9.45
#16 13.64 - ahooks 3.8.1
#16 13.64 - ansi-to-react 6.1.6
#16 13.64 - antd 4.24.16
#16 13.64 - antd-img-crop 4.23.0
#16 13.64 - axios 1.7.8
#16 13.64 - compression-webpack-plugin 9.2.0
#16 13.64 - concurrently 7.6.0
#16 13.64 - file-saver 2.0.2
#16 13.64 - lint-staged 13.3.0
#16 13.64 - moment 2.30.1
#16 13.64 - monaco-editor 0.33.0
#16 13.64 - nodemon 3.1.7
#16 13.64 - prettier 2.8.8
#16 13.64 - pretty-bytes 6.1.1
#16 13.64 - qiniu 7.14.0
#16 13.64 - qrcode.react 1.0.1
#16 13.64 - query-string 7.1.3
#16 13.64 - rc-tween-one 3.0.6
#16 13.64 - rc-virtual-list 3.15.0
#16 13.64 - react 18.3.1
#16 13.64 - react-copy-to-clipboard 5.1.0
#16 13.64 - react-diff-viewer 3.1.1
#16 13.64 - react-dnd 16.0.1
#16 13.64 - react-dnd-html5-backend 16.0.1
#16 13.64 - react-dom 18.3.1
#16 13.64 - react-hotkeys-hook 4.6.1
#16 13.64 - react-intl-universal 2.12.0
#16 13.64 - react-router-dom 6.26.1
#16 13.64 - react-split-pane 0.1.92
#16 13.64 - sockjs-client 1.6.1
#16 13.64 - ts-node 10.9.2
#16 13.64 - ts-proto 2.6.1
#16 13.64 - tslib 2.8.1
#16 13.64 - typescript 5.2.2
#16 13.64 - vh-check 2.0.5
#16 13.64 - virtualizedtableforantd4 1.3.0
#16 13.64 
#16 14.82 {"dependency_fixture_directories_removed":[".pnpm/@protobufjs+aspromise@1.1.2/node_modules/@protobufjs/aspromise/tests",".pnpm/@protobufjs+base64@1.1.2/node_modules/@protobufjs/base64/tests",".pnpm/@protobufjs+codegen@2.0.4/node_modules/@protobufjs/codegen/tests",".pnpm/@protobufjs+eventemitter@1.1.0/node_modules/@protobufjs/eventemitter/tests",".pnpm/@protobufjs+fetch@1.1.0/node_modules/@protobufjs/fetch/tests",".pnpm/@protobufjs+float@1.0.2/node_modules/@protobufjs/float/tests",".pnpm/@protobufjs+inquire@1.1.0/node_modules/@protobufjs/inquire/tests",".pnpm/@protobufjs+path@1.1.2/node_modules/@protobufjs/path/tests",".pnpm/@protobufjs+pool@1.1.0/node_modules/@protobufjs/pool/tests",".pnpm/@protobufjs+utf8@1.1.0/node_modules/@protobufjs/utf8/tests",".pnpm/append-field@1.0.0/node_modules/append-field/test",".pnpm/busboy@1.6.0/node_modules/busboy/test",".pnpm/call-bind@1.0.7/node_modules/call-bind/test",".pnpm/concat-map@0.0.1/node_modules/concat-map/test",".pnpm/define-data-property@1.1.4/node_modules/define-data-property/test",".pnpm/delegates@1.0.0/node_modules/delegates/test",".pnpm/duplexer@0.1.2/node_modules/duplexer/test",".pnpm/es-define-property@1.0.0/node_modules/es-define-property/test",".pnpm/es-errors@1.3.0/node_modules/es-errors/test",".pnpm/event-stream@3.3.4/node_modules/event-stream/test",".pnpm/file-stream-rotator@0.6.1/node_modules/file-stream-rotator/tests",".pnpm/from@0.1.7/node_modules/from/test",".pnpm/function-bind@1.1.2/node_modules/function-bind/test",".pnpm/get-intrinsic@1.2.4/node_modules/get-intrinsic/test",".pnpm/gopd@1.1.0/node_modules/gopd/test",".pnpm/has-property-descriptors@1.0.2/node_modules/has-property-descriptors/test",".pnpm/has-proto@1.1.0/node_modules/has-proto/test",".pnpm/has-symbols@1.1.0/node_modules/has-symbols/test",".pnpm/hpagent@1.2.0/node_modules/hpagent/test",".pnpm/html2canvas@1.4.1/node_modules/html2canvas/dist/lib/__tests__",".pnpm/html2canvas@1.4.1/node_modules/html2canvas/dist/lib/core/__tests__",".pnpm/html2canvas@1.4.1/node_modules/html2canvas/dist/lib/css/property-descriptors/__tests__",".pnpm/html2canvas@1.4.1/node_modules/html2canvas/dist/lib/css/syntax/__tests__",".pnpm/html2canvas@1.4.1/node_modules/html2canvas/dist/lib/css/types/__tests__",".pnpm/html2canvas@1.4.1/node_modules/html2canvas/dist/lib/css/types/functions/__tests__",".pnpm/html2canvas@1.4.1/node_modules/html2canvas/dist/types/__tests__",".pnpm/html2canvas@1.4.1/node_modules/html2canvas/dist/types/core/__tests__",".pnpm/html2canvas@1.4.1/node_modules/html2canvas/dist/types/css/property-descriptors/__tests__",".pnpm/html2canvas@1.4.1/node_modules/html2canvas/dist/types/css/syntax/__tests__",".pnpm/html2canvas@1.4.1/node_modules/html2canvas/dist/types/css/types/__tests__",".pnpm/html2canvas@1.4.1/node_modules/html2canvas/dist/types/css/types/functions/__tests__",".pnpm/isexe@2.0.0/node_modules/isexe/test",".pnpm/map-stream@0.1.0/node_modules/map-stream/test",".pnpm/object-inspect@1.13.3/node_modules/object-inspect/test",".pnpm/pause-stream@0.0.11/node_modules/pause-stream/test",".pnpm/pdfast@0.2.0/node_modules/pdfast/tests",".pnpm/qs@6.13.0/node_modules/qs/test",".pnpm/retry-as-promised@7.0.4/node_modules/retry-as-promised/test",".pnpm/retry@0.12.0/node_modules/retry/test",".pnpm/rw@1.3.3/node_modules/rw/test",".pnpm/setprototypeof@1.2.0/node_modules/setprototypeof/test",".pnpm/side-channel@1.0.6/node_modules/side-channel/test",".pnpm/split@0.3.3/node_modules/split/test",".pnpm/stream-combiner@0.0.4/node_modules/stream-combiner/test",".pnpm/streamsearch@1.1.0/node_modules/streamsearch/test",".pnpm/through@2.3.8/node_modules/through/test",".pnpm/typedarray@0.0.6/node_modules/typedarray/test",".pnpm/uuid@11.0.3/node_modules/uuid/dist/cjs/test",".pnpm/uuid@11.0.3/node_modules/uuid/dist/cjs-browser/test",".pnpm/uuid@11.0.3/node_modules/uuid/dist/esm/test",".pnpm/uuid@11.0.3/node_modules/uuid/dist/esm-browser/test"]}
#16 DONE 14.8s

#17 [runtime 2/9] RUN apt-get update && apt-get install -y --no-install-recommends     tini bash coreutils util-linux git openssh-client openssl ca-certificates curl     tar gzip xz-utils tzdata python3 build-essential libssl-dev zlib1g-dev     libbz2-dev libreadline-dev libsqlite3-dev libffi-dev liblzma-dev libncurses-dev uuid-dev     && rm -rf /var/lib/apt/lists/*     && groupadd --gid 10001 platform && useradd --uid 10001 --gid 10001 --home-dir /data/home --no-create-home platform     && mkdir /app /data /backup && chown 10001:10001 /data /backup
#17 CACHED

#18 [runtime 3/9] WORKDIR /app
#18 CACHED

#19 [runtime 4/9] COPY --from=build /build/node_modules ./node_modules
#19 DONE 1.2s

#20 [runtime 5/9] COPY --from=build /build/static ./static
#20 DONE 0.2s

#21 [runtime 6/9] COPY --from=build /build/package.json /build/version.yaml /build/LICENSE ./
#21 DONE 0.0s

#22 [runtime 7/9] COPY --from=build /build/shell/*.py ./shell/
#22 DONE 0.0s

#23 [runtime 8/9] COPY --from=build /build/scripts/release/entrypoint.cjs /build/scripts/release/healthcheck.cjs ./scripts/release/
#23 DONE 0.0s

#24 [runtime 9/9] RUN chmod 0700 /data /backup
#24 DONE 0.1s

#7 docker-image://docker.io/docker/buildkit-syft-scanner@sha256:ae4f3b554449e7e25548e7d8ccc029d17357348e30c6e3df01b92bc93654d6a9
#7 CACHED

#25 [linux/arm64] generating sbom using docker.io/docker/buildkit-syft-scanner@sha256:ae4f3b554449e7e25548e7d8ccc029d17357348e30c6e3df01b92bc93654d6a9
#25 0.061 time="2026-09-17T16:26:03Z" level=info msg="starting syft scanner for buildkit v1.12.0"
#25 DONE 5.8s

#26 exporting to oci image format
#26 exporting layers
#26 exporting layers 4.0s done
#26 exporting manifest sha256:d4e9cc65c31eed9a2c75837aeb705c366317e4fe00d7c41ff6a7772e865fba2c done
#26 exporting config sha256:ee20e65b773bd87f81ffcc8a8d57b6cac40fbd3a6688da922f144ac6bb6f6132 done
#26 exporting attestation manifest sha256:0c02f4586f1291475da094b9f14c7c2dca785416b3e1382ffc72b4a1bd2b7071
#26 exporting attestation manifest sha256:0c02f4586f1291475da094b9f14c7c2dca785416b3e1382ffc72b4a1bd2b7071 done
#26 exporting manifest list sha256:b4fc8f084cf01104f1a70027cafa5bc131ab3722633116382bd985586d8e6f33 done
#26 sending tarball
#26 sending tarball 1.1s done
#26 DONE 6.1s

#27 resolving provenance for metadata file
#27 DONE 0.0s
