TAP version 13
# Subtest: Discovery preview read-only, ownership overrides and source retirement
ok 1 - Discovery preview read-only, ownership overrides and source retirement
  ---
  duration_ms: 5198.393667
  type: 'test'
  ...
# [Managed] REPOSITORY_FETCH subscription=1
# [Managed] WORKTREE_ENSURE subscription=1
# [Managed] WORKTREE_UPDATE subscription=1
# [Managed] worktree=1 commit=c1899d6ee74c3658addca151b21f91c969ffdeb7 -> c1899d6ee74c3658addca151b21f91c969ffdeb7
# [Managed] DISCOVERY subscription=1
# [Managed] GIT_UPDATE_TRIGGERS subscription=1
# [Managed] REPOSITORY_FETCH subscription=1
# [Managed] WORKTREE_ENSURE subscription=1
# [Managed] WORKTREE_UPDATE subscription=1
# [Managed] worktree=1 commit=c1899d6ee74c3658addca151b21f91c969ffdeb7 -> c1899d6ee74c3658addca151b21f91c969ffdeb7
# [Managed] DISCOVERY subscription=1
# [Managed] GIT_UPDATE_TRIGGERS subscription=1
# [Managed] REPOSITORY_FETCH subscription=1
# [Managed] WORKTREE_ENSURE subscription=1
# [Managed] WORKTREE_UPDATE subscription=1
# [Managed] worktree=1 commit=c1899d6ee74c3658addca151b21f91c969ffdeb7 -> 22a3b25c13d00b45cbde58b8097274b9c74981d8
# [Managed] DISCOVERY subscription=1
# [Managed] GIT_UPDATE_TRIGGERS subscription=1
# [Managed] REPOSITORY_FETCH subscription=1
# [Managed] WORKTREE_ENSURE subscription=1
# [Managed] WORKTREE_UPDATE subscription=1
# [Managed] worktree=1 commit=22a3b25c13d00b45cbde58b8097274b9c74981d8 -> 22a3b25c13d00b45cbde58b8097274b9c74981d8
# [Managed] DISCOVERY subscription=1
# [Managed] GIT_UPDATE_TRIGGERS subscription=1
# [Managed] REPOSITORY_FETCH subscription=1
# [Managed] WORKTREE_ENSURE subscription=1
# [Managed] WORKTREE_UPDATE subscription=1
# [Managed] worktree=1 commit=22a3b25c13d00b45cbde58b8097274b9c74981d8 -> 3bf134add7939233d61bbbbe0cb4b7f498d5dbf2
# [Managed] DISCOVERY subscription=1
# [Managed] GIT_UPDATE_TRIGGERS subscription=1
# Subtest: Real Git fetch/update -> discovery -> typed Git events, dedup and source filters
ok 2 - Real Git fetch/update -> discovery -> typed Git events, dedup and source filters
  ---
  duration_ms: 31474.982084
  type: 'test'
  ...
# [Managed] REPOSITORY_FETCH subscription=1
# [Managed] WORKTREE_ENSURE subscription=1
# [Managed] WORKTREE_UPDATE subscription=1
# [Managed] worktree=1 commit=ad7d03cc21c2c77f1b42bfba0efa964c6ff02fbe -> ad7d03cc21c2c77f1b42bfba0efa964c6ff02fbe
# [Managed] DISCOVERY subscription=1
# [Managed] GIT_UPDATE_TRIGGERS subscription=1
# [Managed] REPOSITORY_FETCH subscription=1
# [Managed] WORKTREE_ENSURE subscription=1
# [Managed] WORKTREE_ENSURE: WORKTREE_DIRTY
# Subtest: Real Git dirty refuses sync and preserves Task definition
ok 3 - Real Git dirty refuses sync and preserves Task definition
  ---
  duration_ms: 8501.361417
  type: 'test'
  ...
# [Managed] REPOSITORY_FETCH subscription=1
# [Managed] WORKTREE_ENSURE subscription=1
# [Managed] WORKTREE_UPDATE subscription=1
# [Managed] worktree=1 commit=5324e6adc2b430c34f81af44fac850d7f4ce2a3a -> 5324e6adc2b430c34f81af44fac850d7f4ce2a3a
# [Managed] DISCOVERY subscription=1
# [Managed] GIT_UPDATE_TRIGGERS subscription=1
# [Managed] REPOSITORY_FETCH subscription=1
# [Managed] WORKTREE_ENSURE subscription=1
# [Managed] WORKTREE_ENSURE: WORKTREE_DIRTY
# Subtest: Real Git untracked refuses sync and preserves Task definition
ok 4 - Real Git untracked refuses sync and preserves Task definition
  ---
  duration_ms: 6114.040625
  type: 'test'
  ...
# [Managed] REPOSITORY_FETCH subscription=1
# [Managed] WORKTREE_ENSURE subscription=1
# [Managed] WORKTREE_UPDATE subscription=1
# [Managed] worktree=1 commit=7cf08ec791b7fd5e7bccfa88d395f66027b507b0 -> 7cf08ec791b7fd5e7bccfa88d395f66027b507b0
# [Managed] DISCOVERY subscription=1
# [Managed] GIT_UPDATE_TRIGGERS subscription=1
# [Managed] REPOSITORY_FETCH subscription=1
# [Managed] WORKTREE_ENSURE subscription=1
# [Managed] WORKTREE_ENSURE: WORKTREE_LOCAL_COMMITS
# Subtest: Real Git ahead refuses sync and preserves Task definition
ok 5 - Real Git ahead refuses sync and preserves Task definition
  ---
  duration_ms: 5381.098458
  type: 'test'
  ...
# [Managed] REPOSITORY_FETCH subscription=1
# [Managed] WORKTREE_ENSURE subscription=1
# [Managed] WORKTREE_UPDATE subscription=1
# [Managed] worktree=1 commit=cac2127f7cf9357a575aae6c15df161a11326a96 -> cac2127f7cf9357a575aae6c15df161a11326a96
# [Managed] DISCOVERY subscription=1
# [Managed] GIT_UPDATE_TRIGGERS subscription=1
# [Managed] REPOSITORY_FETCH subscription=1
# [Managed] WORKTREE_ENSURE subscription=1
# [Managed] WORKTREE_ENSURE: WORKTREE_MISSING
# Subtest: Real Git missing refuses sync and preserves Task definition
ok 6 - Real Git missing refuses sync and preserves Task definition
  ---
  duration_ms: 4681.981125
  type: 'test'
  ...
# [Managed] REPOSITORY_FETCH subscription=1
# [Managed] WORKTREE_ENSURE subscription=1
# [Managed] WORKTREE_UPDATE subscription=1
# [Managed] worktree=1 commit=cb3d253fad89d2170a36ae30480f031266cd24ba -> cb3d253fad89d2170a36ae30480f031266cd24ba
# [Managed] DISCOVERY subscription=1
# [Managed] GIT_UPDATE_TRIGGERS subscription=1
# [Managed] REPOSITORY_FETCH subscription=1
# [Managed] WORKTREE_ENSURE subscription=1
# [Managed] WORKTREE_ENSURE: WORKTREE_STALE
# Subtest: Real Git detached refuses sync and preserves Task definition
ok 7 - Real Git detached refuses sync and preserves Task definition
  ---
  duration_ms: 4858.126333
  type: 'test'
  ...
# [Managed] REPOSITORY_FETCH subscription=1
# [Managed] WORKTREE_ENSURE subscription=1
# [Managed] WORKTREE_UPDATE subscription=1
# [Managed] worktree=1 commit=ff3059017d04769b13e7d8677764810490158f69 -> ff3059017d04769b13e7d8677764810490158f69
# [Managed] DISCOVERY subscription=1
# [Managed] GIT_UPDATE_TRIGGERS subscription=1
# [Managed] REPOSITORY_FETCH subscription=1
# [Managed] WORKTREE_ENSURE subscription=1
# [Managed] WORKTREE_UPDATE subscription=1
# [Managed] worktree=1 commit=ff3059017d04769b13e7d8677764810490158f69 -> 1c5327cb3001307e7ebdb0f08fa64a4d41b39d3b
# [Managed] DISCOVERY subscription=1
# [Managed] DISCOVERY: SUBSCRIPTION_SYNC_FAILED
# [Managed] REPOSITORY_FETCH subscription=1
# [Managed] WORKTREE_ENSURE subscription=1
# [Managed] WORKTREE_UPDATE subscription=1
# [Managed] worktree=1 commit=1c5327cb3001307e7ebdb0f08fa64a4d41b39d3b -> 1c5327cb3001307e7ebdb0f08fa64a4d41b39d3b
# [Managed] DISCOVERY subscription=1
# [Managed] GIT_UPDATE_TRIGGERS subscription=1
# Subtest: Discovery failure leaves successful Git update recoverable at same commit
ok 8 - Discovery failure leaves successful Git update recoverable at same commit
  ---
  duration_ms: 7460.241459
  type: 'test'
  ...
# [Managed] REPOSITORY_FETCH subscription=1
# [Managed] WORKTREE_ENSURE subscription=1
# [Managed] WORKTREE_UPDATE subscription=1
# [Managed] worktree=1 commit=2b0937697ee6a47ed75802176fb0eeb4faf1ac21 -> 2b0937697ee6a47ed75802176fb0eeb4faf1ac21
# [Managed] DISCOVERY subscription=1
# [Managed] GIT_UPDATE_TRIGGERS subscription=1
# [Managed] REPOSITORY_FETCH subscription=1
# [Managed] WORKTREE_ENSURE subscription=1
# [Managed] WORKTREE_ENSURE: REF_NOT_FOUND
# Subtest: branch deleted stops before Discovery and Git triggers
ok 9 - branch deleted stops before Discovery and Git triggers
  ---
  duration_ms: 5175.61125
  type: 'test'
  ...
# [Managed] REPOSITORY_FETCH subscription=1
# [Managed] WORKTREE_ENSURE subscription=1
# [Managed] WORKTREE_UPDATE subscription=1
# [Managed] worktree=1 commit=b6eeec0366ad95fd486e690504df30c1d95bda61 -> b6eeec0366ad95fd486e690504df30c1d95bda61
# [Managed] DISCOVERY subscription=1
# [Managed] GIT_UPDATE_TRIGGERS subscription=1
# [Managed] REPOSITORY_FETCH subscription=1
# [Managed] WORKTREE_ENSURE subscription=1
# [Managed] WORKTREE_ENSURE: WORKTREE_DIVERGED
# Subtest: force push stops before Discovery and Git triggers
ok 10 - force push stops before Discovery and Git triggers
  ---
  duration_ms: 5018.16025
  type: 'test'
  ...
# [Managed] REPOSITORY_FETCH subscription=1
# [Managed] WORKTREE_ENSURE subscription=1
# [Managed] WORKTREE_UPDATE subscription=1
# [Managed] worktree=1 commit=ceb927d756aaeb7b85f0bacb3cc2d11dbfc30676 -> ceb927d756aaeb7b85f0bacb3cc2d11dbfc30676
# [Managed] DISCOVERY subscription=1
# [Managed] GIT_UPDATE_TRIGGERS subscription=1
# [Managed] REPOSITORY_FETCH subscription=1
# [Managed] REPOSITORY_FETCH: REPOSITORY_NOT_INITIALIZED
# Subtest: storage missing stops before Discovery and Git triggers
ok 11 - storage missing stops before Discovery and Git triggers
  ---
  duration_ms: 4189.755875
  type: 'test'
  ...
# [Managed] REPOSITORY_FETCH subscription=1
# [Managed] WORKTREE_ENSURE subscription=1
# [Managed] WORKTREE_UPDATE subscription=1
# [Managed] worktree=1 commit=aa526c7ae831951f1759a86905108111e8a06d8f -> aa526c7ae831951f1759a86905108111e8a06d8f
# [Managed] DISCOVERY subscription=1
# [Managed] GIT_UPDATE_TRIGGERS subscription=1
# [Managed] REPOSITORY_FETCH subscription=1
# [Managed] REPOSITORY_FETCH: SUBSCRIPTION_SYNC_FAILED
# Subtest: disabled credential stops before Discovery and Git triggers
ok 12 - disabled credential stops before Discovery and Git triggers
  ---
  duration_ms: 4322.981416
  type: 'test'
  ...
# [Managed] REPOSITORY_FETCH subscription=1
# [Managed] WORKTREE_ENSURE subscription=1
# [Managed] WORKTREE_UPDATE subscription=1
# [Managed] worktree=1 commit=987866aa119cbdb97dc310ad0c5688008eb22b48 -> 987866aa119cbdb97dc310ad0c5688008eb22b48
# [Managed] DISCOVERY subscription=1
# [Managed] GIT_UPDATE_TRIGGERS subscription=1
# [Managed] REPOSITORY_FETCH subscription=1
# [Managed] WORKTREE_ENSURE subscription=1
# [Managed] WORKTREE_UPDATE subscription=1
# [Managed] worktree=1 commit=987866aa119cbdb97dc310ad0c5688008eb22b48 -> 1c4da1feb10cf9db1c358f10b4a13d8f43444c2e
# [Managed] DISCOVERY subscription=1
# [Managed] GIT_UPDATE_TRIGGERS subscription=1
# Subtest: Managed leases block overlapping sync, update and binding; symlink is ignored
ok 13 - Managed leases block overlapping sync, update and binding; symlink is ignored
  ---
  duration_ms: 7091.31625
  type: 'test'
  ...
# [Managed] REPOSITORY_FETCH subscription=1
# [Managed] WORKTREE_ENSURE subscription=1
# [Managed] WORKTREE_UPDATE subscription=1
# [Managed] worktree=1 commit=f2ac4c4673cbdf6bebc35dea6b9879d65194f884 -> f2ac4c4673cbdf6bebc35dea6b9879d65194f884
# [Managed] DISCOVERY subscription=1
# [Managed] GIT_UPDATE_TRIGGERS subscription=1
# [Managed] REPOSITORY_FETCH subscription=1
# [Managed] WORKTREE_ENSURE subscription=1
# [Managed] WORKTREE_UPDATE subscription=1
# [Managed] worktree=2 commit=f2ac4c4673cbdf6bebc35dea6b9879d65194f884 -> f2ac4c4673cbdf6bebc35dea6b9879d65194f884
# [Managed] DISCOVERY subscription=1
# [Managed] GIT_UPDATE_TRIGGERS subscription=1
# Subtest: Branch rebinding updates discovered source while retaining old Worktree
ok 14 - Branch rebinding updates discovered source while retaining old Worktree
  ---
  duration_ms: 6791.30925
  type: 'test'
  ...
# Subtest: Frozen v7 upgrades transactionally to identical fresh v8, retry after rollback
ok 15 - Frozen v7 upgrades transactionally to identical fresh v8, retry after rollback
  ---
  duration_ms: 4003.7695
  type: 'test'
  ...
1..15
# tests 15
# suites 0
# pass 15
# fail 0
# cancelled 0
# skipped 0
# todo 0
# duration_ms 102208.034958
