TAP version 13
# Subtest: platform sessions validate and obsolete single-token shapes fail closed
ok 1 - platform sessions validate and obsolete single-token shapes fail closed
  ---
  duration_ms: 2.759375
  type: 'test'
  ...
# Subtest: session membership never bypasses JWT signature, expiry, algorithm or nbf
ok 2 - session membership never bypasses JWT signature, expiry, algorithm or nbf
  ---
  duration_ms: 1.352875
  type: 'test'
  ...
# Subtest: platform token metadata can shorten but cannot extend JWT expiration
ok 3 - platform token metadata can shorten but cannot extend JWT expiration
  ---
  duration_ms: 0.33175
  type: 'test'
  ...
# Subtest: passwords are salted and plaintext credentials are rejected
ok 4 - passwords are salted and plaintext credentials are rejected
  ---
  duration_ms: 182.813167
  type: 'test'
  ...
# Subtest: build verification accepts matching source and rejects stale or dirty artifacts
ok 5 - build verification accepts matching source and rejects stale or dirty artifacts
  ---
  duration_ms: 679.426167
  type: 'test'
  ...
# Subtest: release images receive the same-run artifact and verify it before use
ok 6 - release images receive the same-run artifact and verify it before use
  ---
  duration_ms: 12.691375
  type: 'test'
  ...
# Subtest: complete artifact manifests reject changed, missing, extra files and untracked build inputs
ok 7 - complete artifact manifests reject changed, missing, extra files and untracked build inputs
  ---
  duration_ms: 2081.506375
  type: 'test'
  ...
# Subtest: bridge API accepts Chinese log names and existing supported names
ok 8 - bridge API accepts Chinese log names and existing supported names
  ---
  duration_ms: 1.354583
  type: 'test'
  ...
# Subtest: bridge API still rejects unsafe relative names and excessive length
ok 9 - bridge API still rejects unsafe relative names and excessive length
  ---
  duration_ms: 0.690209
  type: 'test'
  ...
# Subtest: API restricts absolute log paths to the configured directory or /dev/null
ok 10 - API restricts absolute log paths to the configured directory or /dev/null
  ---
  duration_ms: 0.095333
  type: 'test'
  ...
# Subtest: cron validation accepts leading-zero schedules and legacy null labels
ok 11 - cron validation accepts leading-zero schedules and legacy null labels
  ---
  duration_ms: 19.907209
  type: 'test'
  ...
# Subtest: cron validation identifies invalid fields
ok 12 - cron validation identifies invalid fields
  ---
  duration_ms: 2.566167
  type: 'test'
  ...
# Subtest: today failures includes recovered and deleted tasks, excluding previous days and successes
ok 13 - today failures includes recovered and deleted tasks, excluding previous days and successes
  ---
  duration_ms: 319.283833
  type: 'test'
  ...
# Subtest: dependency listing marks cache entries missing from disk for reinstall
ok 14 - dependency listing marks cache entries missing from disk for reinstall
  ---
  duration_ms: 366.87275
  type: 'test'
  ...
# Subtest: container logging discards stdout and forwards startup errors without persistent copies
ok 15 - container logging discards stdout and forwards startup errors without persistent copies
  ---
  duration_ms: 14.650542
  type: 'test'
  ...
# Subtest: non-container installs keep the PM2 logging defaults
ok 16 - non-container installs keep the PM2 logging defaults
  ---
  duration_ms: 18.9845
  type: 'test'
  ...
# Subtest: scheduler submission failure settles and next Task identity can be submitted
ok 17 - scheduler submission failure settles and next Task identity can be submitted
  ---
  duration_ms: 4.737417
  type: 'test'
  ...
# Subtest: completion waits for slow log consumers and preserves the final output
ok 18 - completion waits for slow log consumers and preserves the final output
  ---
  duration_ms: 80.155916
  type: 'test'
  ...
# Subtest: exit is not completion, and UTF-8 split across writes remains intact
ok 19 - exit is not completion, and UTF-8 split across writes remains intact
  ---
  duration_ms: 13.680791
  type: 'test'
  ...
# Subtest: failed log sink drains large output instead of blocking the child
ok 20 - failed log sink drains large output instead of blocking the child
  ---
  duration_ms: 55.047875
  type: 'test'
  ...
# Subtest: PID response keeps queue capacity occupied until cleanup completes
ok 21 - PID response keeps queue capacity occupied until cleanup completes
  ---
  duration_ms: 313.334292
  type: 'test'
  ...
# Subtest: before/error/end callback failures settle and release capacity
ok 22 - before/error/end callback failures settle and release capacity
  ---
  duration_ms: 39.983916
  type: 'test'
  ...
# Subtest: concurrent writes and closes preserve all bytes, and failed files can be closed
ok 23 - concurrent writes and closes preserve all bytes, and failed files can be closed
  ---
  duration_ms: 108.178333
  type: 'test'
  ...
# Subtest: file access enforces directory boundaries, blacklist descendants and symlinks
ok 24 - file access enforces directory boundaries, blacklist descendants and symlinks
  ---
  duration_ms: 4.250083
  type: 'test'
  ...
# Subtest: readDirs preserves the recursive tree contract and ignores blocked entries
ok 25 - readDirs preserves the recursive tree contract and ignores blocked entries
  ---
  duration_ms: 56.487042
  type: 'test'
  ...
# Subtest: gRPC cron response preserves Sequelize model fields through protobuf serialization
ok 26 - gRPC cron response preserves Sequelize model fields through protobuf serialization
  ---
  duration_ms: 76.633458
  type: 'test'
  ...
# Subtest: legacy plain cron rows normalize absent repeated fields
ok 27 - legacy plain cron rows normalize absent repeated fields
  ---
  duration_ms: 0.227292
  type: 'test'
  ...
# Subtest: HTTP listener preserves private binding and releases its port after shutdown
ok 28 - HTTP listener preserves private binding and releases its port after shutdown
  ---
  duration_ms: 65.421792
  type: 'test'
  ...
# Subtest: custom cluster deployments can restore shared listening
ok 29 - custom cluster deployments can restore shared listening
  ---
  duration_ms: 1.093083
  type: 'test'
  ...
# Subtest: HTTP authentication protects init, scopes, expired sessions and config secrets
ok 30 - HTTP authentication protects init, scopes, expired sessions and config secrets
  ---
  duration_ms: 769.069041
  type: 'test'
  ...
# Subtest: HTTP binding 127.0.0.1 never broadens an explicit private address
ok 31 - HTTP binding 127.0.0.1 never broadens an explicit private address
  ---
  duration_ms: 33.309875
  type: 'test'
  ...
# Subtest: gRPC binding 127.0.0.1 never broadens an explicit private address
ok 32 - gRPC binding 127.0.0.1 never broadens an explicit private address
  ---
  duration_ms: 20.03125
  type: 'test'
  ...
# Subtest: HTTP binding ::1 never broadens an explicit private address
ok 33 - HTTP binding ::1 never broadens an explicit private address
  ---
  duration_ms: 19.537917
  type: 'test'
  ...
# Subtest: gRPC binding ::1 never broadens an explicit private address
ok 34 - gRPC binding ::1 never broadens an explicit private address
  ---
  duration_ms: 43.36775
  type: 'test'
  ...
# Subtest: HTTP binding 192.0.2.1 never broadens an explicit private address
ok 35 - HTTP binding 192.0.2.1 never broadens an explicit private address
  ---
  duration_ms: 6.563292
  type: 'test'
  ...
# Subtest: gRPC binding 192.0.2.1 never broadens an explicit private address
ok 36 - gRPC binding 192.0.2.1 never broadens an explicit private address
  ---
  duration_ms: 30.233583
  type: 'test'
  ...
# Subtest: HTTP binding :: never broadens an explicit private address
ok 37 - HTTP binding :: never broadens an explicit private address
  ---
  duration_ms: 34.222625
  type: 'test'
  ...
# Subtest: gRPC binding :: never broadens an explicit private address
ok 38 - gRPC binding :: never broadens an explicit private address
  ---
  duration_ms: 7.730167
  type: 'test'
  ...
# Subtest: log streams reject traversal, sibling prefixes and escaping symlinks before writing
ok 39 - log streams reject traversal, sibling prefixes and escaping symlinks before writing
  ---
  duration_ms: 120.529
  type: 'test'
  ...
# Subtest: log initialization rejects unsafe paths before mkdir or file writes
ok 40 - log initialization rejects unsafe paths before mkdir or file writes
  ---
  duration_ms: 418.687625
  type: 'test'
  ...
# Subtest: manual execution rejects escaping log names before creating directories or spawning
ok 41 - manual execution rejects escaping log names before creating directories or spawning
  ---
  duration_ms: 671.803666
  type: 'test'
  ...
# Subtest: log reader defaults to a bounded tail and supports incremental reads
ok 42 - log reader defaults to a bounded tail and supports incremental reads
  ---
  duration_ms: 61.559583
  type: 'test'
  ...
# Subtest: log reader enforces the maximum chunk size
ok 43 - log reader enforces the maximum chunk size
  ---
  duration_ms: 6.275458
  type: 'test'
  ...
# Subtest: log reader preserves UTF-8 characters across byte boundaries
ok 44 - log reader preserves UTF-8 characters across byte boundaries
  ---
  duration_ms: 14.395584
  type: 'test'
  ...
# Subtest: missing logs return an empty chunk
ok 45 - missing logs return an empty chunk
  ---
  duration_ms: 5.498709
  type: 'test'
  ...
# Subtest: manual execution captures a short child before slow status storage and flushes before release
ok 46 - manual execution captures a short child before slow status storage and flushes before release
  ---
  duration_ms: 955.389917
  type: 'test'
  ...
# Subtest: metrics keep only the newest bounded samples
ok 47 - metrics keep only the newest bounded samples
  ---
  duration_ms: 7.539542
  type: 'test'
  ...
# Subtest: empty metric queries return finite aggregates
ok 48 - empty metric queries return finite aggregates
  ---
  duration_ms: 0.522208
  type: 'test'
  ...
# Subtest: health probes bypass request metric retention with or without base URL
ok 49 - health probes bypass request metric retention with or without base URL
  ---
  duration_ms: 0.888083
  type: 'test'
  ...
# Subtest: non-health requests keep bounded service metrics
ok 50 - non-health requests keep bounded service metrics
  ---
  duration_ms: 0.209625
  type: 'test'
  ...
# Subtest: ordinary request metrics are sampled instead of retained per request
ok 51 - ordinary request metrics are sampled instead of retained per request
  ---
  duration_ms: 0.264833
  type: 'test'
  ...
# Subtest: warm cache avoids pnpm, preserves spaces, and never evaluates cached text
ok 52 - warm cache avoids pnpm, preserves spaces, and never evaluates cached text
  ---
  duration_ms: 663.645875
  type: 'test'
  ...
# Subtest: config, environment, cwd, and executable changes invalidate discovery
ok 53 - config, environment, cwd, and executable changes invalidate discovery
  ---
  duration_ms: 1551.248458
  type: 'test'
  ...
# Subtest: expired or malformed records refresh and failed lookups are not cached
ok 54 - expired or malformed records refresh and failed lookups are not cached
  ---
  duration_ms: 1042.794875
  type: 'test'
  ...
# Subtest: disabled or unavailable cache falls back without changing discovery output
ok 55 - disabled or unavailable cache falls back without changing discovery output
  ---
  duration_ms: 959.851667
  type: 'test'
  ...
# Subtest: concurrent refreshes publish complete records and do not overwrite symlink targets
ok 56 - concurrent refreshes publish complete records and do not overwrite symlink targets
  ---
  duration_ms: 644.287291
  type: 'test'
  ...
# Subtest: task entry tolerates discovery failure with errexit enabled
ok 57 - task entry tolerates discovery failure with errexit enabled
  ---
  duration_ms: 298.484125
  type: 'test'
  ...
# Subtest: simultaneous cold and expired lookups share one successful refresh
ok 58 - simultaneous cold and expired lookups share one successful refresh # SKIP
  ---
  duration_ms: 0.421833
  type: 'test'
  ...
# Subtest: waiters with different configuration do not reuse another key
ok 59 - waiters with different configuration do not reuse another key # SKIP
  ---
  duration_ms: 0.062666
  type: 'test'
  ...
# Subtest: lock timeout falls back while a holder is still alive
ok 60 - lock timeout falls back while a holder is still alive # SKIP
  ---
  duration_ms: 0.094708
  type: 'test'
  ...
# Subtest: absent or unsupported flock and unsafe lock paths preserve discovery
ok 61 - absent or unsupported flock and unsafe lock paths preserve discovery
  ---
  duration_ms: 2767.51725
  type: 'test'
  ...
# Subtest: failed refresh releases lock and does not publish a success
ok 62 - failed refresh releases lock and does not publish a success
  ---
  duration_ms: 777.28675
  type: 'test'
  ...
# Subtest: refresh leaves the caller file descriptor and umask unchanged
ok 63 - refresh leaves the caller file descriptor and umask unchanged
  ---
  duration_ms: 1040.167625
  type: 'test'
  ...
# Subtest: container APM policy keeps worker isolation and can restore all inherited probes
ok 64 - container APM policy keeps worker isolation and can restore all inherited probes
  ---
  duration_ms: 3.283542
  type: 'test'
  ...
# Subtest: standalone PM2 monitoring stays enabled
ok 65 - standalone PM2 monitoring stays enabled
  ---
  duration_ms: 0.779458
  type: 'test'
  ...
# Subtest: termination accepts Linux exited state Z before PID reaping
ok 66 - termination accepts Linux exited state Z before PID reaping
  ---
  duration_ms: 34.29225
  type: 'test'
  ...
# Subtest: termination accepts Linux exited state X before PID reaping
ok 67 - termination accepts Linux exited state X before PID reaping
  ---
  duration_ms: 8.233375
  type: 'test'
  ...
# Subtest: termination accepts Linux exited state x before PID reaping
ok 68 - termination accepts Linux exited state x before PID reaping
  ---
  duration_ms: 11.602625
  type: 'test'
  ...
# Subtest: termination keeps waiting while the process is running
ok 69 - termination keeps waiting while the process is running
  ---
  duration_ms: 37.372958
  type: 'test'
  ...
# Subtest: a process disappearing during the procfs read is accepted
ok 70 - a process disappearing during the procfs read is accepted
  ---
  duration_ms: 21.760541
  type: 'test'
  ...
# Subtest: permission failures are not reported as successful termination
ok 71 - permission failures are not reported as successful termination
  ---
  duration_ms: 6.856708
  type: 'test'
  ...
# Subtest: rejects case variations under protected API namespaces
ok 72 - rejects case variations under protected API namespaces
  ---
  duration_ms: 1.045458
  type: 'test'
  ...
# Subtest: allows normalized protected paths and unrelated paths
ok 73 - allows normalized protected paths and unrelated paths
  ---
  duration_ms: 0.176917
  type: 'test'
  ...
# Subtest: ql log reads the requested system log history without PM2
ok 74 - ql log reads the requested system log history without PM2
  ---
  duration_ms: 20.362667
  type: 'test'
  ...
# Subtest: ql log follows the current Winston system log without PM2
ok 75 - ql log follows the current Winston system log without PM2
  ---
  duration_ms: 1122.731541
  type: 'test'
  ...
# Subtest: ql log reports when no persisted system log exists
ok 76 - ql log reports when no persisted system log exists
  ---
  duration_ms: 15.336
  type: 'test'
  ...
# Subtest: retention policy defaults to disabled and clamps invalid values
ok 77 - retention policy defaults to disabled and clamps invalid values
  ---
  duration_ms: 2.059416
  type: 'test'
  ...
# Subtest: directory preview counts files recursively and ignores symlinks
ok 78 - directory preview counts files recursively and ignores symlinks
  ---
  duration_ms: 9.758959
  type: 'test'
  ...
# Subtest: cleanup previews first, protects running instances, and uses explicit options
ok 79 - cleanup previews first, protects running instances, and uses explicit options
  ---
  duration_ms: 77.304208
  type: 'test'
  ...
# Subtest: schedule health check uses the HTTP health endpoint and system logs
    # Subtest: returns serving for a healthy prefixed HTTP service
    ok 1 - returns serving for a healthy prefixed HTTP service
      ---
      duration_ms: 29.824459
      type: 'test'
      ...
    # Subtest: reports recent system logs when HTTP startup fails
    ok 2 - reports recent system logs when HTTP startup fails
      ---
      duration_ms: 18.652333
      type: 'test'
      ...
    1..2
ok 80 - schedule health check uses the HTTP health endpoint and system logs
  ---
  duration_ms: 53.00925
  type: 'test'
  ...
# Subtest: scheduler lock survives nested file writes and releases after success
ok 81 - scheduler lock survives nested file writes and releases after success
  ---
  duration_ms: 57.808375
  type: 'test'
  ...
# Subtest: scheduler lock survives nested file writes and releases after failure
ok 82 - scheduler lock survives nested file writes and releases after failure
  ---
  duration_ms: 20.393916
  type: 'test'
  ...
# Subtest: recovery snapshot cannot overwrite concurrent create
ok 83 - recovery snapshot cannot overwrite concurrent create
  ---
  duration_ms: 548.247167
  type: 'test'
  ...
# Subtest: recovery snapshot cannot overwrite concurrent update
ok 84 - recovery snapshot cannot overwrite concurrent update
  ---
  duration_ms: 290.145042
  type: 'test'
  ...
# Subtest: recovery snapshot cannot overwrite concurrent remove
ok 85 - recovery snapshot cannot overwrite concurrent remove
  ---
  duration_ms: 297.573708
  type: 'test'
  ...
# Subtest: recovery snapshot cannot overwrite concurrent disabled
ok 86 - recovery snapshot cannot overwrite concurrent disabled
  ---
  duration_ms: 237.806792
  type: 'test'
  ...
# Subtest: recovery snapshot cannot overwrite concurrent enabled
ok 87 - recovery snapshot cannot overwrite concurrent enabled
  ---
  duration_ms: 278.041708
  type: 'test'
  ...
# Subtest: recovery waits for an admitted mutation to finish registration before reading the DB
ok 88 - recovery waits for an admitted mutation to finish registration before reading the DB
  ---
  duration_ms: 327.822416
  type: 'test'
  ...
# Subtest: create preserves scheduler 503 after rollback and releases its lock
ok 89 - create preserves scheduler 503 after rollback and releases its lock
  ---
  duration_ms: 156.379167
  type: 'test'
  ...
# Subtest: update preserves scheduler 503 after rollback and releases its lock
ok 90 - update preserves scheduler 503 after rollback and releases its lock
  ---
  duration_ms: 140.526375
  type: 'test'
  ...
# Subtest: enabled preserves scheduler 503 after rollback and releases its lock
ok 91 - enabled preserves scheduler 503 after rollback and releases its lock
  ---
  duration_ms: 210.772667
  type: 'test'
  ...
# Subtest: scheduler lock excludes a second OS process and leaves no lock after completion
ok 92 - scheduler lock excludes a second OS process and leaves no lock after completion
  ---
  duration_ms: 479.618417
  type: 'test'
  ...
# Subtest: update aborts on RPC 4 with deletion applied=false and reconciles the original DB
ok 93 - update aborts on RPC 4 with deletion applied=false and reconciles the original DB
  ---
  duration_ms: 116.296583
  type: 'test'
  ...
# Subtest: update aborts on RPC 4 with deletion applied=true and reconciles the original DB
ok 94 - update aborts on RPC 4 with deletion applied=true and reconciles the original DB
  ---
  duration_ms: 182.219625
  type: 'test'
  ...
# Subtest: update aborts on RPC 14 with deletion applied=false and reconciles the original DB
ok 95 - update aborts on RPC 14 with deletion applied=false and reconciles the original DB
  ---
  duration_ms: 269.889334
  type: 'test'
  ...
# Subtest: update aborts on RPC 14 with deletion applied=true and reconciles the original DB
ok 96 - update aborts on RPC 14 with deletion applied=true and reconciles the original DB
  ---
  duration_ms: 356.156625
  type: 'test'
  ...
# Subtest: remove aborts on RPC 4 with deletion applied=false and reconciles the original DB
ok 97 - remove aborts on RPC 4 with deletion applied=false and reconciles the original DB
  ---
  duration_ms: 225.302042
  type: 'test'
  ...
# Subtest: remove aborts on RPC 4 with deletion applied=true and reconciles the original DB
ok 98 - remove aborts on RPC 4 with deletion applied=true and reconciles the original DB
  ---
  duration_ms: 216.711667
  type: 'test'
  ...
# Subtest: remove aborts on RPC 14 with deletion applied=false and reconciles the original DB
ok 99 - remove aborts on RPC 14 with deletion applied=false and reconciles the original DB
  ---
  duration_ms: 268.351917
  type: 'test'
  ...
# Subtest: remove aborts on RPC 14 with deletion applied=true and reconciles the original DB
ok 100 - remove aborts on RPC 14 with deletion applied=true and reconciles the original DB
  ---
  duration_ms: 250.295958
  type: 'test'
  ...
# Subtest: disabled aborts on RPC 4 with deletion applied=false and reconciles the original DB
ok 101 - disabled aborts on RPC 4 with deletion applied=false and reconciles the original DB
  ---
  duration_ms: 211.44025
  type: 'test'
  ...
# Subtest: disabled aborts on RPC 4 with deletion applied=true and reconciles the original DB
ok 102 - disabled aborts on RPC 4 with deletion applied=true and reconciles the original DB
  ---
  duration_ms: 224.6895
  type: 'test'
  ...
# Subtest: disabled aborts on RPC 14 with deletion applied=false and reconciles the original DB
ok 103 - disabled aborts on RPC 14 with deletion applied=false and reconciles the original DB
  ---
  duration_ms: 206.984583
  type: 'test'
  ...
# Subtest: disabled aborts on RPC 14 with deletion applied=true and reconciles the original DB
ok 104 - disabled aborts on RPC 14 with deletion applied=true and reconciles the original DB
  ---
  duration_ms: 289.826708
  type: 'test'
  ...
# Subtest: configuration rollback cannot restore an obsolete manual queue token
ok 105 - configuration rollback cannot restore an obsolete manual queue token
  ---
  duration_ms: 303.558916
  type: 'test'
  ...
# Subtest: readiness stays false through failed restoration and retries without idle polling
ok 106 - readiness stays false through failed restoration and retries without idle polling
  ---
  duration_ms: 83.398291
  type: 'test'
  ...
# Subtest: single-flight recovery cannot mark an invalidated generation ready
ok 107 - single-flight recovery cannot mark an invalidated generation ready
  ---
  duration_ms: 33.923834
  type: 'test'
  ...
# Subtest: mutation waiting is bounded, a later recovery can succeed
ok 108 - mutation waiting is bounded, a later recovery can succeed
  ---
  duration_ms: 22.247375
  type: 'test'
  ...
# Subtest: probe failure immediately invalidates a previously ready scheduler
ok 109 - probe failure immediately invalidates a previously ready scheduler
  ---
  duration_ms: 43.848708
  type: 'test'
  ...
# Subtest: health uses actual readiness and returns HTTP 503 until recovery
ok 110 - health uses actual readiness and returns HTTP 503 until recovery
  ---
  duration_ms: 153.882917
  type: 'test'
  ...
# Subtest: recovery registration errors propagate while ordinary autosave retains file synchronization
ok 111 - recovery registration errors propagate while ordinary autosave retains file synchronization
  ---
  duration_ms: 8.009334
  type: 'test'
  ...
# Subtest: scheduler probe uses the cron channel and failed writes are not replayed
ok 112 - scheduler probe uses the cron channel and failed writes are not replayed
  ---
  duration_ms: 148.964583
  type: 'test'
  ...
# Subtest: scheduler health probe never calls back into HTTP health
ok 113 - scheduler health probe never calls back into HTTP health
  ---
  duration_ms: 14.489458
  type: 'test'
  ...
# Subtest: recovery reconciles a surviving scheduler after missed deletes and disables, including an empty DB
ok 114 - recovery reconciles a surviving scheduler after missed deletes and disables, including an empty DB
  ---
  duration_ms: 22.142333
  type: 'test'
  ...
# Subtest: invalid replacement leaves the previous schedule intact
ok 115 - invalid replacement leaves the previous schedule intact
  ---
  duration_ms: 15.861166
  type: 'test'
  ...
# Subtest: pre-RPC channel failures invalidate readiness and return 503 without executing or replaying writes
ok 116 - pre-RPC channel failures invalidate readiness and return 503 without executing or replaying writes
  ---
  duration_ms: 102.172917
  type: 'test'
  ...
# Subtest: addCron invalidates an uncertain timed-out write without replaying it
ok 117 - addCron invalidates an uncertain timed-out write without replaying it
  ---
  duration_ms: 87.632958
  type: 'test'
  ...
# Subtest: delCron invalidates an uncertain timed-out write without replaying it
ok 118 - delCron invalidates an uncertain timed-out write without replaying it
  ---
  duration_ms: 72.729125
  type: 'test'
  ...
# Subtest: valid token cache is read with one jq and reused without generation
ok 119 - valid token cache is read with one jq and reused without generation
  ---
  duration_ms: 1018.958375
  type: 'test'
  ...
# Subtest: expired, corrupt, missing or header-unsafe token cache refreshes under errexit
ok 120 - expired, corrupt, missing or header-unsafe token cache refreshes under errexit
  ---
  duration_ms: 742.025375
  type: 'test'
  ...
# Subtest: success with a message still parses once and stays silent
ok 121 - success with a message still parses once and stays silent
  ---
  duration_ms: 260.88625
  type: 'test'
  ...
# Subtest: status and statistics errors preserve multiline Unicode messages
ok 122 - status and statistics errors preserve multiline Unicode messages
  ---
  duration_ms: 421.248833
  type: 'test'
  ...
# Subtest: non-JSON errors fall back to raw text and absent messages retain legacy null
ok 123 - non-JSON errors fall back to raw text and absent messages retain legacy null
  ---
  duration_ms: 848.654708
  type: 'test'
  ...
# Subtest: statistics without a task id perform no JSON parsing
ok 124 - statistics without a task id perform no JSON parsing
  ---
  duration_ms: 5.938584
  type: 'test'
  ...
# Subtest: canonical success resets prior errors and matches jq missing-message semantics
ok 125 - canonical success resets prior errors and matches jq missing-message semantics
  ---
  duration_ms: 15.829834
  type: 'test'
  ...
# Subtest: noncanonical JSON always uses jq, including whitespace, duplicate keys and embedded success text
ok 126 - noncanonical JSON always uses jq, including whitespace, duplicate keys and embedded success text
  ---
  duration_ms: 783.59525
  type: 'test'
  ...
# Subtest: success-shaped invalid documents retain the raw-response error fallback
ok 127 - success-shaped invalid documents retain the raw-response error fallback
  ---
  duration_ms: 295.16025
  type: 'test'
  ...
# Subtest: WebSocket connections reject expired tokens and close when sessions are revoked
ok 128 - WebSocket connections reject expired tokens and close when sessions are revoked
  ---
  duration_ms: 1042.991334
  type: 'test'
  ...
# Subtest: subscription becomes idle and closes its log even when completion logging fails
ok 129 - subscription becomes idle and closes its log even when completion logging fails
  ---
  duration_ms: 702.936042
  type: 'test'
  ...
# Subtest: clearing a dependency cache marks installed entries for reinstall
ok 130 - clearing a dependency cache marks installed entries for reinstall
  ---
  duration_ms: 214.001208
  type: 'test'
  ...
# Subtest: Linux task timestamps share a snapshot and retain millisecond log names across midnight
ok 131 - Linux task timestamps share a snapshot and retain millisecond log names across midnight
  ---
  duration_ms: 25.40725
  type: 'test'
  ...
# Subtest: explicit log paths and output mode remain intact
ok 132 - explicit log paths and output mode remain intact
  ---
  duration_ms: 9.743375
  type: 'test'
  ...
# Subtest: task failure keeps exit code and minimum one-second runtime
ok 133 - task failure keeps exit code and minimum one-second runtime
  ---
  duration_ms: 17.310708
  type: 'test'
  ...
# Subtest: manual stop retains stopped message and exit status reporting
ok 134 - manual stop retains stopped message and exit status reporting
  ---
  duration_ms: 10.687541
  type: 'test'
  ...
# Subtest: macos keeps legacy time conversion helpers
ok 135 - macos keeps legacy time conversion helpers
  ---
  duration_ms: 21.19825
  type: 'test'
  ...
# Subtest: custom keeps legacy time conversion helpers
ok 136 - custom keeps legacy time conversion helpers
  ---
  duration_ms: 14.8475
  type: 'test'
  ...
# Subtest: initialization returns the username and password validation result
ok 137 - initialization returns the username and password validation result
  ---
  duration_ms: 220.159209
  type: 'test'
  ...
# Subtest: initialization checks state inside a serialized mutation
ok 138 - initialization checks state inside a serialized mutation
  ---
  duration_ms: 204.086875
  type: 'test'
  ...
# Subtest: password change revokes sessions and closes connected clients
ok 139 - password change revokes sessions and closes connected clients
  ---
  duration_ms: 270.377584
  type: 'test'
  ...
# Subtest: a concurrent old-password login cannot restore a session after reset
ok 140 - a concurrent old-password login cannot restore a session after reset
  ---
  duration_ms: 275.872083
  type: 'test'
  ...
# Subtest: plaintext passwords are rejected without conversion
ok 141 - plaintext passwords are rejected without conversion
  ---
  duration_ms: 112.2235
  type: 'test'
  ...
# Subtest: TOTP failures are counted serially and further attempts are throttled
ok 142 - TOTP failures are counted serially and further attempts are throttled
  ---
  duration_ms: 255.85525
  type: 'test'
  ...
# Subtest: TOTP challenge expires and valid codes cannot be reused in the same step
ok 143 - TOTP challenge expires and valid codes cannot be reused in the same step
  ---
  duration_ms: 313.013792
  type: 'test'
  ...
# Subtest: active two-factor secret cannot be silently replaced and disabling revokes sessions
ok 144 - active two-factor secret cannot be silently replaced and disabling revokes sessions
  ---
  duration_ms: 77.060167
  type: 'test'
  ...
# Subtest: unknown default credentials do not grant fresh initialization
ok 145 - unknown default credentials do not grant fresh initialization
  ---
  duration_ms: 47.436708
  type: 'test'
  ...
# Subtest: PM2-managed primary disables only inherited worker APM and keeps worker metadata
ok 146 - PM2-managed primary disables only inherited worker APM and keeps worker metadata
  ---
  duration_ms: 3.277041
  type: 'test'
  ...
# Subtest: worker APM opt-in restores inherited PM2 settings, including explicit disable
ok 147 - worker APM opt-in restores inherited PM2 settings, including explicit disable
  ---
  duration_ms: 0.764917
  type: 'test'
  ...
# Subtest: standalone startup does not introduce a PM2-specific override
ok 148 - standalone startup does not introduce a PM2-specific override
  ---
  duration_ms: 0.326
  type: 'test'
  ...
# Subtest: replacement workers receive the same monitoring policy
ok 149 - replacement workers receive the same monitoring policy
  ---
  duration_ms: 0.41075
  type: 'test'
  ...
# Subtest: WPUSH survives protobuf and JSON round trips without changing existing modes
ok 150 - WPUSH survives protobuf and JSON round trips without changing existing modes
  ---
  duration_ms: 3.073459
  type: 'test'
  ...
# Subtest: decoded SystemNotify requests reach WPUSH with explicit or saved configuration
ok 151 - decoded SystemNotify requests reach WPUSH with explicit or saved configuration
  ---
  duration_ms: 269.419709
  type: 'test'
  ...
# Subtest: validation errors include the failing field names
ok 152 - validation errors include the failing field names
  ---
  duration_ms: 0.83825
  type: 'test'
  ...
# Subtest: existing API error details remain visible
ok 153 - existing API error details remain visible
  ---
  duration_ms: 0.090417
  type: 'test'
  ...
# Subtest: Git resource HTTP boundary never reflects submitted secrets or internal errors; routes are read/write specific
ok 154 - Git resource HTTP boundary never reflects submitted secrets or internal errors; routes are read/write specific
  ---
  duration_ms: 314.95025
  type: 'test'
  ...
# Subtest: same GitHub identity: https://github.com/anysoft/test.git
ok 155 - same GitHub identity: https://github.com/anysoft/test.git
  ---
  duration_ms: 0.905209
  type: 'test'
  ...
# Subtest: same GitHub identity: https://GITHUB.COM/anysoft/test
ok 156 - same GitHub identity: https://GITHUB.COM/anysoft/test
  ---
  duration_ms: 0.174625
  type: 'test'
  ...
# Subtest: same GitHub identity: git@github.com:anysoft/test.git
ok 157 - same GitHub identity: git@github.com:anysoft/test.git
  ---
  duration_ms: 0.081125
  type: 'test'
  ...
# Subtest: same GitHub identity: ssh://git@github.com/anysoft/test.git
ok 158 - same GitHub identity: ssh://git@github.com/anysoft/test.git
  ---
  duration_ms: 0.070292
  type: 'test'
  ...
# Subtest: provider neutral nested identity: gitlab.com
ok 159 - provider neutral nested identity: gitlab.com
  ---
  duration_ms: 0.143583
  type: 'test'
  ...
# Subtest: provider neutral nested identity: gitee.com
ok 160 - provider neutral nested identity: gitee.com
  ---
  duration_ms: 0.0575
  type: 'test'
  ...
# Subtest: provider neutral nested identity: git.example.internal
ok 161 - provider neutral nested identity: git.example.internal
  ---
  duration_ms: 0.102541
  type: 'test'
  ...
# Subtest: generic paths remain case sensitive and nondefault ports distinct
ok 162 - generic paths remain case sensitive and nondefault ports distinct
  ---
  duration_ms: 0.182834
  type: 'test'
  ...
# Subtest: reject unsafe or credentialized URL without reflecting input
ok 163 - reject unsafe or credentialized URL without reflecting input
  ---
  duration_ms: 0.461542
  type: 'test'
  ...
# Subtest: reject unsafe or credentialized URL without reflecting input
ok 164 - reject unsafe or credentialized URL without reflecting input
  ---
  duration_ms: 0.337375
  type: 'test'
  ...
# Subtest: reject unsafe or credentialized URL without reflecting input
ok 165 - reject unsafe or credentialized URL without reflecting input
  ---
  duration_ms: 0.110584
  type: 'test'
  ...
# Subtest: reject unsafe or credentialized URL without reflecting input
ok 166 - reject unsafe or credentialized URL without reflecting input
  ---
  duration_ms: 0.048834
  type: 'test'
  ...
# Subtest: reject unsafe or credentialized URL without reflecting input
ok 167 - reject unsafe or credentialized URL without reflecting input
  ---
  duration_ms: 0.045417
  type: 'test'
  ...
# Subtest: reject unsafe or credentialized URL without reflecting input
ok 168 - reject unsafe or credentialized URL without reflecting input
  ---
  duration_ms: 0.033709
  type: 'test'
  ...
# Subtest: reject unsafe or credentialized URL without reflecting input
ok 169 - reject unsafe or credentialized URL without reflecting input
  ---
  duration_ms: 0.032792
  type: 'test'
  ...
# Subtest: redacts split output, authorization, URL, private material and encoded secrets
ok 170 - redacts split output, authorization, URL, private material and encoded secrets
  ---
  duration_ms: 105.396916
  type: 'test'
  ...
# Subtest: concurrent HTTPS contexts have private immutable snapshots and idempotent cleanup
ok 171 - concurrent HTTPS contexts have private immutable snapshots and idempotent cleanup
  ---
  duration_ms: 817.004834
  type: 'test'
  ...
# Subtest: SSH contexts isolate keys and require verified known_hosts
ok 172 - SSH contexts isolate keys and require verified known_hosts
  ---
  duration_ms: 7.747667
  type: 'test'
  ...
# Subtest: disabled, missing, wrong transport and READ push fail closed
ok 173 - disabled, missing, wrong transport and READ push fail closed
  ---
  duration_ms: 2.304084
  type: 'test'
  ...
# Subtest: bounded output cannot leak a partial secret at truncation boundary; timeout terminates
ok 174 - bounded output cannot leak a partial secret at truncation boundary; timeout terminates
  ---
  duration_ms: 120.730542
  type: 'test'
  ...
# Subtest: timeout terminates a child process group before credential cleanup
ok 175 - timeout terminates a child process group before credential cleanup
  ---
  duration_ms: 159.362042
  type: 'test'
  ...
# Subtest: manual, scheduler and protected system-cron launcher share canonical Config/Hooks results
ok 176 - manual, scheduler and protected system-cron launcher share canonical Config/Hooks results
  ---
  duration_ms: 7306.046167
  type: 'test'
  ...
# Subtest: durable cancellation cannot overwrite a completed run or affect a newer run
ok 177 - durable cancellation cannot overwrite a completed run or affect a newer run
  ---
  duration_ms: 3418.553833
  type: 'test'
  ...
# Subtest: native shell argv, direct Worktree cwd, immutable resolver, no host secrets
ok 178 - native shell argv, direct Worktree cwd, immutable resolver, no host secrets
  ---
  duration_ms: 3803.412083
  type: 'test'
  ...
# Subtest: real exit 124 is FAILED, supervisor timeout is TIMEOUT, cancellation is CANCELLED
ok 179 - real exit 124 is FAILED, supervisor timeout is TIMEOUT, cancellation is CANCELLED
  ---
  duration_ms: 5190.604208
  type: 'test'
  ...
# Subtest: FORBID persists skipped submission, QUEUE is FIFO, queued cancel never spawns
ok 180 - FORBID persists skipped submission, QUEUE is FIFO, queued cancel never spawns
  ---
  duration_ms: 4395.033541
  type: 'test'
  ...
# Subtest: retry attempts freeze scoped ENV and settings; each BEFORE patch starts from snapshot
ok 181 - retry attempts freeze scoped ENV and settings; each BEFORE patch starts from snapshot
  ---
  duration_ms: 3649.577958
  type: 'test'
  ...
# Subtest: BEFORE generated secret is redacted before buffered output and MAIN, FINALLY runs
ok 182 - BEFORE generated secret is redacted before buffered output and MAIN, FINALLY runs
  ---
  duration_ms: 2900.503167
  type: 'test'
  ...
# Subtest: retry resets BEFORE patches, freezes Config and Hooks, keeps run-wide secrets, removes private Hook files
ok 183 - retry resets BEFORE patches, freezes Config and Hooks, keeps run-wide secrets, removes private Hook files
  ---
  duration_ms: 5471.271792
  type: 'test'
  ...
# Subtest: invalid Hook output never retries; FINALLY executes and private files are removed
ok 184 - invalid Hook output never retries; FINALLY executes and private files are removed
  ---
  duration_ms: 2816.424916
  type: 'test'
  ...
# Subtest: pre-resolution, skipped and queued cancelled runs persist canonical results
ok 185 - pre-resolution, skipped and queued cancelled runs persist canonical results
  ---
  duration_ms: 2387.818375
  type: 'test'
  ...
# Subtest: node binding rejects imported sibling module trees and preserves unknown replacement on recovery
ok 186 - node binding rejects imported sibling module trees and preserves unknown replacement on recovery
  ---
  duration_ms: 1788.738792
  type: 'test'
  ...
# Subtest: private cleanup fails closed on unknown file and preserves that file
ok 187 - private cleanup fails closed on unknown file and preserves that file
  ---
  duration_ms: 1684.573084
  type: 'test'
  ...
# Subtest: notification observes durable final result exactly once; delivery failure is secondary
ok 188 - notification observes durable final result exactly once; delivery failure is secondary
  ---
  duration_ms: 2362.44375
  type: 'test'
  ...
# Subtest: large UTF-8 per-run logs drain all bytes and tail without split-codepoint replacement
ok 189 - large UTF-8 per-run logs drain all bytes and tail without split-codepoint replacement
  ---
  duration_ms: 1966.284791
  type: 'test'
  ...
# Subtest: graceful shutdown waits for an in-flight claim and cancels its new owner
ok 190 - graceful shutdown waits for an in-flight claim and cancels its new owner
  ---
  duration_ms: 1904.664791
  type: 'test'
  ...
# Subtest: EXPONENTIAL retry executes three total attempts with 1s then 2s backoff
ok 191 - EXPONENTIAL retry executes three total attempts with 1s then 2s backoff
  ---
  duration_ms: 7872.6975
  type: 'test'
  ...
# Subtest: ALLOW preserves same-task submissions while independent Worktrees execute concurrently
ok 192 - ALLOW preserves same-task submissions while independent Worktrees execute concurrently
  ---
  duration_ms: 3838.0185
  type: 'test'
  ...
# Subtest: SIGKILL recovery waits for inherited ownership, reaps descendants and restores Config; queued run survives
ok 193 - SIGKILL recovery waits for inherited ownership, reaps descendants and restores Config; queued run survives
  ---
  duration_ms: 6386.459834
  type: 'test'
  ...
# Subtest: two independent dispatchers atomically claim one queued run
ok 194 - two independent dispatchers atomically claim one queued run
  ---
  duration_ms: 6893.255833
  type: 'test'
  ...
# Subtest: cleanup conflict preserves unexpected file and backup, preventing SUCCESS
ok 195 - cleanup conflict preserves unexpected file and backup, preventing SUCCESS
  ---
  duration_ms: 2134.787041
  type: 'test'
  ...
# Subtest: backoff cancellation is prompt and keeps original workspace locked until cleanup
ok 196 - backoff cancellation is prompt and keeps original workspace locked until cleanup
  ---
  duration_ms: 2417.019542
  type: 'test'
  ...
# Subtest: actual frozen v6 upgrades to identical fresh latest schema and restarts without schema mutation
ok 197 - actual frozen v6 upgrades to identical fresh latest schema and restarts without schema mutation
  ---
  duration_ms: 2791.170166
  type: 'test'
  ...
# Subtest: v6 late DDL failure preserves Task and secret rows, then retries
ok 198 - v6 late DDL failure preserves Task and secret rows, then retries
  ---
  duration_ms: 935.406833
  type: 'test'
  ...
# Subtest: v6 tampered schema fails closed before v7 DDL
ok 199 - v6 tampered schema fails closed before v7 DDL
  ---
  duration_ms: 613.650084
  type: 'test'
  ...
# Subtest: durable run and attempt constraints preserve history and protect active task
ok 200 - durable run and attempt constraints preserve history and protect active task
  ---
  duration_ms: 747.123959
  type: 'test'
  ...
# Subtest: Installed parser accepts five/six fields and aliases, validates zones, deterministic DST
ok 201 - Installed parser accepts five/six fields and aliases, validates zones, deterministic DST
  ---
  duration_ms: 101.139375
  type: 'test'
  ...
# Subtest: Relative glob rejects escaping and matches nested paths without regex injection
ok 202 - Relative glob rejects escaping and matches nested paths without regex injection
  ---
  duration_ms: 0.333208
  type: 'test'
  ...
# Subtest: Discovery preview read-only, ownership overrides and source retirement
ok 203 - Discovery preview read-only, ownership overrides and source retirement
  ---
  duration_ms: 3228.471125
  type: 'test'
  ...
# [Managed] REPOSITORY_FETCH subscription=1
# [Managed] WORKTREE_ENSURE subscription=1
# [Managed] WORKTREE_UPDATE subscription=1
# [Managed] worktree=1 commit=8840fcd8d8e0bafdaf0a3782dbd27a8e89ae24b4 -> 8840fcd8d8e0bafdaf0a3782dbd27a8e89ae24b4
# [Managed] DISCOVERY subscription=1
# [Managed] GIT_UPDATE_TRIGGERS subscription=1
# [Managed] REPOSITORY_FETCH subscription=1
# [Managed] WORKTREE_ENSURE subscription=1
# [Managed] WORKTREE_UPDATE subscription=1
# [Managed] worktree=1 commit=8840fcd8d8e0bafdaf0a3782dbd27a8e89ae24b4 -> 8840fcd8d8e0bafdaf0a3782dbd27a8e89ae24b4
# [Managed] DISCOVERY subscription=1
# [Managed] GIT_UPDATE_TRIGGERS subscription=1
# [Managed] REPOSITORY_FETCH subscription=1
# [Managed] WORKTREE_ENSURE subscription=1
# [Managed] WORKTREE_UPDATE subscription=1
# [Managed] worktree=1 commit=8840fcd8d8e0bafdaf0a3782dbd27a8e89ae24b4 -> 4544ef55c22aba64eb0dacfb0e627fe4a838b882
# [Managed] DISCOVERY subscription=1
# [Managed] GIT_UPDATE_TRIGGERS subscription=1
# [Managed] REPOSITORY_FETCH subscription=1
# [Managed] WORKTREE_ENSURE subscription=1
# [Managed] WORKTREE_UPDATE subscription=1
# [Managed] worktree=1 commit=4544ef55c22aba64eb0dacfb0e627fe4a838b882 -> 4544ef55c22aba64eb0dacfb0e627fe4a838b882
# [Managed] DISCOVERY subscription=1
# [Managed] GIT_UPDATE_TRIGGERS subscription=1
# [Managed] REPOSITORY_FETCH subscription=1
# [Managed] WORKTREE_ENSURE subscription=1
# [Managed] WORKTREE_UPDATE subscription=1
# [Managed] worktree=1 commit=4544ef55c22aba64eb0dacfb0e627fe4a838b882 -> 4372a79fbab2cacca362129c6e85841df4c602a8
# [Managed] DISCOVERY subscription=1
# [Managed] GIT_UPDATE_TRIGGERS subscription=1
# Subtest: Real Git fetch/update -> discovery -> typed Git events, dedup and source filters
ok 204 - Real Git fetch/update -> discovery -> typed Git events, dedup and source filters
  ---
  duration_ms: 24507.441208
  type: 'test'
  ...
# [Managed] REPOSITORY_FETCH subscription=1
# [Managed] WORKTREE_ENSURE subscription=1
# [Managed] WORKTREE_UPDATE subscription=1
# [Managed] worktree=1 commit=533dec80fc99f4186b9f869b866e1eb2e8e0ffcc -> 533dec80fc99f4186b9f869b866e1eb2e8e0ffcc
# [Managed] DISCOVERY subscription=1
# [Managed] GIT_UPDATE_TRIGGERS subscription=1
# [Managed] REPOSITORY_FETCH subscription=1
# [Managed] WORKTREE_ENSURE subscription=1
# [Managed] WORKTREE_ENSURE: WORKTREE_DIRTY
# Subtest: Real Git dirty refuses sync and preserves Task definition
ok 205 - Real Git dirty refuses sync and preserves Task definition
  ---
  duration_ms: 9686.214959
  type: 'test'
  ...
# [Managed] REPOSITORY_FETCH subscription=1
# [Managed] WORKTREE_ENSURE subscription=1
# [Managed] WORKTREE_UPDATE subscription=1
# [Managed] worktree=1 commit=a391f482a3929123c75e1dff1efb872474f23d60 -> a391f482a3929123c75e1dff1efb872474f23d60
# [Managed] DISCOVERY subscription=1
# [Managed] GIT_UPDATE_TRIGGERS subscription=1
# [Managed] REPOSITORY_FETCH subscription=1
# [Managed] WORKTREE_ENSURE subscription=1
# [Managed] WORKTREE_ENSURE: WORKTREE_DIRTY
# Subtest: Real Git untracked refuses sync and preserves Task definition
ok 206 - Real Git untracked refuses sync and preserves Task definition
  ---
  duration_ms: 8656.915125
  type: 'test'
  ...
# [Managed] REPOSITORY_FETCH subscription=1
# [Managed] WORKTREE_ENSURE subscription=1
# [Managed] WORKTREE_UPDATE subscription=1
# [Managed] worktree=1 commit=5ee742e8948a8cf8050bc9ca18a99e41c6aab561 -> 5ee742e8948a8cf8050bc9ca18a99e41c6aab561
# [Managed] DISCOVERY subscription=1
# [Managed] GIT_UPDATE_TRIGGERS subscription=1
# [Managed] REPOSITORY_FETCH subscription=1
# [Managed] WORKTREE_ENSURE subscription=1
# [Managed] WORKTREE_ENSURE: WORKTREE_LOCAL_COMMITS
# Subtest: Real Git ahead refuses sync and preserves Task definition
ok 207 - Real Git ahead refuses sync and preserves Task definition
  ---
  duration_ms: 9535.262916
  type: 'test'
  ...
# [Managed] REPOSITORY_FETCH subscription=1
# [Managed] WORKTREE_ENSURE subscription=1
# [Managed] WORKTREE_UPDATE subscription=1
# [Managed] worktree=1 commit=2d98d9d964b80183eb6cfc12d457724efc8f2cfc -> 2d98d9d964b80183eb6cfc12d457724efc8f2cfc
# [Managed] DISCOVERY subscription=1
# [Managed] GIT_UPDATE_TRIGGERS subscription=1
# [Managed] REPOSITORY_FETCH subscription=1
# [Managed] WORKTREE_ENSURE subscription=1
# [Managed] WORKTREE_ENSURE: WORKTREE_MISSING
# Subtest: Real Git missing refuses sync and preserves Task definition
ok 208 - Real Git missing refuses sync and preserves Task definition
  ---
  duration_ms: 12111.8415
  type: 'test'
  ...
# [Managed] REPOSITORY_FETCH subscription=1
# [Managed] WORKTREE_ENSURE subscription=1
# [Managed] WORKTREE_UPDATE subscription=1
# [Managed] worktree=1 commit=6615ebd36e0895148d7022c7cda9ea3f237ecf65 -> 6615ebd36e0895148d7022c7cda9ea3f237ecf65
# [Managed] DISCOVERY subscription=1
# [Managed] GIT_UPDATE_TRIGGERS subscription=1
# [Managed] REPOSITORY_FETCH subscription=1
# [Managed] WORKTREE_ENSURE subscription=1
# [Managed] WORKTREE_ENSURE: WORKTREE_STALE
# Subtest: Real Git detached refuses sync and preserves Task definition
ok 209 - Real Git detached refuses sync and preserves Task definition
  ---
  duration_ms: 5291.110833
  type: 'test'
  ...
# [Managed] REPOSITORY_FETCH subscription=1
# [Managed] WORKTREE_ENSURE subscription=1
# [Managed] WORKTREE_UPDATE subscription=1
# [Managed] worktree=1 commit=8c9a39c82b46c07f9ce2667d95752c0f5e7f19fd -> 8c9a39c82b46c07f9ce2667d95752c0f5e7f19fd
# [Managed] DISCOVERY subscription=1
# [Managed] GIT_UPDATE_TRIGGERS subscription=1
# [Managed] REPOSITORY_FETCH subscription=1
# [Managed] WORKTREE_ENSURE subscription=1
# [Managed] WORKTREE_UPDATE subscription=1
# [Managed] worktree=1 commit=8c9a39c82b46c07f9ce2667d95752c0f5e7f19fd -> e944a85e58919bc1ec0e27b6399e0e4a03a799da
# [Managed] DISCOVERY subscription=1
# [Managed] DISCOVERY: SUBSCRIPTION_SYNC_FAILED
# [Managed] REPOSITORY_FETCH subscription=1
# [Managed] WORKTREE_ENSURE subscription=1
# [Managed] WORKTREE_UPDATE subscription=1
# [Managed] worktree=1 commit=e944a85e58919bc1ec0e27b6399e0e4a03a799da -> e944a85e58919bc1ec0e27b6399e0e4a03a799da
# [Managed] DISCOVERY subscription=1
# [Managed] GIT_UPDATE_TRIGGERS subscription=1
# Subtest: Discovery failure leaves successful Git update recoverable at same commit
ok 210 - Discovery failure leaves successful Git update recoverable at same commit
  ---
  duration_ms: 7823.321458
  type: 'test'
  ...
# [Managed] REPOSITORY_FETCH subscription=1
# [Managed] WORKTREE_ENSURE subscription=1
# [Managed] WORKTREE_UPDATE subscription=1
# [Managed] worktree=1 commit=50a61f6cbf23a91e21304d311738153867ea6b82 -> 50a61f6cbf23a91e21304d311738153867ea6b82
# [Managed] DISCOVERY subscription=1
# [Managed] GIT_UPDATE_TRIGGERS subscription=1
# [Managed] REPOSITORY_FETCH subscription=1
# [Managed] WORKTREE_ENSURE subscription=1
# [Managed] WORKTREE_ENSURE: REF_NOT_FOUND
# Subtest: branch deleted stops before Discovery and Git triggers
ok 211 - branch deleted stops before Discovery and Git triggers
  ---
  duration_ms: 5220.4605
  type: 'test'
  ...
# [Managed] REPOSITORY_FETCH subscription=1
# [Managed] WORKTREE_ENSURE subscription=1
# [Managed] WORKTREE_UPDATE subscription=1
# [Managed] worktree=1 commit=9689f6ee5c336ed82594dfc94bb9f35efbc67c11 -> 9689f6ee5c336ed82594dfc94bb9f35efbc67c11
# [Managed] DISCOVERY subscription=1
# [Managed] GIT_UPDATE_TRIGGERS subscription=1
# [Managed] REPOSITORY_FETCH subscription=1
# [Managed] WORKTREE_ENSURE subscription=1
# [Managed] WORKTREE_ENSURE: WORKTREE_DIVERGED
# Subtest: force push stops before Discovery and Git triggers
ok 212 - force push stops before Discovery and Git triggers
  ---
  duration_ms: 5378.234959
  type: 'test'
  ...
# [Managed] REPOSITORY_FETCH subscription=1
# [Managed] WORKTREE_ENSURE subscription=1
# [Managed] WORKTREE_UPDATE subscription=1
# [Managed] worktree=1 commit=01e769d74e7c873c1f3e277e52b6a90b9ca28e4a -> 01e769d74e7c873c1f3e277e52b6a90b9ca28e4a
# [Managed] DISCOVERY subscription=1
# [Managed] GIT_UPDATE_TRIGGERS subscription=1
# [Managed] REPOSITORY_FETCH subscription=1
# [Managed] REPOSITORY_FETCH: REPOSITORY_NOT_INITIALIZED
# Subtest: storage missing stops before Discovery and Git triggers
ok 213 - storage missing stops before Discovery and Git triggers
  ---
  duration_ms: 4248.074
  type: 'test'
  ...
# [Managed] REPOSITORY_FETCH subscription=1
# [Managed] WORKTREE_ENSURE subscription=1
# [Managed] WORKTREE_UPDATE subscription=1
# [Managed] worktree=1 commit=c1f59d69512df73973d4132ce48e5ef8b204a384 -> c1f59d69512df73973d4132ce48e5ef8b204a384
# [Managed] DISCOVERY subscription=1
# [Managed] GIT_UPDATE_TRIGGERS subscription=1
# [Managed] REPOSITORY_FETCH subscription=1
# [Managed] REPOSITORY_FETCH: SUBSCRIPTION_SYNC_FAILED
# Subtest: disabled credential stops before Discovery and Git triggers
ok 214 - disabled credential stops before Discovery and Git triggers
  ---
  duration_ms: 3979.882
  type: 'test'
  ...
# [Managed] REPOSITORY_FETCH subscription=1
# [Managed] WORKTREE_ENSURE subscription=1
# [Managed] WORKTREE_UPDATE subscription=1
# [Managed] worktree=1 commit=8f9e15c8dcb802ed3fd02455e623cf81c6ea827e -> 8f9e15c8dcb802ed3fd02455e623cf81c6ea827e
# [Managed] DISCOVERY subscription=1
# [Managed] GIT_UPDATE_TRIGGERS subscription=1
# [Managed] REPOSITORY_FETCH subscription=1
# [Managed] WORKTREE_ENSURE subscription=1
# [Managed] WORKTREE_UPDATE subscription=1
# [Managed] worktree=1 commit=8f9e15c8dcb802ed3fd02455e623cf81c6ea827e -> 7d9c1163a2cc6822f73b77914cd78ab74080a001
# [Managed] DISCOVERY subscription=1
# [Managed] GIT_UPDATE_TRIGGERS subscription=1
# Subtest: Managed leases block overlapping sync, update and binding; symlink is ignored
ok 215 - Managed leases block overlapping sync, update and binding; symlink is ignored
  ---
  duration_ms: 6955.315459
  type: 'test'
  ...
# [Managed] REPOSITORY_FETCH subscription=1
# [Managed] WORKTREE_ENSURE subscription=1
# [Managed] WORKTREE_UPDATE subscription=1
# [Managed] worktree=1 commit=ad88747074a13d4bdecbbdcb8a09d1b19788ee84 -> ad88747074a13d4bdecbbdcb8a09d1b19788ee84
# [Managed] DISCOVERY subscription=1
# [Managed] GIT_UPDATE_TRIGGERS subscription=1
# [Managed] REPOSITORY_FETCH subscription=1
# [Managed] WORKTREE_ENSURE subscription=1
# [Managed] WORKTREE_UPDATE subscription=1
# [Managed] worktree=2 commit=ad88747074a13d4bdecbbdcb8a09d1b19788ee84 -> ad88747074a13d4bdecbbdcb8a09d1b19788ee84
# [Managed] DISCOVERY subscription=1
# [Managed] GIT_UPDATE_TRIGGERS subscription=1
# Subtest: Branch rebinding updates discovered source while retaining old Worktree
ok 216 - Branch rebinding updates discovered source while retaining old Worktree
  ---
  duration_ms: 7107.22425
  type: 'test'
  ...
# Subtest: Actual SIGKILL before-link recovers one TaskRun
ok 217 - Actual SIGKILL before-link recovers one TaskRun
  ---
  duration_ms: 5619.104333
  type: 'test'
  ...
# Subtest: Actual SIGKILL after-commit recovers one TaskRun
ok 218 - Actual SIGKILL after-commit recovers one TaskRun
  ---
  duration_ms: 3929.548042
  type: 'test'
  ...
# {"discovery_files":5000,"queries":40,"duration_ms":20222}
# Subtest: 5000 files discovery batches database writes and preview is deterministic
ok 219 - 5000 files discovery batches database writes and preview is deterministic
  ---
  duration_ms: 43178.666
  type: 'test'
  ...
# {"cron_triggers":5000,"timers":1,"query_plan":[{"id":5,"parent":0,"notused":0,"detail":"SEARCH CronTriggers USING INDEX cron_triggers_next_fire_at_trigger_id (next_fire_at<?)"}]}
# Subtest: 5000 cron definitions use indexed due query and one shared scheduler timer
ok 220 - 5000 cron definitions use indexed due query and one shared scheduler timer
  ---
  duration_ms: 1426.781375
  type: 'test'
  ...
# Subtest: Frozen v7 upgrades transactionally to identical fresh v8, retry after rollback
ok 221 - Frozen v7 upgrades transactionally to identical fresh v8, retry after rollback
  ---
  duration_ms: 2682.790666
  type: 'test'
  ...
# Subtest: Trigger schema fresh, typed configurations, webhook hash and rotation
ok 222 - Trigger schema fresh, typed configurations, webhook hash and rotation
  ---
  duration_ms: 2786.0865
  type: 'test'
  ...
# Subtest: Event durable dedup, atomic submit/link, disabled skip, real execution
ok 223 - Event durable dedup, atomic submit/link, disabled skip, real execution
  ---
  duration_ms: 2636.360375
  type: 'test'
  ...
# Subtest: Clock scheduler misfire SKIP and FIRE_ONCE, restart identity
ok 224 - Clock scheduler misfire SKIP and FIRE_ONCE, restart identity
  ---
  duration_ms: 1332.153875
  type: 'test'
  ...
# Subtest: Clone regenerates webhook credentials; deleted trigger and Task preserve event history
ok 225 - Clone regenerates webhook credentials; deleted trigger and Task preserve event history
  ---
  duration_ms: 2033.441666
  type: 'test'
  ...
# Subtest: Real HTTP webhook authentication, limits, JSON rejection and idempotency
ok 226 - Real HTTP webhook authentication, limits, JSON rejection and idempotency
  ---
  duration_ms: 3402.608292
  type: 'test'
  ...
# Subtest: workspace HTTP API rejects paths/force/ref injection and preserves operation error codes
ok 227 - workspace HTTP API rejects paths/force/ref injection and preserves operation error codes
  ---
  duration_ms: 3979.771667
  type: 'test'
  ...
# Subtest: cross-process POSIX locks release after owner crash, success and errors
ok 228 - cross-process POSIX locks release after owner crash, success and errors
  ---
  duration_ms: 2037.574
  type: 'test'
  ...
# Subtest: repository mutation matrix and execution lease exclusivity
ok 229 - repository mutation matrix and execution lease exclusivity
  ---
  duration_ms: 9244.683542
  type: 'test'
  ...
# Subtest: real Git timeout and controller crash during Git release locks after child termination
ok 230 - real Git timeout and controller crash during Git release locks after child termination
  ---
  duration_ms: 2106.710167
  type: 'test'
  ...
# Subtest: bare initialization is persistent; fetch updates/prunes remote refs and uses current credentials
ok 231 - bare initialization is persistent; fetch updates/prunes remote refs and uses current credentials
  ---
  duration_ms: 4717.897375
  type: 'test'
  ...
# Subtest: branch worktrees share objects; fetch never moves a worktree; update is explicit FF only
ok 232 - branch worktrees share objects; fetch never moves a worktree; update is explicit FF only
  ---
  duration_ms: 7644.289584
  type: 'test'
  ...
# Subtest: dirty, staged, ignored/untracked and conflicts are visible and protected
ok 233 - dirty, staged, ignored/untracked and conflicts are visible and protected
  ---
  duration_ms: 9427.785125
  type: 'test'
  ...
# Subtest: local commits are retained; diverged and detached worktrees cannot be reset by update/delete
ok 234 - local commits are retained; diverged and detached worktrees cannot be reset by update/delete
  ---
  duration_ms: 8586.282875
  type: 'test'
  ...
# Subtest: execution leases block mutation and prune; missing worktrees remain records and repair preserves branch
ok 235 - execution leases block mutation and prune; missing worktrees remain records and repair preserves branch
  ---
  duration_ms: 9117.297625
  type: 'test'
  ...
# Subtest: non-git storage and managed-path symlink replacements never trigger recursive deletion
ok 236 - non-git storage and managed-path symlink replacements never trigger recursive deletion
  ---
  duration_ms: 1406.378125
  type: 'test'
  ...
# Subtest: strict Managed crontab install reports errors while original default behavior is preserved
ok 237 - strict Managed crontab install reports errors while original default behavior is preserved
  ---
  duration_ms: 1280.75225
  type: 'test'
  ...
# Subtest: profile references block repository filesystem deletion before mutation
ok 238 - profile references block repository filesystem deletion before mutation
  ---
  duration_ms: 2134.370083
  type: 'test'
  ...
# Subtest: Config/Hook API contracts deny Secret plaintext in all responses and sanitize malformed payloads
ok 239 - Config/Hook API contracts deny Secret plaintext in all responses and sanitize malformed payloads
  ---
  duration_ms: 1561.444042
  type: 'test'
  ...
# Subtest: immutable revisions, optimistic edits, private storage, Secret response and downgrade protection
ok 240 - immutable revisions, optimistic edits, private storage, Secret response and downgrade protection
  ---
  duration_ms: 1687.472959
  type: 'test'
  ...
# Subtest: Repository inheritance, Task override/MASK, normalized uniqueness, disabled and manual bindings, references and cascades
ok 241 - Repository inheritance, Task override/MASK, normalized uniqueness, disabled and manual bindings, references and cascades
  ---
  duration_ms: 986.970125
  type: 'test'
  ...
# Subtest: Hook CRUD, stable order, transactional reorder conflict rollback and Task cascade
ok 242 - Hook CRUD, stable order, transactional reorder conflict rollback and Task cascade
  ---
  duration_ms: 823.907584
  type: 'test'
  ...
# Subtest: uncommitted revision directory is retained and next edit allocates a fresh immutable path
ok 243 - uncommitted revision directory is retained and next edit allocates a fresh immutable path
  ---
  duration_ms: 733.740834
  type: 'test'
  ...
# Subtest: BEFORE JSON set/unset/secret produces derived snapshot only and retains historical secrets
ok 244 - BEFORE JSON set/unset/secret produces derived snapshot only and retains historical secrets
  ---
  duration_ms: 1088.749917
  type: 'test'
  ...
# Subtest: invalid output, reserved/invalid names, oversized values, unknown operations and symlink reject without secret errors
ok 245 - invalid output, reserved/invalid names, oversized values, unknown operations and symlink reject without secret errors
  ---
  duration_ms: 634.859791
  type: 'test'
  ...
# Subtest: UTF-8 streaming redactor covers chunk boundaries and newly tracked secrets
ok 246 - UTF-8 streaming redactor covers chunk boundaries and newly tracked secrets
  ---
  duration_ms: 582.048292
  type: 'test'
  ...
# Subtest: Secret names require own ENV entries and unset never reintroduces prototype properties
ok 247 - Secret names require own ENV entries and unset never reintroduces prototype properties
  ---
  duration_ms: 758.987292
  type: 'test'
  ...
# Subtest: COPY readonly=true, per-run copy, canonical immutable and cleanup
ok 248 - COPY readonly=true, per-run copy, canonical immutable and cleanup
  ---
  duration_ms: 1161.851167
  type: 'test'
  ...
# Subtest: COPY readonly=false, per-run copy, canonical immutable and cleanup
ok 249 - COPY readonly=false, per-run copy, canonical immutable and cleanup
  ---
  duration_ms: 983.367125
  type: 'test'
  ...
# Subtest: SYMLINK readonly=true, per-run copy, canonical immutable and cleanup
ok 250 - SYMLINK readonly=true, per-run copy, canonical immutable and cleanup
  ---
  duration_ms: 950.643666
  type: 'test'
  ...
# Subtest: SYMLINK readonly=false, per-run copy, canonical immutable and cleanup
ok 251 - SYMLINK readonly=false, per-run copy, canonical immutable and cleanup
  ---
  duration_ms: 890.1195
  type: 'test'
  ...
# Subtest: replace restores original exact bytes/mode after simulated process loss and next acquire
ok 252 - replace restores original exact bytes/mode after simulated process loss and next acquire
  ---
  duration_ms: 1066.004208
  type: 'test'
  ...
# Subtest: unsafe paths, symlink parents/targets, special files, duplicate physical aliases fail without touching user data
ok 253 - unsafe paths, symlink parents/targets, special files, duplicate physical aliases fail without touching user data
  ---
  duration_ms: 1162.521125
  type: 'test'
  ...
# Subtest: unexpected replacement is preserved with backup and recoverable journal
ok 254 - unexpected replacement is preserved with backup and recoverable journal
  ---
  duration_ms: 840.471916
  type: 'test'
  ...
# Subtest: pinned revision remains old through asset edit; next resolve sees new revision
ok 255 - pinned revision remains old through asset edit; next resolve sees new revision
  ---
  duration_ms: 1078.263417
  type: 'test'
  ...
# Subtest: recovery rejects a journal task root outside the leased workspace without writing outside
ok 256 - recovery rejects a journal task root outside the leased workspace without writing outside
  ---
  duration_ms: 1137.919708
  type: 'test'
  ...
# Subtest: POSIX group cleanup accepts only a verified dead Darwin group, never live permission failures
ok 257 - POSIX group cleanup accepts only a verified dead Darwin group, never live permission failures
  ---
  duration_ms: 368.03375
  type: 'test'
  ...
# Subtest: Discovery transaction failure preserves resource bindings; retirement preserves history and explicit deletion cascades definitions
ok 258 - Discovery transaction failure preserves resource bindings; retirement preserves history and explicit deletion cascades definitions
  ---
  duration_ms: 2407.590292
  type: 'test'
  ...
# Subtest: real sh current MAIN bridge, config in all phases, generated Secret patch/redaction and cleanup
ok 259 - real sh current MAIN bridge, config in all phases, generated Secret patch/redaction and cleanup
  ---
  duration_ms: 5067.079958
  type: 'test'
  ...
# Subtest: real js current MAIN bridge, config in all phases, generated Secret patch/redaction and cleanup
ok 260 - real js current MAIN bridge, config in all phases, generated Secret patch/redaction and cleanup
  ---
  duration_ms: 4544.150375
  type: 'test'
  ...
# Subtest: real py current MAIN bridge, config in all phases, generated Secret patch/redaction and cleanup
ok 261 - real py current MAIN bridge, config in all phases, generated Secret patch/redaction and cleanup
  ---
  duration_ms: 4156.813083
  type: 'test'
  ...
# Subtest: real BEFORE timeout kills descendants, skips remaining BEFORE/MAIN, runs AFTER_FAILURE and FINALLY
ok 262 - real BEFORE timeout kills descendants, skips remaining BEFORE/MAIN, runs AFTER_FAILURE and FINALLY
  ---
  duration_ms: 3841.479584
  type: 'test'
  ...
# Subtest: lifecycle: main failure
ok 263 - lifecycle: main failure
  ---
  duration_ms: 3057.789792
  type: 'test'
  ...
# Subtest: lifecycle: AFTER_SUCCESS failure never triggers AFTER_FAILURE
ok 264 - lifecycle: AFTER_SUCCESS failure never triggers AFTER_FAILURE
  ---
  duration_ms: 3697.939583
  type: 'test'
  ...
# Subtest: lifecycle: FINALLY failure changes success
ok 265 - lifecycle: FINALLY failure changes success
  ---
  duration_ms: 3897.425083
  type: 'test'
  ...
# Subtest: lifecycle: FINALLY failure preserves primary
ok 266 - lifecycle: FINALLY failure preserves primary
  ---
  duration_ms: 3442.5995
  type: 'test'
  ...
# Subtest: lifecycle: CONTINUE before failure permits MAIN
ok 267 - lifecycle: CONTINUE before failure permits MAIN
  ---
  duration_ms: 3928.81225
  type: 'test'
  ...
# Subtest: lifecycle: invalid BEFORE output fails without leaking generated log
ok 268 - lifecycle: invalid BEFORE output fails without leaking generated log
  ---
  duration_ms: 3368.551041
  type: 'test'
  ...
# Subtest: graceful cancellation tee=false executes AFTER_FAILURE/FINALLY with config, then restores original
ok 269 - graceful cancellation tee=false executes AFTER_FAILURE/FINALLY with config, then restores original
  ---
  duration_ms: 6601.691208
  type: 'test'
  ...
# Subtest: graceful cancellation tee=true executes AFTER_FAILURE/FINALLY with config, then restores original
ok 270 - graceful cancellation tee=true executes AFTER_FAILURE/FINALLY with config, then restores original
  ---
  duration_ms: 2300.479791
  type: 'test'
  ...
# Subtest: same workspace BUSY, different workspace parallel, SIGKILL lease recovery restores config
ok 271 - same workspace BUSY, different workspace parallel, SIGKILL lease recovery restores config
  ---
  duration_ms: 5276.629583
  type: 'test'
  ...
# Subtest: live execution pins Config revision, ENV and Hook plan across edits; next run observes new values
ok 272 - live execution pins Config revision, ENV and Hook plan across edits; next run observes new values
  ---
  duration_ms: 3591.977125
  type: 'test'
  ...
# Subtest: retained recovery bridge preserves Config/Hooks; scheduler projection carries Task ID only
ok 273 - retained recovery bridge preserves Config/Hooks; scheduler projection carries Task ID only
  ---
  duration_ms: 2476.220583
  type: 'test'
  ...
# Subtest: PREPARE conflict starts no user phase and preserves existing data
ok 274 - PREPARE conflict starts no user phase and preserves existing data
  ---
  duration_ms: 1210.135125
  type: 'test'
  ...
# Subtest: MAIN timeout invokes failure and finally independently of hook deadlines
ok 275 - MAIN timeout invokes failure and finally independently of hook deadlines
  ---
  duration_ms: 2733.912375
  type: 'test'
  ...
# Subtest: all publication sources share the existing global publication-1 lease
ok 276 - all publication sources share the existing global publication-1 lease
  ---
  duration_ms: 2471.545625
  type: 'test'
  ...
# Subtest: frozen platform v1 upgrades transactionally to identical fresh latest schema and preserves data/hooks
ok 277 - frozen platform v1 upgrades transactionally to identical fresh latest schema and preserves data/hooks
  ---
  duration_ms: 1710.503167
  type: 'test'
  ...
# Subtest: migration failure rolls back DDL, data, hooks and version then permits retry
ok 278 - migration failure rolls back DDL, data, hooks and version then permits retry
  ---
  duration_ms: 661.919334
  type: 'test'
  ...
# Subtest: unknown and tampered v1 databases fail closed without touching user rows
ok 279 - unknown and tampered v1 databases fail closed without touching user rows
  ---
  duration_ms: 347.180583
  type: 'test'
  ...
# Subtest: late migration failure after old columns drop restores all v1 data and hook fields
ok 280 - late migration failure after old columns drop restores all v1 data and hook fields
  ---
  duration_ms: 580.619292
  type: 'test'
  ...
# Subtest: Script HTTP access is excluded by Config SH lease and blocked by stale journals, then resumes
ok 281 - Script HTTP access is excluded by Config SH lease and blocked by stale journals, then resumes
  ---
  duration_ms: 2185.145417
  type: 'test'
  ...
# Subtest: Node retains API flock after helper exit through asynchronous action and response completion
ok 282 - Node retains API flock after helper exit through asynchronous action and response completion
  ---
  duration_ms: 1074.562459
  type: 'test'
  ...
# Subtest: Runtime API returns tracked async IDs, denies arbitrary commands/paths and sanitizes every error
ok 283 - Runtime API returns tracked async IDs, denies arbitrary commands/paths and sanitizes every error
  ---
  duration_ms: 3571.017792
  type: 'test'
  ...
# Subtest: backend SIGKILL retains inherited provider lease until supervised descendants exit, then recovery succeeds
ok 284 - backend SIGKILL retains inherited provider lease until supervised descendants exit, then recovery succeeds
  ---
  duration_ms: 3212.418083
  type: 'test'
  ...
# Subtest: partial remove failure retains record and ownership for retry; provider failure preserves interpreter
ok 285 - partial remove failure retains record and ownership for retry; provider failure preserves interpreter
  ---
  duration_ms: 4549.394833
  type: 'test'
  ...
# Subtest: disk full and command failures produce bounded static errors and leave partial runtime repairable
ok 286 - disk full and command failures produce bounded static errors and leave partial runtime repairable
  ---
  duration_ms: 1173.262041
  type: 'test'
  ...
# Subtest: bounded runtime logs drain oversized output without exposing private HOME or symlink targets
ok 287 - bounded runtime logs drain oversized output without exposing private HOME or symlink targets
  ---
  duration_ms: 3263.503875
  type: 'test'
  ...
# Subtest: real provider validation rejects dirty code, mismatched revision and .git symlink before execution
ok 288 - real provider validation rejects dirty code, mismatched revision and .git symlink before execution
  ---
  duration_ms: 3688.828791
  type: 'test'
  ...
# Subtest: unknown nonempty provider root is preserved; symlinked cache reports missing requirement
ok 289 - unknown nonempty provider root is preserved; symlinked cache reports missing requirement
  ---
  duration_ms: 1014.051583
  type: 'test'
  ...
# Subtest: fixed interpreter diagnostic rejects incorrect version and prefix even on first installation
ok 290 - fixed interpreter diagnostic rejects incorrect version and prefix even on first installation
  ---
  duration_ms: 3372.921042
  type: 'test'
  ...
# Subtest: exact catalog filters implementations, prereleases and injection
ok 291 - exact catalog filters implementations, prereleases and injection
  ---
  duration_ms: 1639.707667
  type: 'test'
  ...
# Subtest: provider setup, two runtimes, explicit verify/repair/remove preserve sibling and snapshots
ok 292 - provider setup, two runtimes, explicit verify/repair/remove preserve sibling and snapshots
  ---
  duration_ms: 5204.050667
  type: 'test'
  ...
# Subtest: cross-service lock, cancel and timeout keep operation ownership and descendants bounded
ok 293 - cross-service lock, cancel and timeout keep operation ownership and descendants bounded
  ---
  duration_ms: 2543.422417
  type: 'test'
  ...
# Subtest: paths reject unknown roots, version symlink, parent symlink and executable escape
ok 294 - paths reject unknown roots, version symlink, parent symlink and executable escape
  ---
  duration_ms: 901.246208
  type: 'test'
  ...
# Subtest: recovery never kills stored PID or adopts unknown versions; reference checks block removal
ok 295 - recovery never kills stored PID or adopts unknown versions; reference checks block removal
  ---
  duration_ms: 2779.280292
  type: 'test'
  ...
# Subtest: build environment excludes backend/user secrets and logs redact split UTF-8 secrets
ok 296 - build environment excludes backend/user secrets and logs redact split UTF-8 secrets
  ---
  duration_ms: 763.81175
  type: 'test'
  ...
# Subtest: frozen v2 migrates to identical fresh latest schema, preserves ENV/Config/Hooks and enforces runtime CHECK/FK constraints
ok 297 - frozen v2 migrates to identical fresh latest schema, preserves ENV/Config/Hooks and enforces runtime CHECK/FK constraints
  ---
  duration_ms: 1894.494667
  type: 'test'
  ...
# Subtest: v2 late migration failure rolls back runtime tables, metadata and data, then retries
ok 298 - v2 late migration failure rolls back runtime tables, metadata and data, then retries
  ---
  duration_ms: 835.435875
  type: 'test'
  ...
# Subtest: tampered v2 signature and unknown version fail closed
ok 299 - tampered v2 signature and unknown version fail closed
  ---
  duration_ms: 701.410209
  type: 'test'
  ...
# Subtest: Environment API scopes, strict input, definitions, optimistic revisions, reference protection and safe empty deletion
ok 300 - Environment API scopes, strict input, definitions, optimistic revisions, reference protection and safe empty deletion
  ---
  duration_ms: 5089.545792
  type: 'test'
  ...
# Subtest: staging write failure, timeout and cancellation release locks, never publish or damage Runtime
ok 301 - staging write failure, timeout and cancellation release locks, never publish or damage Runtime
  ---
  duration_ms: 6163.418292
  type: 'test'
  ...
# Subtest: partial filesystem deletion remains ERROR and retryable; publication DB failure never switches Current
ok 302 - partial filesystem deletion remains ERROR and retryable; publication DB failure never switches Current
  ---
  duration_ms: 3601.376417
  type: 'test'
  ...
# Subtest: Environment ownership refuses symlinks, replaced roots, foreign IDs, unknown files and lease collisions
ok 303 - Environment ownership refuses symlinks, replaced roots, foreign IDs, unknown files and lease collisions
  ---
  duration_ms: 1697.746583
  type: 'test'
  ...
# Subtest: frozen v3 to v4 is transactional, preserves runtime/history and equals fresh signature
ok 304 - frozen v3 to v4 is transactional, preserves runtime/history and equals fresh signature
  ---
  duration_ms: 1580.990542
  type: 'test'
  ...
# Subtest: v3 tampering fails closed before any schema or user-data changes
ok 305 - v3 tampering fails closed before any schema or user-data changes
  ---
  duration_ms: 743.003208
  type: 'test'
  ...
# Subtest: actual SQLite constraints protect immutable revisions, build identity, current ownership and runtime FKs
ok 306 - actual SQLite constraints protect immutable revisions, build identity, current ownership and runtime FKs
  ---
  duration_ms: 542.119709
  type: 'test'
  ...
# Subtest: Node panel-only strict API, identity scoping, optimistic definitions and resource-owned operations
ok 307 - Node panel-only strict API, identity scoping, optimistic definitions and resource-owned operations
  ---
  duration_ms: 3657.001792
  type: 'test'
  ...
# Subtest: Node Build publish transaction failure and ENOSPC keep Current and Runtime healthy
ok 308 - Node Build publish transaction failure and ENOSPC keep Current and Runtime healthy
  ---
  duration_ms: 3183.727958
  type: 'test'
  ...
# Subtest: Node partial filesystem deletion remains ERROR, preserves unknown files, and explicit retry finalizes DB
ok 309 - Node partial filesystem deletion remains ERROR, preserves unknown files, and explicit retry finalizes DB
  ---
  duration_ms: 3205.380459
  type: 'test'
  ...
# Subtest: official-provider download boundary: checksum mismatch and cancellation never publish Runtime and clean private staging
ok 310 - official-provider download boundary: checksum mismatch and cancellation never publish Runtime and clean private staging
  ---
  duration_ms: 2794.469541
  type: 'test'
  ...
# Subtest: v4 → v5 preserves real Python environment references; fresh matches migration and late failure rolls back
ok 311 - v4 → v5 preserves real Python environment references; fresh matches migration and late failure rolls back
  ---
  duration_ms: 1855.450958
  type: 'test'
  ...
# Subtest: v4 tampering is rejected without mutation
ok 312 - v4 tampering is rejected without mutation
  ---
  duration_ms: 546.702875
  type: 'test'
  ...
# Subtest: Node actual SQLite constraints protect language/toolchain and immutable revision/build ownership
ok 313 - Node actual SQLite constraints protect language/toolchain and immutable revision/build ownership
  ---
  duration_ms: 460.99275
  type: 'test'
  ...
# Subtest: archive preflight rejects traversal, absolute paths, symlink/hardlink escape, special files and link ancestors before extraction
ok 314 - archive preflight rejects traversal, absolute paths, symlink/hardlink escape, special files and link ancestors before extraction
  ---
  duration_ms: 1433.758833
  type: 'test'
  ...
# Subtest: Node resource IDs, ownership, inode and symlink boundary fail closed without deleting unknown data
ok 315 - Node resource IDs, ownership, inode and symlink boundary fail closed without deleting unknown data
  ---
  duration_ms: 1557.871125
  type: 'test'
  ...
# Subtest: Node catalog, exact versions, platform and registry credential/source policy
ok 316 - Node catalog, exact versions, platform and registry credential/source policy
  ---
  duration_ms: 775.48775
  type: 'test'
  ...
# Subtest: Task HTTP definitions stay independent of legacy scheduler; API/MANUAL sources explicit
ok 317 - Task HTTP definitions stay independent of legacy scheduler; API/MANUAL sources explicit
  ---
  duration_ms: 2837.202417
  type: 'test'
  ...
# Subtest: Task CRUD, optimistic version, literal arguments, enable readiness and clone secrets
ok 318 - Task CRUD, optimistic version, literal arguments, enable readiness and clone secrets
  ---
  duration_ms: 1497.290375
  type: 'test'
  ...
# Subtest: runtime inheritance changes readiness dynamically, explicit override wins, references protect deletion
ok 319 - runtime inheritance changes readiness dynamically, explicit override wins, references protect deletion
  ---
  duration_ms: 878.696416
  type: 'test'
  ...
# Subtest: cross-repository source/profile updates roll back atomically and client paths are rejected
ok 320 - cross-repository source/profile updates roll back atomically and client paths are rejected
  ---
  duration_ms: 941.146709
  type: 'test'
  ...
# Subtest: 1000 Task list uses bounded batch queries and does not expose execution paths
ok 321 - 1000 Task list uses bounded batch queries and does not expose execution paths
  ---
  duration_ms: 12121.900875
  type: 'test'
  ...
# Subtest: Python/JS/TS/Shell binding matrix, missing/wrong environments and effective references
ok 322 - Python/JS/TS/Shell binding matrix, missing/wrong environments and effective references
  ---
  duration_ms: 1678.991458
  type: 'test'
  ...
# Subtest: Task > Subscription > Repository precedence and clone retain subscription-owned logical resources
ok 323 - Task > Subscription > Repository precedence and clone retain subscription-owned logical resources
  ---
  duration_ms: 1179.580667
  type: 'test'
  ...
# Subtest: readiness responds to source loss, disabled profile and malformed Config/Hook without execution snapshots
ok 324 - readiness responds to source loss, disabled profile and malformed Config/Hook without execution snapshots
  ---
  duration_ms: 1060.737667
  type: 'test'
  ...
# Subtest: clone copies Config/Hooks/settings while Task delete keeps independent resources and run history
ok 325 - clone copies Config/Hooks/settings while Task delete keeps independent resources and run history
  ---
  duration_ms: 808.638333
  type: 'test'
  ...
# Subtest: v5 and fresh Task schema have identical signatures and valid foreign keys
ok 326 - v5 and fresh Task schema have identical signatures and valid foreign keys
  ---
  duration_ms: 1354.57725
  type: 'test'
  ...
# Subtest: v5 command-only task ID and owned secrets survive; failed migration rolls back and retries
ok 327 - v5 command-only task ID and owned secrets survive; failed migration rolls back and retries
  ---
  duration_ms: 650.80725
  type: 'test'
  ...
# Subtest: v5 populated migration preserves discovery, ENV, Config, Hooks, runtimes, statistics and execution IDs
ok 328 - v5 populated migration preserves discovery, ENV, Config, Hooks, runtimes, statistics and execution IDs
  ---
  duration_ms: 765.455917
  type: 'test'
  ...
# Subtest: source paths reject traversal, absolute paths, Windows paths, control characters and ambiguous segments
ok 329 - source paths reject traversal, absolute paths, Windows paths, control characters and ambiguous segments
  ---
  duration_ms: 0.766709
  type: 'test'
  ...
# Subtest: arguments are literal structured strings; settings and runtime languages are bounded
ok 330 - arguments are literal structured strings; settings and runtime languages are bounded
  ---
  duration_ms: 0.5835
  type: 'test'
  ...
# Subtest: deep source validation rejects internal and escaping symlinks, directories, FIFO and socket
ok 331 - deep source validation rejects internal and escaping symlinks, directories, FIFO and socket
  ---
  duration_ms: 89.262084
  type: 'test'
  ...
# Subtest: subscription deletion protects discovered Tasks; explicit cascade is atomic and leaves manual Tasks intact
ok 332 - subscription deletion protects discovered Tasks; explicit cascade is atomic and leaves manual Tasks intact
  ---
  duration_ms: 1780.35325
  type: 'test'
  ...
# Subtest: script filename route is removed while the detail API remains
ok 333 - script filename route is removed while the detail API remains
  ---
  duration_ms: 199.167792
  type: 'test'
  ...
# Subtest: log filename route is removed while the detail API remains
ok 334 - log filename route is removed while the detail API remains
  ---
  duration_ms: 43.542167
  type: 'test'
  ...
# Subtest: arbitrary Config editor has no public controller or service
ok 335 - arbitrary Config editor has no public controller or service
  ---
  duration_ms: 0.113709
  type: 'test'
  ...
# Subtest: fresh seed is local, idempotent and creates no usable password or legacy startup task
ok 336 - fresh seed is local, idempotent and creates no usable password or legacy startup task
  ---
  duration_ms: 25.027833
  type: 'test'
  ...
# Subtest: database loader rejects initialization failure rather than allowing workers to start
ok 337 - database loader rejects initialization failure rather than allowing workers to start
  ---
  duration_ms: 480.587209
  type: 'test'
  ...
# Subtest: A/B/D/H/I: stable identity, reusable credentials, secret replacement and deletion protection
ok 338 - A/B/D/H/I: stable identity, reusable credentials, secret replacement and deletion protection
  ---
  duration_ms: 1157.488959
  type: 'test'
  ...
# Subtest: C: encrypted SSH key validation derives public key, preserves secret privacy and supports reuse
ok 339 - C: encrypted SSH key validation derives public key, preserves secret privacy and supports reuse
  ---
  duration_ms: 2119.683166
  type: 'test'
  ...
# Subtest: access tests use only ls-remote, update status, hide remote errors and clean contexts
ok 340 - access tests use only ls-remote, update status, hide remote errors and clean contexts
  ---
  duration_ms: 350.808375
  type: 'test'
  ...
# Subtest: credential update does not mutate the snapshot of a running invocation
ok 341 - credential update does not mutate the snapshot of a running invocation
  ---
  duration_ms: 392.135708
  type: 'test'
  ...
# Subtest: scoped sh account concurrency keeps split secrets in private temporary logs
ok 342 - scoped sh account concurrency keeps split secrets in private temporary logs
  ---
  duration_ms: 2027.958083
  type: 'test'
  ...
# Subtest: scoped js account concurrency keeps split secrets in private temporary logs
ok 343 - scoped js account concurrency keeps split secrets in private temporary logs
  ---
  duration_ms: 1679.167083
  type: 'test'
  ...
# Subtest: scoped py account concurrency keeps split secrets in private temporary logs
ok 344 - scoped py account concurrency keeps split secrets in private temporary logs
  ---
  duration_ms: 1984.502375
  type: 'test'
  ...
# Subtest: real HTTP APIs mask secrets and validation errors, enforce scope and block open access
ok 345 - real HTTP APIs mask secrets and validation errors, enforce scope and block open access
  ---
  duration_ms: 1047.629083
  type: 'test'
  ...
# Subtest: profile CRUD, uniqueness, default, clone secrets, and reference protection
ok 346 - profile CRUD, uniqueness, default, clone secrets, and reference protection
  ---
  duration_ms: 977.663583
  type: 'test'
  ...
# Subtest: secret keep/replace/clear, metadata edits, atomic batch rollback and safe errors
ok 347 - secret keep/replace/clear, metadata edits, atomic batch rollback and safe errors
  ---
  duration_ms: 562.900666
  type: 'test'
  ...
# Subtest: profile precedence, manual task, disabled and wrong repository fail closed
ok 348 - profile precedence, manual task, disabled and wrong repository fail closed
  ---
  duration_ms: 618.038917
  type: 'test'
  ...
# Subtest: SET/UNSET/disabled/empty precedence, immutable snapshot and parent isolation
ok 349 - SET/UNSET/disabled/empty precedence, immutable snapshot and parent isolation
  ---
  duration_ms: 507.55
  type: 'test'
  ...
# Subtest: Global unique contract masks secrets across SDK responses and rejects inherited backend secrets
ok 350 - Global unique contract masks secrets across SDK responses and rejects inherited backend secrets
  ---
  duration_ms: 302.709208
  type: 'test'
  ...
# Subtest: real ID-to-SQLite shell bridge resolves current config, cleans per-run files and fails disabled profiles
ok 351 - real ID-to-SQLite shell bridge resolves current config, cleans per-run files and fails disabled profiles
  ---
  duration_ms: 6191.10675
  type: 'test'
  ...
# Subtest: actual Python/Node/Shell snapshot complex values, UNSET, no interpolation or secret logs
ok 352 - actual Python/Node/Shell snapshot complex values, UNSET, no interpolation or secret logs
  ---
  duration_ms: 4772.490292
  type: 'test'
  ...
# Subtest: 50 simultaneously live runs across repositories/profiles/tasks isolate snapshots and preserve A across update to B
ok 353 - 50 simultaneously live runs across repositories/profiles/tasks isolate snapshots and preserve A across update to B
  ---
  duration_ms: 10494.253208
  type: 'test'
  ...
# Subtest: cross-repository and same-repository profiles stay isolated with task overrides; next unscoped run has no residue
ok 354 - cross-repository and same-repository profiles stay isolated with task overrides; next unscoped run has no residue
  ---
  duration_ms: 2693.883667
  type: 'test'
  ...
# Subtest: malformed scoped request JSON is never echoed by the HTTP error boundary
ok 355 - malformed scoped request JSON is never echoed by the HTTP error boundary
  ---
  duration_ms: 547.025292
  type: 'test'
  ...
# Subtest: streaming secret redaction preserves UTF-8 and masks literal and JSON-escaped multiline values
ok 356 - streaming secret redaction preserves UTF-8 and masks literal and JSON-escaped multiline values
  ---
  duration_ms: 301.946416
  type: 'test'
  ...
# Subtest: snapshot cleanup preserves live owners, removes stale dead owners, rejects symlinks and oversized environment
ok 357 - snapshot cleanup preserves live owners, removes stale dead owners, rejects symlinks and oversized environment
  ---
  duration_ms: 963.968875
  type: 'test'
  ...
# Subtest: global-only execution allocates a private full snapshot
ok 358 - global-only execution allocates a private full snapshot
  ---
  duration_ms: 425.460041
  type: 'test'
  ...
# Subtest: empty data root creates v4, all bridge/core tables, and restarts without schema writes
ok 359 - empty data root creates v4, all bridge/core tables, and restarts without schema writes
  ---
  duration_ms: 826.01125
  type: 'test'
  ...
# Subtest: unknown nonempty database fails closed and preserves rows and schema
ok 360 - unknown nonempty database fails closed and preserves rows and schema
  ---
  duration_ms: 146.810167
  type: 'test'
  ...
# Subtest: partial DDL failure rolls back all objects and allows a clean retry
ok 361 - partial DDL failure rolls back all objects and allows a clean retry
  ---
  duration_ms: 696.424792
  type: 'test'
  ...
# Subtest: unexpected schema objects are rejected on restart
ok 362 - unexpected schema objects are rejected on restart
  ---
  duration_ms: 550.807208
  type: 'test'
  ...
# Subtest: fresh directory bootstrap refuses symlinked database directory
ok 363 - fresh directory bootstrap refuses symlinked database directory
  ---
  duration_ms: 19.533
  type: 'test'
  ...
# Subtest: worktree deletion DB failure is recoverable by reconstruction without resetting local history
ok 364 - worktree deletion DB failure is recoverable by reconstruction without resetting local history
  ---
  duration_ms: 9623.418333
  type: 'test'
  ...
# Subtest: repository delete can retry after filesystem success and DB failure
ok 365 - repository delete can retry after filesystem success and DB failure
  ---
  duration_ms: 1808.372958
  type: 'test'
  ...
# Subtest: operation timeout persists ERROR and releases mutation lease
ok 366 - operation timeout persists ERROR and releases mutation lease
  ---
  duration_ms: 1881.01725
  type: 'test'
  ...
# Subtest: ignored files and symlink replacement protect user data; orphan worktrees are diagnosed
ok 367 - ignored files and symlink replacement protect user data; orphan worktrees are diagnosed
  ---
  duration_ms: 3043.873834
  type: 'test'
  ...
# Subtest: remote spelling changes preserve identity, storage and subscription references
ok 368 - remote spelling changes preserve identity, storage and subscription references
  ---
  duration_ms: 1877.516959
  type: 'test'
  ...
# Subtest: Git core.worktree override cannot redirect status or mutations outside managed checkout
ok 369 - Git core.worktree override cannot redirect status or mutations outside managed checkout
  ---
  duration_ms: 2266.365042
  type: 'test'
  ...
# Subtest: dependency command generation retains global Node and optional Python prefix without installing packages
ok 370 - dependency command generation retains global Node and optional Python prefix without installing packages
  ---
  duration_ms: 641.826708
  type: 'test'
  ...
# Subtest: real node-schedule trigger reaches production runTask and drains stdout/stderr
ok 371 - real node-schedule trigger reaches production runTask and drains stdout/stderr
  ---
  duration_ms: 297.982375
  type: 'test'
  ...
# Subtest: repository required at domain and DB boundaries; obsolete API fields cannot become persisted columns
ok 372 - repository required at domain and DB boundaries; obsolete API fields cannot become persisted columns
  ---
  duration_ms: 1715.172334
  type: 'test'
  ...
# Subtest: CRUD, cron/interval registration, manual dispatch, stop and ID log identity use one pipeline
ok 373 - CRUD, cron/interval registration, manual dispatch, stop and ID log identity use one pipeline
  ---
  duration_ms: 1329.448958
  type: 'test'
  ...
# Subtest: only repository credential is resolved; disabled credential fails instead of anonymous fallback
ok 374 - only repository credential is resolved; disabled credential fails instead of anonymous fallback
  ---
  duration_ms: 1400.589125
  type: 'test'
  ...
# Subtest: staging Bash timeout kills its process group and releases the existing POSIX lease
ok 375 - staging Bash timeout kills its process group and releases the existing POSIX lease
  ---
  duration_ms: 1950.856208
  type: 'test'
  ...
# Subtest: preflight refuses an execution lease instead of accepting cached clean status
ok 376 - preflight refuses an execution lease instead of accepting cached clean status
  ---
  duration_ms: 7403.6605
  type: 'test'
  ...
# Subtest: actual ORM tables, automatic and manual tasks, and execution exit code in isolated SQLite
ok 377 - actual ORM tables, automatic and manual tasks, and execution exit code in isolated SQLite
  ---
  duration_ms: 885.677042
  type: 'test'
  ...
# Subtest: managed paths use IDs, reject traversal, symlink escape and case collisions
ok 378 - managed paths use IDs, reject traversal, symlink escape and case collisions
  ---
  duration_ms: 80.143
  type: 'test'
  ...
1..378
# tests 380
# suites 0
# pass 377
# fail 0
# cancelled 0
# skipped 3
# todo 0
# duration_ms 118548.739417
