TAP version 13
# Subtest: OFFLINE managed CPython: real venv/pip, immutable builds, leases, rollback, failure, cancel, crash, isolation and safe deletion
not ok 1 - OFFLINE managed CPython: real venv/pip, immutable builds, leases, rollback, failure, cancel, crash, isolation and safe deletion
  ---
  duration_ms: 36495.900958
  type: 'test'
  location: '/Users/jonhy/PersonalDatas/Codes/github/anysoft/qinglong/tests/phase7/offline.test.cjs:6:1'
  failureType: 'testCodeFailure'
  error: |-
    Expected values to be strictly equal:
    
    5 !== 0
    
  code: 'ERR_ASSERTION'
  name: 'AssertionError'
  expected: 0
  actual: 5
  operator: 'strictEqual'
  stack: |-
    TestContext.<anonymous> (/Users/jonhy/PersonalDatas/Codes/github/anysoft/qinglong/tests/phase7/offline.test.cjs:48:9)
    async Test.run (node:internal/test_runner/test:1054:7)
    async startSubtestAfterBootstrap (node:internal/test_runner/harness:296:3)
  ...
# Subtest: Node leases: parallel environments, shared provider independence, cancel/timeout/crash with complete process-group recovery
ok 2 - Node leases: parallel environments, shared provider independence, cancel/timeout/crash with complete process-group recovery
  ---
  duration_ms: 30584.108625
  type: 'test'
  ...
# Subtest: real managed Node + pnpm/npm, local registry, immutable snapshots, frozen rebuild, refs, leases and scripts
ok 3 - real managed Node + pnpm/npm, local registry, immutable snapshots, frozen rebuild, refs, leases and scripts
  ---
  duration_ms: 58826.171541
  type: 'test'
  ...
1..3
# tests 3
# suites 0
# pass 2
# fail 1
# cancelled 0
# skipped 0
# todo 0
# duration_ms 126546.270333
