TAP version 13
# {"discovery_files":5000,"queries":38,"duration_ms":5583}
# Subtest: 5000 files discovery batches database writes and preview is deterministic
ok 1 - 5000 files discovery batches database writes and preview is deterministic
  ---
  duration_ms: 12049.938959
  type: 'test'
  ...
# {"cron_triggers":5000,"timers":1,"query_plan":[{"id":5,"parent":0,"notused":0,"detail":"SEARCH CronTriggers USING INDEX cron_triggers_next_fire_at_trigger_id (next_fire_at<?)"}]}
# Subtest: 5000 cron definitions use indexed due query and one shared scheduler timer
ok 2 - 5000 cron definitions use indexed due query and one shared scheduler timer
  ---
  duration_ms: 1169.985292
  type: 'test'
  ...
1..2
# tests 2
# suites 0
# pass 2
# fail 0
# cancelled 0
# skipped 0
# todo 0
# duration_ms 13691.264583
