TAP version 13
# Subtest: HTTP authentication protects init, scopes, expired sessions and config secrets
ok 1 - HTTP authentication protects init, scopes, expired sessions and config secrets
  ---
  duration_ms: 329.564041
  type: 'test'
  ...
# Subtest: Task HTTP definitions stay independent of legacy scheduler; API/MANUAL sources explicit
ok 2 - Task HTTP definitions stay independent of legacy scheduler; API/MANUAL sources explicit
  ---
  duration_ms: 1853.595125
  type: 'test'
  ...
1..2
# tests 2
# suites 0
# pass 2
# fail 0
# cancelled 0
# skipped 0
# todo 0
# duration_ms 2162.572917
