[WARN] The "pnpm" field in package.json is no longer read by pnpm. The following keys were ignored: "pnpm.peerDependencyRules", "pnpm.overrides". See https://pnpm.io/settings for the new home of each setting.

  GitNexus Analyzer (1.6.12)

  GitNexus Analyzer (1.6.12)
[2K  Skipped 19 large files (>512KB, likely generated/vendored)
[2K  - diagnostics/phase10/impact-entrypoints.json
[2K  - diagnostics/phase10/impact-test-updates.json
[2K  - diagnostics/phase10/managed-runtime/final-operation-logs/operation-2.log
[2K  - diagnostics/phase10/managed-runtime/operation-2.log
[2K  - diagnostics/phase11/impact-core.json
[2K  ...and 14 more (set GITNEXUS_VERBOSE=1 to list them all)
[2K  Set GITNEXUS_MAX_FILE_SIZE=<KB> to include files above the default cap.
{"level":40,"time":1789532745762,"name":"gitnexus","msg":"[scope-resolution] 2439 property read/write site(s) name a field that IS defined in this workspace, but only in another language, so per-language inference declined to link them. Queries for these fields return an empty result that does NOT mean \"unused\" — it means the definition anchor is in a different language. Affected: BACK_PORT (javascript), BIND_HOST (javascript), BIND_HOST_GRPC (javascript), GRPC_PORT (javascript), JSON (javascript), JWT_SECRET (javascript), NODE_ENV (javascript), QL_CONTAINER (javascript), QL_DATA_DIR (javascript), QL_DIR (javascript), …"}
{"level":40,"time":1789532746306,"name":"gitnexus","truncation":{"truncated":true,"entryPointCandidatesDropped":1230,"entryPointsUnexplored":0,"walksCutByBudget":52,"tracesDepthCapped":0,"calleesDropped":1682,"processesDropped":0},"msg":"[processes] 432 flows reported, but whole flows are MISSING: 1230 of 1430 candidate entry point(s) never ranked in, 0 ranked entry point(s) never traced, 0 deduplicated flow(s) dropped at maxProcesses, 0 trace(s) cut at maxTraceDepth, 1682 callee(s) skipped at maxBranching, 52 walk(s) cut by the per-entry trace budget. An absent flow does NOT mean the code path does not exist."}
[2KIncremental: changed=12, added=12, deleted=0 (skipping wipe + 2459 unchanged file rows preserved)
[2KIncremental: +80 importer(s) added to writable set (BFS depth ≤ 4)
{"level":30,"time":1789532755685,"name":"gitnexus","msg":"name-fallback resolution: 170 call sites (94 distinct caller-file/name pairs), 8 refused as impossible (guessed/refused by language: javascript 170/8)"}
[2KParse cache: pruned 9 stale chunk entries

  Repository indexed successfully (27.6s)

  15,052 nodes | 38,871 edges | 512 clusters | 432 flows
  /Users/jonhy/PersonalDatas/Codes/github/anysoft/qinglong

