TAP version 13
# Subtest: production bootstrap makes SQLite private and unknown runtime data blocks exclusion
ok 1 - production bootstrap makes SQLite private and unknown runtime data blocks exclusion
  ---
  duration_ms: 1204.877625
  type: 'test'
  ...
# Subtest: future schema, candidate and quarantine substitution fail closed
ok 2 - future schema, candidate and quarantine substitution fail closed
  ---
  duration_ms: 3238.548917
  type: 'test'
  ...
# Subtest: cancel is durable before marker cleanup; logger import never creates DATA_DIR
ok 3 - cancel is durable before marker cleanup; logger import never creates DATA_DIR
  ---
  duration_ms: 1957.161125
  type: 'test'
  ...
1..3
# tests 3
# suites 0
# pass 3
# fail 0
# cancelled 0
# skipped 0
# todo 0
# duration_ms 9493.748833
