npm warn Unknown project config "strict-peer-dependencies". This will stop working in the next major version of npm. See `npm help npmrc` for supported config options.
empty-root-bootstrap
browser-fresh-initialize-login
browser-credential-create
browser-repository-create
browser-initialize-fetch
browser-subscription-create-branch
browser-prepare-sync-discovery
browser-worktree-view
browser-global-create
browser-profile-create-default
browser-task-overrides-preview
browser-text-secret-assets-create
browser-revision-increment-secret-keep
browser-repository-config-bindings
browser-task-override-mask-preview-four-phase-hooks
browser-three-language-run-logs
browser-disable-enable
runtime-browser-provider-setup-fixture
runtime-browser-exact-install-live-log
runtime-browser-verify-metadata-references
runtime-browser-repair
runtime-browser-cancel-partial
restart-relogin
runtime-browser-restart-remove
environment-real-prebuilt-managed-cpython
environment-create-real-venv-local-wheel-live-log
environment-desired-resolved-separation
environment-new-revision-generation
environment-build-diff
environment-promote-old-build
environment-delete-unused-build
environment-runtime-delete-protected
environment-restart-health-resolver
node-browser-official-prebuilt-install
node-browser-pnpm-and-bundled-npm-toolchains
node-browser-create-pnpm-real-local-registry-build
node-browser-new-revision-independent-build
node-browser-build-diff-promote-verify
node-browser-npm-package-lock-build-verify
NODE_UI_REQUEST_FAILED 409 http://127.0.0.1:53182/api/runtime/node/installations/4 {"code":409,"message":"RUNTIME_REFERENCED","references":{"count":10,"references":[{"type":"NodeEnvironment","id":1,"name":"NodeEnvironment 1"},{"type":"NodeEnvironment","id":2,"name":"NodeEnvironment 2"},{"type":"NodeEnvironmentRevision","id":1,"name":"NodeEnvironmentRevision 1"},{"type":"NodeEnvironmentRevision","id":2,"name":"NodeEnvironmentRevision 2"},{"type":"NodeEnvironmentRevision","id":3,"name":"NodeEnvironmentRevision 3"},{"type":"NodeEnvironmentBuild","id":1,"name":"NodeEnvironmentBuild 1"},{"type":"NodeEnvironmentBuild","id":2,"name":"NodeEnvironmentBuild 2"},{"type":"NodeEnvironmentBuild","id":3,"name":"NodeEnvironmentBuild 3"},{"type":"NodePackageManagerToolchain","id":2,"name":"NodePackageManagerToolchain 2"},{"type":"NodePackageManagerToolchain","id":1,"name":"NodePackageManagerToolchain 1"}]}}
node-python-resources-coexist-restart-resolvers
node-browser-reference-safe-cleanup
environment-delete-preserves-runtime-cache
restart-repeat-execution
browser-secret-response-audit
fresh-v5-fk-layout
