npm warn Unknown project config "strict-peer-dependencies". This will stop working in the next major version of npm. See `npm help npmrc` for supported config options.
TAP version 13
# Committing transaction 10a43089-6d81-4ff5-af1c-be190a26f49e failed with error "SQLITE_CONSTRAINT: FOREIGN KEY constraint failed". We are killing its connection as it is now in an undetermined state.
# Subtest: v4 → v5 preserves real Python environment references; fresh matches migration and late failure rolls back
not ok 1 - v4 → v5 preserves real Python environment references; fresh matches migration and late failure rolls back
  ---
  duration_ms: 307.8915
  type: 'test'
  location: '/Users/jonhy/PersonalDatas/Codes/github/anysoft/qinglong/tests/phase8/schema.test.cjs:5:1'
  failureType: 'testCodeFailure'
  error: 'SQLITE_CONSTRAINT: FOREIGN KEY constraint failed'
  code: 'ERR_TEST_FAILURE'
  name: 'SequelizeForeignKeyConstraintError'
  stack: |-
    Database.<anonymous> (/Users/jonhy/PersonalDatas/Codes/github/anysoft/qinglong/node_modules/.pnpm/sequelize@6.37.5_@whyour+sqlite3@1.1.2/node_modules/sequelize/lib/dialects/sqlite/query.js:185:27)
    /Users/jonhy/PersonalDatas/Codes/github/anysoft/qinglong/node_modules/.pnpm/sequelize@6.37.5_@whyour+sqlite3@1.1.2/node_modules/sequelize/lib/dialects/sqlite/query.js:183:50
    new Promise (<anonymous>)
    Query.run (/Users/jonhy/PersonalDatas/Codes/github/anysoft/qinglong/node_modules/.pnpm/sequelize@6.37.5_@whyour+sqlite3@1.1.2/node_modules/sequelize/lib/dialects/sqlite/query.js:183:12)
    /Users/jonhy/PersonalDatas/Codes/github/anysoft/qinglong/node_modules/.pnpm/sequelize@6.37.5_@whyour+sqlite3@1.1.2/node_modules/sequelize/lib/sequelize.js:315:28
    async SQLiteQueryInterface.commitTransaction (/Users/jonhy/PersonalDatas/Codes/github/anysoft/qinglong/node_modules/.pnpm/sequelize@6.37.5_@whyour+sqlite3@1.1.2/node_modules/sequelize/lib/dialects/abstract/query-interface.js:550:12)
    async Transaction.commit (/Users/jonhy/PersonalDatas/Codes/github/anysoft/qinglong/node_modules/.pnpm/sequelize@6.37.5_@whyour+sqlite3@1.1.2/node_modules/sequelize/lib/transaction.js:44:7)
    async /Users/jonhy/PersonalDatas/Codes/github/anysoft/qinglong/node_modules/.pnpm/sequelize@6.37.5_@whyour+sqlite3@1.1.2/node_modules/sequelize/lib/sequelize.js:515:7
    async Object.initializeOperationalSchema (eval at loadSecurityModule (/Users/jonhy/PersonalDatas/Codes/github/anysoft/qinglong/test/helpers/load-security-module.cjs:35:3), <anonymous>:43:5)
    async TestContext.<anonymous> (/Users/jonhy/PersonalDatas/Codes/github/anysoft/qinglong/tests/phase8/schema.test.cjs:16:2)
  ...
# Subtest: v4 tampering is rejected without mutation
ok 2 - v4 tampering is rejected without mutation
  ---
  duration_ms: 125.27875
  type: 'test'
  ...
# Subtest: Node actual SQLite constraints protect language/toolchain and immutable revision/build ownership
ok 3 - Node actual SQLite constraints protect language/toolchain and immutable revision/build ownership
  ---
  duration_ms: 122.821625
  type: 'test'
  ...
1..3
# tests 3
# suites 0
# pass 2
# fail 1
# cancelled 0
# skipped 0
# todo 0
# duration_ms 741.868834
