npm warn Unknown project config "strict-peer-dependencies". This will stop working in the next major version of npm. See `npm help npmrc` for supported config options.
TAP version 13
# Subtest: bare initialization is persistent; fetch updates/prunes remote refs and uses current credentials
ok 1 - bare initialization is persistent; fetch updates/prunes remote refs and uses current credentials
  ---
  duration_ms: 3008.894541
  type: 'test'
  ...
# Subtest: branch worktrees share objects; fetch never moves a worktree; update is explicit FF only
ok 2 - branch worktrees share objects; fetch never moves a worktree; update is explicit FF only
  ---
  duration_ms: 4471.260916
  type: 'test'
  ...
# Subtest: dirty, staged, ignored/untracked and conflicts are visible and protected
ok 3 - dirty, staged, ignored/untracked and conflicts are visible and protected
  ---
  duration_ms: 5970.55925
  type: 'test'
  ...
# Subtest: local commits are retained; diverged and detached worktrees cannot be reset by update/delete
ok 4 - local commits are retained; diverged and detached worktrees cannot be reset by update/delete
  ---
  duration_ms: 5159.77075
  type: 'test'
  ...
# Subtest: execution leases block mutation and prune; missing worktrees remain records and repair preserves branch
ok 5 - execution leases block mutation and prune; missing worktrees remain records and repair preserves branch
  ---
  duration_ms: 6213.215375
  type: 'test'
  ...
# Subtest: non-git storage and managed-path symlink replacements never trigger recursive deletion
ok 6 - non-git storage and managed-path symlink replacements never trigger recursive deletion
  ---
  duration_ms: 998.391042
  type: 'test'
  ...
# Subtest: worktree deletion DB failure is recoverable by reconstruction without resetting local history
ok 7 - worktree deletion DB failure is recoverable by reconstruction without resetting local history
  ---
  duration_ms: 3523.967584
  type: 'test'
  ...
# Subtest: repository delete can retry after filesystem success and DB failure
ok 8 - repository delete can retry after filesystem success and DB failure
  ---
  duration_ms: 1579.699042
  type: 'test'
  ...
# Subtest: operation timeout persists ERROR and releases mutation lease
ok 9 - operation timeout persists ERROR and releases mutation lease
  ---
  duration_ms: 1887.40625
  type: 'test'
  ...
# Subtest: ignored files and symlink replacement protect user data; orphan worktrees are diagnosed
ok 10 - ignored files and symlink replacement protect user data; orphan worktrees are diagnosed
  ---
  duration_ms: 3146.9285
  type: 'test'
  ...
# Subtest: remote spelling changes preserve identity, storage and subscription references
ok 11 - remote spelling changes preserve identity, storage and subscription references
  ---
  duration_ms: 1782.578916
  type: 'test'
  ...
# Subtest: Git core.worktree override cannot redirect status or mutations outside managed checkout
ok 12 - Git core.worktree override cannot redirect status or mutations outside managed checkout
  ---
  duration_ms: 2445.289542
  type: 'test'
  ...
1..12
# tests 12
# suites 0
# pass 12
# fail 0
# cancelled 0
# skipped 0
# todo 0
# duration_ms 26077.077167
