[PREPARING]
true
11.19.0
[INSTALLING_DEPENDENCIES]
npm warn Unknown project config "manage-package-manager-versions". This will stop working in the next major version of npm. See `npm help npmrc` for supported config options.
npm warn Unknown project config "package-manager-strict-version". This will stop working in the next major version of npm. See `npm help npmrc` for supported config options.

> ql-phase8-script@1.0.0 postinstall
> node install.js

PHASE8_POSTINSTALL_EXECUTED

added 1 package in 248ms
npm warn install-scripts 1 package has install scripts not yet covered by allowScripts:
npm warn install-scripts   ql-phase8-script@1.0.0 (postinstall: node install.js)
npm warn install-scripts
npm warn install-scripts Run `npm install-scripts ls` to review, or `npm install-scripts approve <pkg>` to allow.
[VERIFYING_BUILD]
true
11.19.0
npm warn Expanding --prod to --production. This will stop working in the next major version of npm.
npm warn config production Use `--omit=dev` instead.
npm warn Unknown project config "manage-package-manager-versions". This will stop working in the next major version of npm. See `npm help npmrc` for supported config options.
npm warn Unknown project config "package-manager-strict-version". This will stop working in the next major version of npm. See `npm help npmrc` for supported config options.
{
  "version": "0.0.0",
  "name": "platform-environment",
  "dependencies": {
    "ql-phase8-script": {
      "version": "1.0.0",
      "resolved": "http://127.0.0.1:55795/artifacts/2795c9605f26f670795747ade17e368f3d3eae36d82c8bddf4d677e12fea4919.tgz",
      "overridden": false
    }
  }
}
